Archive member included to satisfy reference by file (symbol)

E:\chelou\CH573\EVTEVT\EVT\EXAM\SRC\StdPeriphDriver\libISP573.a(ISP573.o)
                              ./StdPeriphDriver/CH57x_pwr.o (FLASH_EEPROM_CMD)
e:/ranjian/mounriver/mounriver_studio/toolchain/risc-v embedded gcc/bin/../lib/gcc/riscv-none-embed/8.2.0/rv32imac/ilp32\libgcc.a(muldf3.o)
                              ./StdPeriphDriver/CH57x_clk.o (__muldf3)
e:/ranjian/mounriver/mounriver_studio/toolchain/risc-v embedded gcc/bin/../lib/gcc/riscv-none-embed/8.2.0/rv32imac/ilp32\libgcc.a(floatsidf.o)
                              ./StdPeriphDriver/CH57x_clk.o (__floatsidf)
e:/ranjian/mounriver/mounriver_studio/toolchain/risc-v embedded gcc/bin/../lib/gcc/riscv-none-embed/8.2.0/rv32imac/ilp32\libgcc.a(mulsf3.o)
                              ./StdPeriphDriver/CH57x_clk.o (__mulsf3)
e:/ranjian/mounriver/mounriver_studio/toolchain/risc-v embedded gcc/bin/../lib/gcc/riscv-none-embed/8.2.0/rv32imac/ilp32\libgcc.a(fixsfsi.o)
                              ./StdPeriphDriver/CH57x_clk.o (__fixsfsi)
e:/ranjian/mounriver/mounriver_studio/toolchain/risc-v embedded gcc/bin/../lib/gcc/riscv-none-embed/8.2.0/rv32imac/ilp32\libgcc.a(floatsisf.o)
                              ./StdPeriphDriver/CH57x_clk.o (__floatsisf)
e:/ranjian/mounriver/mounriver_studio/toolchain/risc-v embedded gcc/bin/../lib/gcc/riscv-none-embed/8.2.0/rv32imac/ilp32\libgcc.a(truncdfsf2.o)
                              ./StdPeriphDriver/CH57x_clk.o (__truncdfsf2)
e:/ranjian/mounriver/mounriver_studio/toolchain/risc-v embedded gcc/bin/../lib/gcc/riscv-none-embed/8.2.0/rv32imac/ilp32\libgcc.a(_clzsi2.o)
                              e:/ranjian/mounriver/mounriver_studio/toolchain/risc-v embedded gcc/bin/../lib/gcc/riscv-none-embed/8.2.0/rv32imac/ilp32\libgcc.a(muldf3.o) (__clzsi2)
e:/ranjian/mounriver/mounriver_studio/toolchain/risc-v embedded gcc/bin/../lib/gcc/riscv-none-embed/8.2.0/rv32imac/ilp32\libgcc.a(_clz.o)
                              e:/ranjian/mounriver/mounriver_studio/toolchain/risc-v embedded gcc/bin/../lib/gcc/riscv-none-embed/8.2.0/rv32imac/ilp32\libgcc.a(_clzsi2.o) (__clz_tab)
e:/ranjian/mounriver/mounriver_studio/toolchain/risc-v embedded gcc/bin/../lib/gcc/riscv-none-embed/8.2.0/../../../../riscv-none-embed/lib/rv32imac/ilp32\libg_nano.a(lib_a-memcpy.o)
                              ./src/Main.o (memcpy)
e:/ranjian/mounriver/mounriver_studio/toolchain/risc-v embedded gcc/bin/../lib/gcc/riscv-none-embed/8.2.0/../../../../riscv-none-embed/lib/rv32imac/ilp32\libg_nano.a(lib_a-memset.o)
                              ./src/Main.o (memset)

Discarded input sections

 .text          0x0000000000000000        0x0 ./src/Main.o
 .data          0x0000000000000000        0x0 ./src/Main.o
 .bss           0x0000000000000000        0x0 ./src/Main.o
 .bss.rx1_buff  0x0000000000000000       0x32 ./src/Main.o
 .sbss.rx1_pointer
                0x0000000000000000        0x1 ./src/Main.o
 .text          0x0000000000000000        0x0 ./src/openmv.o
 .data          0x0000000000000000        0x0 ./src/openmv.o
 .bss           0x0000000000000000        0x0 ./src/openmv.o
 .text          0x0000000000000000        0x0 ./StdPeriphDriver/CH57x_adc.o
 .data          0x0000000000000000        0x0 ./StdPeriphDriver/CH57x_adc.o
 .bss           0x0000000000000000        0x0 ./StdPeriphDriver/CH57x_adc.o
 .text.ADC_DataCalib_Rough
                0x0000000000000000       0x84 ./StdPeriphDriver/CH57x_adc.o
 .text.ADC_ExtSingleChSampInit
                0x0000000000000000       0x24 ./StdPeriphDriver/CH57x_adc.o
 .text.ADC_ExtDiffChSampInit
                0x0000000000000000       0x24 ./StdPeriphDriver/CH57x_adc.o
 .text.ADC_InterTSSampInit
                0x0000000000000000       0x28 ./StdPeriphDriver/CH57x_adc.o
 .text.ADC_InterBATSampInit
                0x0000000000000000       0x1e ./StdPeriphDriver/CH57x_adc.o
 .text.TouchKey_ChSampInit
                0x0000000000000000       0x1a ./StdPeriphDriver/CH57x_adc.o
 .text.ADC_ExcutSingleConver
                0x0000000000000000       0x20 ./StdPeriphDriver/CH57x_adc.o
 .text.TouchKey_ExcutSingleConver
                0x0000000000000000       0x2e ./StdPeriphDriver/CH57x_adc.o
 .text.ADC_AutoConverCycle
                0x0000000000000000        0xa ./StdPeriphDriver/CH57x_adc.o
 .text.ADC_DMACfg
                0x0000000000000000       0x42 ./StdPeriphDriver/CH57x_adc.o
 .text.adc_to_temperature_celsius
                0x0000000000000000       0x24 ./StdPeriphDriver/CH57x_adc.o
 .debug_info    0x0000000000000000      0xed2 ./StdPeriphDriver/CH57x_adc.o
 .debug_abbrev  0x0000000000000000      0x2cf ./StdPeriphDriver/CH57x_adc.o
 .debug_loc     0x0000000000000000      0x1f2 ./StdPeriphDriver/CH57x_adc.o
 .debug_aranges
                0x0000000000000000       0x70 ./StdPeriphDriver/CH57x_adc.o
 .debug_ranges  0x0000000000000000       0x60 ./StdPeriphDriver/CH57x_adc.o
 .debug_line    0x0000000000000000      0x8e1 ./StdPeriphDriver/CH57x_adc.o
 .debug_str     0x0000000000000000      0xa12 ./StdPeriphDriver/CH57x_adc.o
 .comment       0x0000000000000000       0x34 ./StdPeriphDriver/CH57x_adc.o
 .debug_frame   0x0000000000000000       0xc0 ./StdPeriphDriver/CH57x_adc.o
 .text          0x0000000000000000        0x0 ./StdPeriphDriver/CH57x_clk.o
 .data          0x0000000000000000        0x0 ./StdPeriphDriver/CH57x_clk.o
 .bss           0x0000000000000000        0x0 ./StdPeriphDriver/CH57x_clk.o
 .text.LClk32K_Select
                0x0000000000000000       0x34 ./StdPeriphDriver/CH57x_clk.o
 .text.HSECFG_Current
                0x0000000000000000       0x2a ./StdPeriphDriver/CH57x_clk.o
 .text.HSECFG_Capacitance
                0x0000000000000000       0x2e ./StdPeriphDriver/CH57x_clk.o
 .text.LSECFG_Current
                0x0000000000000000       0x2a ./StdPeriphDriver/CH57x_clk.o
 .text.LSECFG_Capacitance
                0x0000000000000000       0x2c ./StdPeriphDriver/CH57x_clk.o
 .text.Calibration_LSI_FLASH
                0x0000000000000000      0x2ac ./StdPeriphDriver/CH57x_clk.o
 .highcode      0x0000000000000000       0x4a ./StdPeriphDriver/CH57x_clk.o
 .text.Calibration_LSI_RAM
                0x0000000000000000      0x266 ./StdPeriphDriver/CH57x_clk.o
 .text.LSI_SetTune_FLASH
                0x0000000000000000       0x26 ./StdPeriphDriver/CH57x_clk.o
 .text.LSI_SetTune_RAM
                0x0000000000000000       0x26 ./StdPeriphDriver/CH57x_clk.o
 .text.RTC_InitTime
                0x0000000000000000      0x134 ./StdPeriphDriver/CH57x_clk.o
 .text.RTC_GetTime
                0x0000000000000000      0x15c ./StdPeriphDriver/CH57x_clk.o
 .text.RTC_SetCycle32k
                0x0000000000000000       0x5a ./StdPeriphDriver/CH57x_clk.o
 .text.RTC_GetCycle32k
                0x0000000000000000       0x18 ./StdPeriphDriver/CH57x_clk.o
 .text.RTC_TMRFunCfg
                0x0000000000000000       0x40 ./StdPeriphDriver/CH57x_clk.o
 .text.RTC_TRIGFunCfg
                0x0000000000000000       0x48 ./StdPeriphDriver/CH57x_clk.o
 .text.RTC_ModeFunDisable
                0x0000000000000000       0x38 ./StdPeriphDriver/CH57x_clk.o
 .text.RTC_GetITFlag
                0x0000000000000000       0x1a ./StdPeriphDriver/CH57x_clk.o
 .text.RTC_ClearITFlag
                0x0000000000000000       0x20 ./StdPeriphDriver/CH57x_clk.o
 .rodata.Calibration_LSI_FLASH.cst4
                0x0000000000000000        0x4 ./StdPeriphDriver/CH57x_clk.o
 .rodata.Calibration_LSI_FLASH.cst8
                0x0000000000000000       0x10 ./StdPeriphDriver/CH57x_clk.o
 .sbss.Int32K_Tune_FLASH
                0x0000000000000000        0x2 ./StdPeriphDriver/CH57x_clk.o
 .sbss.Int32K_Tune_RAM
                0x0000000000000000        0x2 ./StdPeriphDriver/CH57x_clk.o
 .debug_info    0x0000000000000000     0x167b ./StdPeriphDriver/CH57x_clk.o
 .debug_abbrev  0x0000000000000000      0x3bf ./StdPeriphDriver/CH57x_clk.o
 .debug_loc     0x0000000000000000      0xb65 ./StdPeriphDriver/CH57x_clk.o
 .debug_aranges
                0x0000000000000000       0xb0 ./StdPeriphDriver/CH57x_clk.o
 .debug_ranges  0x0000000000000000      0x198 ./StdPeriphDriver/CH57x_clk.o
 .debug_line    0x0000000000000000     0x1d86 ./StdPeriphDriver/CH57x_clk.o
 .debug_str     0x0000000000000000      0xc12 ./StdPeriphDriver/CH57x_clk.o
 .comment       0x0000000000000000       0x34 ./StdPeriphDriver/CH57x_clk.o
 .debug_frame   0x0000000000000000      0x204 ./StdPeriphDriver/CH57x_clk.o
 .text          0x0000000000000000        0x0 ./StdPeriphDriver/CH57x_flash.o
 .data          0x0000000000000000        0x0 ./StdPeriphDriver/CH57x_flash.o
 .bss           0x0000000000000000        0x0 ./StdPeriphDriver/CH57x_flash.o
 .text.FLASH_ROM_READ
                0x0000000000000000       0x1c ./StdPeriphDriver/CH57x_flash.o
 .debug_info    0x0000000000000000      0xc2a ./StdPeriphDriver/CH57x_flash.o
 .debug_abbrev  0x0000000000000000      0x21a ./StdPeriphDriver/CH57x_flash.o
 .debug_loc     0x0000000000000000       0xff ./StdPeriphDriver/CH57x_flash.o
 .debug_aranges
                0x0000000000000000       0x20 ./StdPeriphDriver/CH57x_flash.o
 .debug_ranges  0x0000000000000000       0x10 ./StdPeriphDriver/CH57x_flash.o
 .debug_line    0x0000000000000000      0x2d0 ./StdPeriphDriver/CH57x_flash.o
 .debug_str     0x0000000000000000      0x7ba ./StdPeriphDriver/CH57x_flash.o
 .comment       0x0000000000000000       0x34 ./StdPeriphDriver/CH57x_flash.o
 .debug_frame   0x0000000000000000       0x20 ./StdPeriphDriver/CH57x_flash.o
 .text          0x0000000000000000        0x0 ./StdPeriphDriver/CH57x_gpio.o
 .data          0x0000000000000000        0x0 ./StdPeriphDriver/CH57x_gpio.o
 .bss           0x0000000000000000        0x0 ./StdPeriphDriver/CH57x_gpio.o
 .text.GPIOA_ITModeCfg
                0x0000000000000000       0x82 ./StdPeriphDriver/CH57x_gpio.o
 .text.GPIOB_ITModeCfg
                0x0000000000000000       0x8a ./StdPeriphDriver/CH57x_gpio.o
 .text.GPIOPinRemap
                0x0000000000000000       0x1a ./StdPeriphDriver/CH57x_gpio.o
 .text.GPIOAGPPCfg
                0x0000000000000000       0x1a ./StdPeriphDriver/CH57x_gpio.o
 .text          0x0000000000000000        0x0 ./StdPeriphDriver/CH57x_pwr.o
 .data          0x0000000000000000        0x0 ./StdPeriphDriver/CH57x_pwr.o
 .bss           0x0000000000000000        0x0 ./StdPeriphDriver/CH57x_pwr.o
 .text.PWR_DCDCCfg
                0x0000000000000000       0x7c ./StdPeriphDriver/CH57x_pwr.o
 .text.PWR_UnitModCfg
                0x0000000000000000       0x5c ./StdPeriphDriver/CH57x_pwr.o
 .text.PWR_PeriphClkCfg
                0x0000000000000000       0x2e ./StdPeriphDriver/CH57x_pwr.o
 .text.PWR_PeriphWakeUpCfg
                0x0000000000000000       0x78 ./StdPeriphDriver/CH57x_pwr.o
 .text.PowerMonitor
                0x0000000000000000       0x94 ./StdPeriphDriver/CH57x_pwr.o
 .highcode      0x0000000000000000      0x2dc ./StdPeriphDriver/CH57x_pwr.o
 .sdata2.CSWTCH.10
                0x0000000000000000        0x4 ./StdPeriphDriver/CH57x_pwr.o
 .debug_info    0x0000000000000000     0x1532 ./StdPeriphDriver/CH57x_pwr.o
 .debug_abbrev  0x0000000000000000      0x369 ./StdPeriphDriver/CH57x_pwr.o
 .debug_loc     0x0000000000000000      0x2f7 ./StdPeriphDriver/CH57x_pwr.o
 .debug_aranges
                0x0000000000000000       0x60 ./StdPeriphDriver/CH57x_pwr.o
 .debug_ranges  0x0000000000000000       0xa8 ./StdPeriphDriver/CH57x_pwr.o
 .debug_line    0x0000000000000000     0x1196 ./StdPeriphDriver/CH57x_pwr.o
 .debug_str     0x0000000000000000      0xbca ./StdPeriphDriver/CH57x_pwr.o
 .comment       0x0000000000000000       0x34 ./StdPeriphDriver/CH57x_pwr.o
 .debug_frame   0x0000000000000000      0x110 ./StdPeriphDriver/CH57x_pwr.o
 .text          0x0000000000000000        0x0 ./StdPeriphDriver/CH57x_sys.o
 .data          0x0000000000000000        0x0 ./StdPeriphDriver/CH57x_sys.o
 .bss           0x0000000000000000        0x0 ./StdPeriphDriver/CH57x_sys.o
 .text.SYS_GetInfoSta
                0x0000000000000000       0x24 ./StdPeriphDriver/CH57x_sys.o
 .text.SYS_DisableAllIrq
                0x0000000000000000       0x1c ./StdPeriphDriver/CH57x_sys.o
 .text.SYS_RecoverIrq
                0x0000000000000000       0x14 ./StdPeriphDriver/CH57x_sys.o
 .text.SYS_GetSysTickCnt
                0x0000000000000000        0xa ./StdPeriphDriver/CH57x_sys.o
 .text.WWDG_ITCfg
                0x0000000000000000       0x34 ./StdPeriphDriver/CH57x_sys.o
 .text.WWDG_ResetCfg
                0x0000000000000000       0x34 ./StdPeriphDriver/CH57x_sys.o
 .text.WWDG_ClearFlag
                0x0000000000000000       0x26 ./StdPeriphDriver/CH57x_sys.o
 .text._write   0x0000000000000000       0x28 ./StdPeriphDriver/CH57x_sys.o
 .text          0x0000000000000000        0x0 ./StdPeriphDriver/CH57x_uart0.o
 .data          0x0000000000000000        0x0 ./StdPeriphDriver/CH57x_uart0.o
 .bss           0x0000000000000000        0x0 ./StdPeriphDriver/CH57x_uart0.o
 .text.UART0_Reset
                0x0000000000000000        0xe ./StdPeriphDriver/CH57x_uart0.o
 .text.UART0_RecvString
                0x0000000000000000       0x2a ./StdPeriphDriver/CH57x_uart0.o
 .text          0x0000000000000000        0x0 ./StdPeriphDriver/CH57x_uart1.o
 .data          0x0000000000000000        0x0 ./StdPeriphDriver/CH57x_uart1.o
 .bss           0x0000000000000000        0x0 ./StdPeriphDriver/CH57x_uart1.o
 .text.UART1_Reset
                0x0000000000000000        0xe ./StdPeriphDriver/CH57x_uart1.o
 .text.UART1_RecvString
                0x0000000000000000       0x2a ./StdPeriphDriver/CH57x_uart1.o
 .text          0x0000000000000000        0x0 ./Startup/startup_CH573.o
 .data          0x0000000000000000        0x0 ./Startup/startup_CH573.o
 .bss           0x0000000000000000        0x0 ./Startup/startup_CH573.o
 .text          0x0000000000000000        0x0 ./RVMSIS/core_riscv.o
 .data          0x0000000000000000        0x0 ./RVMSIS/core_riscv.o
 .bss           0x0000000000000000        0x0 ./RVMSIS/core_riscv.o
 .text.__get_MSTATUS
                0x0000000000000000        0x6 ./RVMSIS/core_riscv.o
 .text.__set_MSTATUS
                0x0000000000000000        0x6 ./RVMSIS/core_riscv.o
 .text.__get_MISA
                0x0000000000000000        0x6 ./RVMSIS/core_riscv.o
 .text.__set_MISA
                0x0000000000000000        0x6 ./RVMSIS/core_riscv.o
 .text.__get_MTVEC
                0x0000000000000000        0x6 ./RVMSIS/core_riscv.o
 .text.__set_MTVEC
                0x0000000000000000        0x6 ./RVMSIS/core_riscv.o
 .text.__get_MSCRATCH
                0x0000000000000000        0x6 ./RVMSIS/core_riscv.o
 .text.__set_MSCRATCH
                0x0000000000000000        0x6 ./RVMSIS/core_riscv.o
 .text.__get_MEPC
                0x0000000000000000        0x6 ./RVMSIS/core_riscv.o
 .text.__set_MEPC
                0x0000000000000000        0x6 ./RVMSIS/core_riscv.o
 .text.__get_MCAUSE
                0x0000000000000000        0x6 ./RVMSIS/core_riscv.o
 .text.__set_MCAUSE
                0x0000000000000000        0x6 ./RVMSIS/core_riscv.o
 .text.__get_MTVAL
                0x0000000000000000        0x6 ./RVMSIS/core_riscv.o
 .text.__set_MTVAL
                0x0000000000000000        0x6 ./RVMSIS/core_riscv.o
 .text.__get_MVENDORID
                0x0000000000000000        0x6 ./RVMSIS/core_riscv.o
 .text.__get_MARCHID
                0x0000000000000000        0x6 ./RVMSIS/core_riscv.o
 .text.__get_MIMPID
                0x0000000000000000        0x6 ./RVMSIS/core_riscv.o
 .text.__get_MHARTID
                0x0000000000000000        0x6 ./RVMSIS/core_riscv.o
 .text.__get_SP
                0x0000000000000000        0x4 ./RVMSIS/core_riscv.o
 .debug_info    0x0000000000000000      0x375 ./RVMSIS/core_riscv.o
 .debug_abbrev  0x0000000000000000       0xe0 ./RVMSIS/core_riscv.o
 .debug_aranges
                0x0000000000000000       0xb0 ./RVMSIS/core_riscv.o
 .debug_ranges  0x0000000000000000       0xa0 ./RVMSIS/core_riscv.o
 .debug_line    0x0000000000000000      0x479 ./RVMSIS/core_riscv.o
 .debug_str     0x0000000000000000      0x2c5 ./RVMSIS/core_riscv.o
 .comment       0x0000000000000000       0x34 ./RVMSIS/core_riscv.o
 .debug_frame   0x0000000000000000      0x140 ./RVMSIS/core_riscv.o
 .text          0x0000000000000000        0x0 E:\chelou\CH573\EVTEVT\EVT\EXAM\SRC\StdPeriphDriver\libISP573.a(ISP573.o)
 .data          0x0000000000000000        0x0 E:\chelou\CH573\EVTEVT\EVT\EXAM\SRC\StdPeriphDriver\libISP573.a(ISP573.o)
 .bss           0x0000000000000000        0x0 E:\chelou\CH573\EVTEVT\EVT\EXAM\SRC\StdPeriphDriver\libISP573.a(ISP573.o)
 .text          0x0000000000000000        0x0 e:/ranjian/mounriver/mounriver_studio/toolchain/risc-v embedded gcc/bin/../lib/gcc/riscv-none-embed/8.2.0/rv32imac/ilp32\libgcc.a(muldf3.o)
 .data          0x0000000000000000        0x0 e:/ranjian/mounriver/mounriver_studio/toolchain/risc-v embedded gcc/bin/../lib/gcc/riscv-none-embed/8.2.0/rv32imac/ilp32\libgcc.a(muldf3.o)
 .bss           0x0000000000000000        0x0 e:/ranjian/mounriver/mounriver_studio/toolchain/risc-v embedded gcc/bin/../lib/gcc/riscv-none-embed/8.2.0/rv32imac/ilp32\libgcc.a(muldf3.o)
 .text.__muldf3
                0x0000000000000000      0x4c8 e:/ranjian/mounriver/mounriver_studio/toolchain/risc-v embedded gcc/bin/../lib/gcc/riscv-none-embed/8.2.0/rv32imac/ilp32\libgcc.a(muldf3.o)
 .rodata.__muldf3
                0x0000000000000000       0x40 e:/ranjian/mounriver/mounriver_studio/toolchain/risc-v embedded gcc/bin/../lib/gcc/riscv-none-embed/8.2.0/rv32imac/ilp32\libgcc.a(muldf3.o)
 .debug_frame   0x0000000000000000       0x54 e:/ranjian/mounriver/mounriver_studio/toolchain/risc-v embedded gcc/bin/../lib/gcc/riscv-none-embed/8.2.0/rv32imac/ilp32\libgcc.a(muldf3.o)
 .text          0x0000000000000000        0x0 e:/ranjian/mounriver/mounriver_studio/toolchain/risc-v embedded gcc/bin/../lib/gcc/riscv-none-embed/8.2.0/rv32imac/ilp32\libgcc.a(floatsidf.o)
 .data          0x0000000000000000        0x0 e:/ranjian/mounriver/mounriver_studio/toolchain/risc-v embedded gcc/bin/../lib/gcc/riscv-none-embed/8.2.0/rv32imac/ilp32\libgcc.a(floatsidf.o)
 .bss           0x0000000000000000        0x0 e:/ranjian/mounriver/mounriver_studio/toolchain/risc-v embedded gcc/bin/../lib/gcc/riscv-none-embed/8.2.0/rv32imac/ilp32\libgcc.a(floatsidf.o)
 .text.__floatsidf
                0x0000000000000000       0x76 e:/ranjian/mounriver/mounriver_studio/toolchain/risc-v embedded gcc/bin/../lib/gcc/riscv-none-embed/8.2.0/rv32imac/ilp32\libgcc.a(floatsidf.o)
 .debug_frame   0x0000000000000000       0x38 e:/ranjian/mounriver/mounriver_studio/toolchain/risc-v embedded gcc/bin/../lib/gcc/riscv-none-embed/8.2.0/rv32imac/ilp32\libgcc.a(floatsidf.o)
 .text          0x0000000000000000        0x0 e:/ranjian/mounriver/mounriver_studio/toolchain/risc-v embedded gcc/bin/../lib/gcc/riscv-none-embed/8.2.0/rv32imac/ilp32\libgcc.a(mulsf3.o)
 .data          0x0000000000000000        0x0 e:/ranjian/mounriver/mounriver_studio/toolchain/risc-v embedded gcc/bin/../lib/gcc/riscv-none-embed/8.2.0/rv32imac/ilp32\libgcc.a(mulsf3.o)
 .bss           0x0000000000000000        0x0 e:/ranjian/mounriver/mounriver_studio/toolchain/risc-v embedded gcc/bin/../lib/gcc/riscv-none-embed/8.2.0/rv32imac/ilp32\libgcc.a(mulsf3.o)
 .text.__mulsf3
                0x0000000000000000      0x29c e:/ranjian/mounriver/mounriver_studio/toolchain/risc-v embedded gcc/bin/../lib/gcc/riscv-none-embed/8.2.0/rv32imac/ilp32\libgcc.a(mulsf3.o)
 .rodata.__mulsf3
                0x0000000000000000       0x40 e:/ranjian/mounriver/mounriver_studio/toolchain/risc-v embedded gcc/bin/../lib/gcc/riscv-none-embed/8.2.0/rv32imac/ilp32\libgcc.a(mulsf3.o)
 .debug_frame   0x0000000000000000       0x50 e:/ranjian/mounriver/mounriver_studio/toolchain/risc-v embedded gcc/bin/../lib/gcc/riscv-none-embed/8.2.0/rv32imac/ilp32\libgcc.a(mulsf3.o)
 .text          0x0000000000000000        0x0 e:/ranjian/mounriver/mounriver_studio/toolchain/risc-v embedded gcc/bin/../lib/gcc/riscv-none-embed/8.2.0/rv32imac/ilp32\libgcc.a(fixsfsi.o)
 .data          0x0000000000000000        0x0 e:/ranjian/mounriver/mounriver_studio/toolchain/risc-v embedded gcc/bin/../lib/gcc/riscv-none-embed/8.2.0/rv32imac/ilp32\libgcc.a(fixsfsi.o)
 .bss           0x0000000000000000        0x0 e:/ranjian/mounriver/mounriver_studio/toolchain/risc-v embedded gcc/bin/../lib/gcc/riscv-none-embed/8.2.0/rv32imac/ilp32\libgcc.a(fixsfsi.o)
 .text.__fixsfsi
                0x0000000000000000       0x62 e:/ranjian/mounriver/mounriver_studio/toolchain/risc-v embedded gcc/bin/../lib/gcc/riscv-none-embed/8.2.0/rv32imac/ilp32\libgcc.a(fixsfsi.o)
 .debug_frame   0x0000000000000000       0x20 e:/ranjian/mounriver/mounriver_studio/toolchain/risc-v embedded gcc/bin/../lib/gcc/riscv-none-embed/8.2.0/rv32imac/ilp32\libgcc.a(fixsfsi.o)
 .text          0x0000000000000000        0x0 e:/ranjian/mounriver/mounriver_studio/toolchain/risc-v embedded gcc/bin/../lib/gcc/riscv-none-embed/8.2.0/rv32imac/ilp32\libgcc.a(floatsisf.o)
 .data          0x0000000000000000        0x0 e:/ranjian/mounriver/mounriver_studio/toolchain/risc-v embedded gcc/bin/../lib/gcc/riscv-none-embed/8.2.0/rv32imac/ilp32\libgcc.a(floatsisf.o)
 .bss           0x0000000000000000        0x0 e:/ranjian/mounriver/mounriver_studio/toolchain/risc-v embedded gcc/bin/../lib/gcc/riscv-none-embed/8.2.0/rv32imac/ilp32\libgcc.a(floatsisf.o)
 .text.__floatsisf
                0x0000000000000000       0xcc e:/ranjian/mounriver/mounriver_studio/toolchain/risc-v embedded gcc/bin/../lib/gcc/riscv-none-embed/8.2.0/rv32imac/ilp32\libgcc.a(floatsisf.o)
 .debug_frame   0x0000000000000000       0x38 e:/ranjian/mounriver/mounriver_studio/toolchain/risc-v embedded gcc/bin/../lib/gcc/riscv-none-embed/8.2.0/rv32imac/ilp32\libgcc.a(floatsisf.o)
 .text          0x0000000000000000        0x0 e:/ranjian/mounriver/mounriver_studio/toolchain/risc-v embedded gcc/bin/../lib/gcc/riscv-none-embed/8.2.0/rv32imac/ilp32\libgcc.a(truncdfsf2.o)
 .data          0x0000000000000000        0x0 e:/ranjian/mounriver/mounriver_studio/toolchain/risc-v embedded gcc/bin/../lib/gcc/riscv-none-embed/8.2.0/rv32imac/ilp32\libgcc.a(truncdfsf2.o)
 .bss           0x0000000000000000        0x0 e:/ranjian/mounriver/mounriver_studio/toolchain/risc-v embedded gcc/bin/../lib/gcc/riscv-none-embed/8.2.0/rv32imac/ilp32\libgcc.a(truncdfsf2.o)
 .text.__truncdfsf2
                0x0000000000000000      0x16a e:/ranjian/mounriver/mounriver_studio/toolchain/risc-v embedded gcc/bin/../lib/gcc/riscv-none-embed/8.2.0/rv32imac/ilp32\libgcc.a(truncdfsf2.o)
 .debug_frame   0x0000000000000000       0x20 e:/ranjian/mounriver/mounriver_studio/toolchain/risc-v embedded gcc/bin/../lib/gcc/riscv-none-embed/8.2.0/rv32imac/ilp32\libgcc.a(truncdfsf2.o)
 .text          0x0000000000000000        0x0 e:/ranjian/mounriver/mounriver_studio/toolchain/risc-v embedded gcc/bin/../lib/gcc/riscv-none-embed/8.2.0/rv32imac/ilp32\libgcc.a(_clzsi2.o)
 .data          0x0000000000000000        0x0 e:/ranjian/mounriver/mounriver_studio/toolchain/risc-v embedded gcc/bin/../lib/gcc/riscv-none-embed/8.2.0/rv32imac/ilp32\libgcc.a(_clzsi2.o)
 .bss           0x0000000000000000        0x0 e:/ranjian/mounriver/mounriver_studio/toolchain/risc-v embedded gcc/bin/../lib/gcc/riscv-none-embed/8.2.0/rv32imac/ilp32\libgcc.a(_clzsi2.o)
 .text.__clzsi2
                0x0000000000000000       0x76 e:/ranjian/mounriver/mounriver_studio/toolchain/risc-v embedded gcc/bin/../lib/gcc/riscv-none-embed/8.2.0/rv32imac/ilp32\libgcc.a(_clzsi2.o)
 .debug_frame   0x0000000000000000       0x20 e:/ranjian/mounriver/mounriver_studio/toolchain/risc-v embedded gcc/bin/../lib/gcc/riscv-none-embed/8.2.0/rv32imac/ilp32\libgcc.a(_clzsi2.o)
 .text          0x0000000000000000        0x0 e:/ranjian/mounriver/mounriver_studio/toolchain/risc-v embedded gcc/bin/../lib/gcc/riscv-none-embed/8.2.0/rv32imac/ilp32\libgcc.a(_clz.o)
 .data          0x0000000000000000        0x0 e:/ranjian/mounriver/mounriver_studio/toolchain/risc-v embedded gcc/bin/../lib/gcc/riscv-none-embed/8.2.0/rv32imac/ilp32\libgcc.a(_clz.o)
 .bss           0x0000000000000000        0x0 e:/ranjian/mounriver/mounriver_studio/toolchain/risc-v embedded gcc/bin/../lib/gcc/riscv-none-embed/8.2.0/rv32imac/ilp32\libgcc.a(_clz.o)
 .rodata.__clz_tab
                0x0000000000000000      0x100 e:/ranjian/mounriver/mounriver_studio/toolchain/risc-v embedded gcc/bin/../lib/gcc/riscv-none-embed/8.2.0/rv32imac/ilp32\libgcc.a(_clz.o)
 .text          0x0000000000000000        0x0 e:/ranjian/mounriver/mounriver_studio/toolchain/risc-v embedded gcc/bin/../lib/gcc/riscv-none-embed/8.2.0/../../../../riscv-none-embed/lib/rv32imac/ilp32\libg_nano.a(lib_a-memcpy.o)
 .data          0x0000000000000000        0x0 e:/ranjian/mounriver/mounriver_studio/toolchain/risc-v embedded gcc/bin/../lib/gcc/riscv-none-embed/8.2.0/../../../../riscv-none-embed/lib/rv32imac/ilp32\libg_nano.a(lib_a-memcpy.o)
 .bss           0x0000000000000000        0x0 e:/ranjian/mounriver/mounriver_studio/toolchain/risc-v embedded gcc/bin/../lib/gcc/riscv-none-embed/8.2.0/../../../../riscv-none-embed/lib/rv32imac/ilp32\libg_nano.a(lib_a-memcpy.o)
 .data          0x0000000000000000        0x0 e:/ranjian/mounriver/mounriver_studio/toolchain/risc-v embedded gcc/bin/../lib/gcc/riscv-none-embed/8.2.0/../../../../riscv-none-embed/lib/rv32imac/ilp32\libg_nano.a(lib_a-memset.o)
 .bss           0x0000000000000000        0x0 e:/ranjian/mounriver/mounriver_studio/toolchain/risc-v embedded gcc/bin/../lib/gcc/riscv-none-embed/8.2.0/../../../../riscv-none-embed/lib/rv32imac/ilp32\libg_nano.a(lib_a-memset.o)

Memory Configuration

Name             Origin             Length             Attributes
FLASH            0x0000000000000000 0x0000000000070000 xr
RAM              0x0000000020003800 0x0000000000004800 xrw
*default*        0x0000000000000000 0xffffffffffffffff

Linker script and memory map

LOAD ./src/Main.o
LOAD ./src/openmv.o
LOAD ./StdPeriphDriver/CH57x_adc.o
LOAD ./StdPeriphDriver/CH57x_clk.o
LOAD ./StdPeriphDriver/CH57x_flash.o
LOAD ./StdPeriphDriver/CH57x_gpio.o
LOAD ./StdPeriphDriver/CH57x_pwr.o
LOAD ./StdPeriphDriver/CH57x_sys.o
LOAD ./StdPeriphDriver/CH57x_uart0.o
LOAD ./StdPeriphDriver/CH57x_uart1.o
LOAD ./Startup/startup_CH573.o
LOAD ./RVMSIS/core_riscv.o
LOAD E:\chelou\CH573\EVTEVT\EVT\EXAM\SRC\StdPeriphDriver\libISP573.a
LOAD e:/ranjian/mounriver/mounriver_studio/toolchain/risc-v embedded gcc/bin/../lib/gcc/riscv-none-embed/8.2.0/rv32imac/ilp32\libgcc.a
LOAD e:/ranjian/mounriver/mounriver_studio/toolchain/risc-v embedded gcc/bin/../lib/gcc/riscv-none-embed/8.2.0/../../../../riscv-none-embed/lib/rv32imac/ilp32\libg_nano.a
LOAD e:/ranjian/mounriver/mounriver_studio/toolchain/risc-v embedded gcc/bin/../lib/gcc/riscv-none-embed/8.2.0/../../../../riscv-none-embed/lib/rv32imac/ilp32\libc_nano.a
LOAD e:/ranjian/mounriver/mounriver_studio/toolchain/risc-v embedded gcc/bin/../lib/gcc/riscv-none-embed/8.2.0/rv32imac/ilp32\libgcc.a
START GROUP
LOAD e:/ranjian/mounriver/mounriver_studio/toolchain/risc-v embedded gcc/bin/../lib/gcc/riscv-none-embed/8.2.0/rv32imac/ilp32\libgcc.a
LOAD e:/ranjian/mounriver/mounriver_studio/toolchain/risc-v embedded gcc/bin/../lib/gcc/riscv-none-embed/8.2.0/../../../../riscv-none-embed/lib/rv32imac/ilp32\libc_nano.a
LOAD e:/ranjian/mounriver/mounriver_studio/toolchain/risc-v embedded gcc/bin/../lib/gcc/riscv-none-embed/8.2.0/../../../../riscv-none-embed/lib/rv32imac/ilp32\libnosys.a
END GROUP
START GROUP
LOAD e:/ranjian/mounriver/mounriver_studio/toolchain/risc-v embedded gcc/bin/../lib/gcc/riscv-none-embed/8.2.0/rv32imac/ilp32\libgcc.a
LOAD e:/ranjian/mounriver/mounriver_studio/toolchain/risc-v embedded gcc/bin/../lib/gcc/riscv-none-embed/8.2.0/../../../../riscv-none-embed/lib/rv32imac/ilp32\libc_nano.a
LOAD e:/ranjian/mounriver/mounriver_studio/toolchain/risc-v embedded gcc/bin/../lib/gcc/riscv-none-embed/8.2.0/../../../../riscv-none-embed/lib/rv32imac/ilp32\libnosys.a
END GROUP

.init           0x0000000000000000        0x4
                0x0000000000000000                _sinit = .
                0x0000000000000000                . = ALIGN (0x4)
 *(SORT_NONE(.init))
 .init          0x0000000000000000        0x4 ./Startup/startup_CH573.o
                0x0000000000000000                _start
                0x0000000000000004                . = ALIGN (0x4)
                0x0000000000000004                _einit = .

.highcodelalign
                0x0000000000000004        0x0
                0x0000000000000004                . = ALIGN (0x4)
                0x0000000000000004                PROVIDE (_highcode_lma = .)

.highcode       0x0000000020003800      0x7dc load address 0x0000000000000004
                0x0000000020003800                . = ALIGN (0x4)
                0x0000000020003800                PROVIDE (_highcode_vma_start = .)
 *(.vector)
 .vector        0x0000000020003800       0x90 ./Startup/startup_CH573.o
 *(SORT_NONE(.vector_handler))
 .vector_handler
                0x0000000020003890       0x2c ./Startup/startup_CH573.o
                0x0000000020003890                NMI_Handler
                0x0000000020003894                SysTick_Handler
                0x0000000020003896                SW_Handler
                0x0000000020003898                TMR0_IRQHandler
                0x000000002000389a                GPIOA_IRQHandler
                0x000000002000389c                GPIOB_IRQHandler
                0x000000002000389e                SPI0_IRQHandler
                0x00000000200038a0                BB_IRQHandler
                0x00000000200038a2                LLE_IRQHandler
                0x00000000200038a4                USB_IRQHandler
                0x00000000200038a6                TMR1_IRQHandler
                0x00000000200038a8                TMR2_IRQHandler
                0x00000000200038ae                RTC_IRQHandler
                0x00000000200038b0                ADC_IRQHandler
                0x00000000200038b2                PWMX_IRQHandler
                0x00000000200038b4                TMR3_IRQHandler
                0x00000000200038b6                UART2_IRQHandler
                0x00000000200038b8                UART3_IRQHandler
                0x00000000200038ba                WDOG_BAT_IRQHandler
 *(.highcode)
 .highcode      0x00000000200038bc      0x188 ./src/Main.o
                0x00000000200038bc                UART0_IRQHandler
                0x0000000020003a2c                UART1_IRQHandler
 .highcode      0x0000000020003a44      0x1a8 ./StdPeriphDriver/CH57x_sys.o
                0x0000000020003a44                SetSysClock
                0x0000000020003b40                SYS_ResetExecute
                0x0000000020003b78                HardFault_Handler
                0x0000000020003bb6                mDelayuS
                0x0000000020003bc4                mDelaymS
 .highcode      0x0000000020003bec      0x3ee E:\chelou\CH573\EVTEVT\EVT\EXAM\SRC\StdPeriphDriver\libISP573.a(ISP573.o)
                0x0000000020003bec                FLASH_ROM_BEG
                0x0000000020003bfe                FLASH_ROM_END
                0x0000000020003c0c                FLASH_ROM_IN
                0x0000000020003c1a                FLASH_ROM_OUT
                0x0000000020003c28                FLASH_ROM_ADDR
                0x0000000020003c70                FLASH_ROM_WAIT
                0x0000000020003ca8                FLASH_EEPROM_CMD
 *(.highcode.*)
                0x0000000020003fdc                . = ALIGN (0x4)
 *fill*         0x0000000020003fda        0x2 
                0x0000000020003fdc                PROVIDE (_highcode_vma_end = .)

.text           0x00000000000007e0      0x758
                0x00000000000007e0                . = ALIGN (0x4)
 *(SORT_NONE(.handle_reset))
 .handle_reset  0x00000000000007e0       0xa6 ./Startup/startup_CH573.o
                0x00000000000007e0                handle_reset
 *(.text)
 .text          0x0000000000000886       0xa8 e:/ranjian/mounriver/mounriver_studio/toolchain/risc-v embedded gcc/bin/../lib/gcc/riscv-none-embed/8.2.0/../../../../riscv-none-embed/lib/rv32imac/ilp32\libg_nano.a(lib_a-memset.o)
                0x0000000000000886                memset
 *(.text.*)
 .text.startup.main
                0x000000000000092e       0x7a ./src/Main.o
                0x000000000000092e                main
 .text.OpmvDataGet
                0x00000000000009a8      0x188 ./src/openmv.o
                0x00000000000009a8                OpmvDataGet
 .text.GPIOA_ModeCfg
                0x0000000000000b30       0xa6 ./StdPeriphDriver/CH57x_gpio.o
                0x0000000000000b30                GPIOA_ModeCfg
 .text.GPIOB_ModeCfg
                0x0000000000000bd6       0xa6 ./StdPeriphDriver/CH57x_gpio.o
                0x0000000000000bd6                GPIOB_ModeCfg
 .text.GetSysClock
                0x0000000000000c7c       0x42 ./StdPeriphDriver/CH57x_sys.o
                0x0000000000000c7c                GetSysClock
 .text.UART0_BaudRateCfg
                0x0000000000000cbe       0x30 ./StdPeriphDriver/CH57x_uart0.o
                0x0000000000000cbe                UART0_BaudRateCfg
 .text.UART0_DefInit
                0x0000000000000cee       0x32 ./StdPeriphDriver/CH57x_uart0.o
                0x0000000000000cee                UART0_DefInit
 .text.UART0_ByteTrigCfg
                0x0000000000000d20       0x1a ./StdPeriphDriver/CH57x_uart0.o
                0x0000000000000d20                UART0_ByteTrigCfg
 .text.UART0_INTCfg
                0x0000000000000d3a       0x2a ./StdPeriphDriver/CH57x_uart0.o
                0x0000000000000d3a                UART0_INTCfg
 .text.UART0_SendString
                0x0000000000000d64       0x28 ./StdPeriphDriver/CH57x_uart0.o
                0x0000000000000d64                UART0_SendString
 .text.UART1_BaudRateCfg
                0x0000000000000d8c       0x30 ./StdPeriphDriver/CH57x_uart1.o
                0x0000000000000d8c                UART1_BaudRateCfg
 .text.UART1_DefInit
                0x0000000000000dbc       0x32 ./StdPeriphDriver/CH57x_uart1.o
                0x0000000000000dbc                UART1_DefInit
 .text.UART1_ByteTrigCfg
                0x0000000000000dee       0x1a ./StdPeriphDriver/CH57x_uart1.o
                0x0000000000000dee                UART1_ByteTrigCfg
 .text.UART1_INTCfg
                0x0000000000000e08       0x2a ./StdPeriphDriver/CH57x_uart1.o
                0x0000000000000e08                UART1_INTCfg
 .text.UART1_SendString
                0x0000000000000e32       0x28 ./StdPeriphDriver/CH57x_uart1.o
                0x0000000000000e32                UART1_SendString
 .text.memcpy   0x0000000000000e5a       0xb6 e:/ranjian/mounriver/mounriver_studio/toolchain/risc-v embedded gcc/bin/../lib/gcc/riscv-none-embed/8.2.0/../../../../riscv-none-embed/lib/rv32imac/ilp32\libg_nano.a(lib_a-memcpy.o)
                0x0000000000000e5a                memcpy
 *(.rodata)
 *(.rodata*)
 .rodata.GPIOA_ModeCfg
                0x0000000000000f10       0x14 ./StdPeriphDriver/CH57x_gpio.o
 .rodata.GPIOB_ModeCfg
                0x0000000000000f24       0x14 ./StdPeriphDriver/CH57x_gpio.o
 *(.sdata2.*)
 *(.glue_7)
 *(.glue_7t)
 *(.gnu.linkonce.t.*)
                0x0000000000000f38                . = ALIGN (0x4)

.rela.dyn       0x0000000000000f38        0x0
 .rela.init     0x0000000000000f38        0x0 ./src/Main.o
 .rela.vector   0x0000000000000f38        0x0 ./src/Main.o
 .rela.handle_reset
                0x0000000000000f38        0x0 ./src/Main.o

.fini           0x0000000000000f38        0x0
 *(SORT_NONE(.fini))
                0x0000000000000f38                . = ALIGN (0x4)
                [!provide]                        PROVIDE (_etext = .)
                [!provide]                        PROVIDE (_eitcm = .)

.preinit_array  0x0000000000000f38        0x0
                [!provide]                        PROVIDE (__preinit_array_start = .)
 *(.preinit_array)
                [!provide]                        PROVIDE (__preinit_array_end = .)

.init_array     0x0000000000000f38        0x0
                [!provide]                        PROVIDE (__init_array_start = .)
 *(SORT_BY_INIT_PRIORITY(.init_array.*) SORT_BY_INIT_PRIORITY(.ctors.*))
 *(.init_array EXCLUDE_FILE(*crtend?.o *crtend.o *crtbegin?.o *crtbegin.o) .ctors)
                [!provide]                        PROVIDE (__init_array_end = .)

.fini_array     0x0000000000000f38        0x0
                [!provide]                        PROVIDE (__fini_array_start = .)
 *(SORT_BY_INIT_PRIORITY(.fini_array.*) SORT_BY_INIT_PRIORITY(.dtors.*))
 *(.fini_array EXCLUDE_FILE(*crtend?.o *crtend.o *crtbegin?.o *crtbegin.o) .dtors)
                [!provide]                        PROVIDE (__fini_array_end = .)

.ctors
 *crtbegin.o(.ctors)
 *crtbegin?.o(.ctors)
 *(EXCLUDE_FILE(*crtend?.o *crtend.o) .ctors)
 *(SORT_BY_NAME(.ctors.*))
 *(.ctors)

.dtors
 *crtbegin.o(.dtors)
 *crtbegin?.o(.dtors)
 *(EXCLUDE_FILE(*crtend?.o *crtend.o) .dtors)
 *(SORT_BY_NAME(.dtors.*))
 *(.dtors)

.dalign         0x0000000020003fdc       0x24 load address 0x0000000000000f38
                0x0000000020004000                . = (ORIGIN (RAM) + MAX (0x800, SIZEOF (.highcode)))
 *fill*         0x0000000020003fdc       0x24 

.dlalign        0x0000000000000f38        0x0
                0x0000000000000f38                . = ALIGN (0x4)
                0x0000000000000f38                PROVIDE (_data_lma = .)

.data           0x0000000020004000       0x18 load address 0x0000000000000f38
                0x0000000020004000                . = ALIGN (0x4)
                0x0000000020004000                PROVIDE (_data_vma = .)
 *(.gnu.linkonce.r.*)
 *(.data .data.*)
 .data.plate_false
                0x0000000020004000       0x16 ./src/Main.o
                0x0000000020004000                plate_false
 *(.gnu.linkonce.d.*)
                0x0000000020004018                . = ALIGN (0x8)
 *fill*         0x0000000020004016        0x2 
                0x0000000020004818                PROVIDE (__global_pointer$ = (. + 0x800))
 *(.sdata .sdata.*)
 *(.gnu.linkonce.s.*)
                0x0000000020004018                . = ALIGN (0x8)
 *(.srodata.cst16)
 *(.srodata.cst8)
 *(.srodata.cst4)
 *(.srodata.cst2)
 *(.srodata .srodata.*)
                0x0000000020004018                . = ALIGN (0x4)
                0x0000000020004018                PROVIDE (_edata = .)

.bss            0x0000000020004018       0x3c load address 0x0000000000000f50
                0x0000000020004018                . = ALIGN (0x4)
                0x0000000020004018                PROVIDE (_sbss = .)
 *(.sbss*)
 .sbss.platefirstmark
                0x0000000020004018        0x3 ./src/Main.o
                0x0000000020004018                platefirstmark
 .sbss.suma_check
                0x000000002000401b        0x1 ./src/Main.o
                0x000000002000401b                suma_check
 .sbss.sumb_check
                0x000000002000401c        0x1 ./src/Main.o
                0x000000002000401c                sumb_check
 *fill*         0x000000002000401d        0x3 
 .sbss.plate_firstMark
                0x0000000020004020        0x2 ./src/openmv.o
                0x0000000020004020                plate_firstMark
 .sbss.pt_w1    0x0000000020004022        0x1 ./src/openmv.o
                0x0000000020004022                pt_w1
 .sbss.state    0x0000000020004023        0x1 ./src/openmv.o
                0x0000000020004023                state
 .sbss.suma     0x0000000020004024        0x1 ./src/openmv.o
                0x0000000020004024                suma
 .sbss.sumb     0x0000000020004025        0x1 ./src/openmv.o
                0x0000000020004025                sumb
 *(.gnu.linkonce.sb.*)
 *(.bss*)
 *fill*         0x0000000020004026        0x2 
 .bss.plate     0x0000000020004028        0x9 ./src/Main.o
                0x0000000020004028                plate
 *fill*         0x0000000020004031        0x3 
 .bss.my_re_buf1
                0x0000000020004034       0x14 ./src/openmv.o
                0x0000000020004034                my_re_buf1
 .bss.openmvdata
                0x0000000020004048        0x9 ./src/openmv.o
                0x0000000020004048                openmvdata
 *(.gnu.linkonce.b.*)
 *(COMMON*)
                0x0000000020004054                . = ALIGN (0x4)
 *fill*         0x0000000020004051        0x3 
                0x0000000020004054                PROVIDE (_ebss = .)
                [!provide]                        PROVIDE (_end = _ebss)
                [!provide]                        PROVIDE (end = .)

.stack          0x0000000020008000        0x0
                0x0000000020008000                . = ALIGN (0x4)
                0x0000000020008000                PROVIDE (_eusrstack = .)
OUTPUT(UART20231224.elf elf32-littleriscv)

.debug_info     0x0000000000000000     0x5c09
 .debug_info    0x0000000000000000     0x1345 ./src/Main.o
 .debug_info    0x0000000000001345      0xc8a ./src/openmv.o
 .debug_info    0x0000000000001fcf      0xdae ./StdPeriphDriver/CH57x_gpio.o
 .debug_info    0x0000000000002d7d     0x135e ./StdPeriphDriver/CH57x_sys.o
 .debug_info    0x00000000000040db      0xd86 ./StdPeriphDriver/CH57x_uart0.o
 .debug_info    0x0000000000004e61      0xd86 ./StdPeriphDriver/CH57x_uart1.o
 .debug_info    0x0000000000005be7       0x22 ./Startup/startup_CH573.o

.debug_abbrev   0x0000000000000000     0x108a
 .debug_abbrev  0x0000000000000000      0x323 ./src/Main.o
 .debug_abbrev  0x0000000000000323      0x207 ./src/openmv.o
 .debug_abbrev  0x000000000000052a      0x268 ./StdPeriphDriver/CH57x_gpio.o
 .debug_abbrev  0x0000000000000792      0x392 ./StdPeriphDriver/CH57x_sys.o
 .debug_abbrev  0x0000000000000b24      0x2aa ./StdPeriphDriver/CH57x_uart0.o
 .debug_abbrev  0x0000000000000dce      0x2aa ./StdPeriphDriver/CH57x_uart1.o
 .debug_abbrev  0x0000000000001078       0x12 ./Startup/startup_CH573.o

.debug_loc      0x0000000000000000      0x9f9
 .debug_loc     0x0000000000000000       0x33 ./src/Main.o
 .debug_loc     0x0000000000000033      0x361 ./StdPeriphDriver/CH57x_gpio.o
 .debug_loc     0x0000000000000394      0x28b ./StdPeriphDriver/CH57x_sys.o
 .debug_loc     0x000000000000061f      0x1ed ./StdPeriphDriver/CH57x_uart0.o
 .debug_loc     0x000000000000080c      0x1ed ./StdPeriphDriver/CH57x_uart1.o

.debug_aranges  0x0000000000000000      0x1f8
 .debug_aranges
                0x0000000000000000       0x30 ./src/Main.o
 .debug_aranges
                0x0000000000000030       0x20 ./src/openmv.o
 .debug_aranges
                0x0000000000000050       0x48 ./StdPeriphDriver/CH57x_gpio.o
 .debug_aranges
                0x0000000000000098       0x88 ./StdPeriphDriver/CH57x_sys.o
 .debug_aranges
                0x0000000000000120       0x50 ./StdPeriphDriver/CH57x_uart0.o
 .debug_aranges
                0x0000000000000170       0x50 ./StdPeriphDriver/CH57x_uart1.o
 .debug_aranges
                0x00000000000001c0       0x38 ./Startup/startup_CH573.o

.debug_ranges   0x0000000000000000      0x1c0
 .debug_ranges  0x0000000000000000       0x38 ./src/Main.o
 .debug_ranges  0x0000000000000038       0x10 ./src/openmv.o
 .debug_ranges  0x0000000000000048       0x38 ./StdPeriphDriver/CH57x_gpio.o
 .debug_ranges  0x0000000000000080       0x90 ./StdPeriphDriver/CH57x_sys.o
 .debug_ranges  0x0000000000000110       0x40 ./StdPeriphDriver/CH57x_uart0.o
 .debug_ranges  0x0000000000000150       0x40 ./StdPeriphDriver/CH57x_uart1.o
 .debug_ranges  0x0000000000000190       0x30 ./Startup/startup_CH573.o

.debug_line     0x0000000000000000     0x2f19
 .debug_line    0x0000000000000000      0x5e6 ./src/Main.o
 .debug_line    0x00000000000005e6      0x68a ./src/openmv.o
 .debug_line    0x0000000000000c70      0x78e ./StdPeriphDriver/CH57x_gpio.o
 .debug_line    0x00000000000013fe      0xd19 ./StdPeriphDriver/CH57x_sys.o
 .debug_line    0x0000000000002117      0x5d1 ./StdPeriphDriver/CH57x_uart0.o
 .debug_line    0x00000000000026e8      0x5d1 ./StdPeriphDriver/CH57x_uart1.o
 .debug_line    0x0000000000002cb9      0x260 ./Startup/startup_CH573.o

.debug_str      0x0000000000000000     0x106e
 .debug_str     0x0000000000000000      0xbff ./src/Main.o
                                        0xc91 (size before relaxing)
 .debug_str     0x0000000000000bff       0x41 ./src/openmv.o
                                        0x78f (size before relaxing)
 .debug_str     0x0000000000000c40      0x113 ./StdPeriphDriver/CH57x_gpio.o
                                        0x8e9 (size before relaxing)
 .debug_str     0x0000000000000d53      0x1d4 ./StdPeriphDriver/CH57x_sys.o
                                        0xb53 (size before relaxing)
 .debug_str     0x0000000000000f27       0x8e ./StdPeriphDriver/CH57x_uart0.o
                                        0x88e (size before relaxing)
 .debug_str     0x0000000000000fb5       0x71 ./StdPeriphDriver/CH57x_uart1.o
                                        0x88e (size before relaxing)
 .debug_str     0x0000000000001026       0x48 ./Startup/startup_CH573.o
                                         0x79 (size before relaxing)

.comment        0x0000000000000000       0x33
 .comment       0x0000000000000000       0x33 ./src/Main.o
                                         0x34 (size before relaxing)
 .comment       0x0000000000000033       0x34 ./src/openmv.o
 .comment       0x0000000000000033       0x34 ./StdPeriphDriver/CH57x_gpio.o
 .comment       0x0000000000000033       0x34 ./StdPeriphDriver/CH57x_sys.o
 .comment       0x0000000000000033       0x34 ./StdPeriphDriver/CH57x_uart0.o
 .comment       0x0000000000000033       0x34 ./StdPeriphDriver/CH57x_uart1.o
 .comment       0x0000000000000033       0x34 E:\chelou\CH573\EVTEVT\EVT\EXAM\SRC\StdPeriphDriver\libISP573.a(ISP573.o)

.debug_frame    0x0000000000000000      0x35c
 .debug_frame   0x0000000000000000       0x60 ./src/Main.o
 .debug_frame   0x0000000000000060       0x20 ./src/openmv.o
 .debug_frame   0x0000000000000080       0x70 ./StdPeriphDriver/CH57x_gpio.o
 .debug_frame   0x00000000000000f0      0x114 ./StdPeriphDriver/CH57x_sys.o
 .debug_frame   0x0000000000000204       0x9c ./StdPeriphDriver/CH57x_uart0.o
 .debug_frame   0x00000000000002a0       0x9c ./StdPeriphDriver/CH57x_uart1.o
 .debug_frame   0x000000000000033c       0x20 e:/ranjian/mounriver/mounriver_studio/toolchain/risc-v embedded gcc/bin/../lib/gcc/riscv-none-embed/8.2.0/../../../../riscv-none-embed/lib/rv32imac/ilp32\libg_nano.a(lib_a-memcpy.o)
