Archive member included to satisfy reference by file (symbol)

E:\桌面文件\chelouxietong\EVT\EXAM\SRC\StdPeriphDriver\libISP573.a(ISP573.o)
                              ./StdPeriphDriver/CH57x_pwr.o (FLASH_EEPROM_CMD)
e:/ranjian/mounriver/mounriver_studio/toolchain/risc-v embedded gcc/bin/../lib/gcc/riscv-none-embed/8.2.0/rv32imac/ilp32\libgcc.a(muldf3.o)
                              ./StdPeriphDriver/CH57x_clk.o (__muldf3)
e:/ranjian/mounriver/mounriver_studio/toolchain/risc-v embedded gcc/bin/../lib/gcc/riscv-none-embed/8.2.0/rv32imac/ilp32\libgcc.a(floatsidf.o)
                              ./StdPeriphDriver/CH57x_clk.o (__floatsidf)
e:/ranjian/mounriver/mounriver_studio/toolchain/risc-v embedded gcc/bin/../lib/gcc/riscv-none-embed/8.2.0/rv32imac/ilp32\libgcc.a(mulsf3.o)
                              ./StdPeriphDriver/CH57x_clk.o (__mulsf3)
e:/ranjian/mounriver/mounriver_studio/toolchain/risc-v embedded gcc/bin/../lib/gcc/riscv-none-embed/8.2.0/rv32imac/ilp32\libgcc.a(fixsfsi.o)
                              ./StdPeriphDriver/CH57x_clk.o (__fixsfsi)
e:/ranjian/mounriver/mounriver_studio/toolchain/risc-v embedded gcc/bin/../lib/gcc/riscv-none-embed/8.2.0/rv32imac/ilp32\libgcc.a(floatsisf.o)
                              ./StdPeriphDriver/CH57x_clk.o (__floatsisf)
e:/ranjian/mounriver/mounriver_studio/toolchain/risc-v embedded gcc/bin/../lib/gcc/riscv-none-embed/8.2.0/rv32imac/ilp32\libgcc.a(truncdfsf2.o)
                              ./StdPeriphDriver/CH57x_clk.o (__truncdfsf2)
e:/ranjian/mounriver/mounriver_studio/toolchain/risc-v embedded gcc/bin/../lib/gcc/riscv-none-embed/8.2.0/rv32imac/ilp32\libgcc.a(_clzsi2.o)
                              e:/ranjian/mounriver/mounriver_studio/toolchain/risc-v embedded gcc/bin/../lib/gcc/riscv-none-embed/8.2.0/rv32imac/ilp32\libgcc.a(muldf3.o) (__clzsi2)
e:/ranjian/mounriver/mounriver_studio/toolchain/risc-v embedded gcc/bin/../lib/gcc/riscv-none-embed/8.2.0/rv32imac/ilp32\libgcc.a(_clz.o)
                              e:/ranjian/mounriver/mounriver_studio/toolchain/risc-v embedded gcc/bin/../lib/gcc/riscv-none-embed/8.2.0/rv32imac/ilp32\libgcc.a(_clzsi2.o) (__clz_tab)
e:/ranjian/mounriver/mounriver_studio/toolchain/risc-v embedded gcc/bin/../lib/gcc/riscv-none-embed/8.2.0/../../../../riscv-none-embed/lib/rv32imac/ilp32\libg_nano.a(lib_a-printf.o)
                              ./src/Main.o (printf)
e:/ranjian/mounriver/mounriver_studio/toolchain/risc-v embedded gcc/bin/../lib/gcc/riscv-none-embed/8.2.0/../../../../riscv-none-embed/lib/rv32imac/ilp32\libg_nano.a(lib_a-puts.o)
                              ./src/Main.o (puts)
e:/ranjian/mounriver/mounriver_studio/toolchain/risc-v embedded gcc/bin/../lib/gcc/riscv-none-embed/8.2.0/../../../../riscv-none-embed/lib/rv32imac/ilp32\libg_nano.a(lib_a-wbuf.o)
                              e:/ranjian/mounriver/mounriver_studio/toolchain/risc-v embedded gcc/bin/../lib/gcc/riscv-none-embed/8.2.0/../../../../riscv-none-embed/lib/rv32imac/ilp32\libg_nano.a(lib_a-puts.o) (__swbuf_r)
e:/ranjian/mounriver/mounriver_studio/toolchain/risc-v embedded gcc/bin/../lib/gcc/riscv-none-embed/8.2.0/../../../../riscv-none-embed/lib/rv32imac/ilp32\libg_nano.a(lib_a-wsetup.o)
                              e:/ranjian/mounriver/mounriver_studio/toolchain/risc-v embedded gcc/bin/../lib/gcc/riscv-none-embed/8.2.0/../../../../riscv-none-embed/lib/rv32imac/ilp32\libg_nano.a(lib_a-puts.o) (__swsetup_r)
e:/ranjian/mounriver/mounriver_studio/toolchain/risc-v embedded gcc/bin/../lib/gcc/riscv-none-embed/8.2.0/../../../../riscv-none-embed/lib/rv32imac/ilp32\libg_nano.a(lib_a-fflush.o)
                              e:/ranjian/mounriver/mounriver_studio/toolchain/risc-v embedded gcc/bin/../lib/gcc/riscv-none-embed/8.2.0/../../../../riscv-none-embed/lib/rv32imac/ilp32\libg_nano.a(lib_a-wbuf.o) (_fflush_r)
e:/ranjian/mounriver/mounriver_studio/toolchain/risc-v embedded gcc/bin/../lib/gcc/riscv-none-embed/8.2.0/../../../../riscv-none-embed/lib/rv32imac/ilp32\libg_nano.a(lib_a-findfp.o)
                              e:/ranjian/mounriver/mounriver_studio/toolchain/risc-v embedded gcc/bin/../lib/gcc/riscv-none-embed/8.2.0/../../../../riscv-none-embed/lib/rv32imac/ilp32\libg_nano.a(lib_a-printf.o) (__sinit)
e:/ranjian/mounriver/mounriver_studio/toolchain/risc-v embedded gcc/bin/../lib/gcc/riscv-none-embed/8.2.0/../../../../riscv-none-embed/lib/rv32imac/ilp32\libg_nano.a(lib_a-fwalk.o)
                              e:/ranjian/mounriver/mounriver_studio/toolchain/risc-v embedded gcc/bin/../lib/gcc/riscv-none-embed/8.2.0/../../../../riscv-none-embed/lib/rv32imac/ilp32\libg_nano.a(lib_a-findfp.o) (_fwalk)
e:/ranjian/mounriver/mounriver_studio/toolchain/risc-v embedded gcc/bin/../lib/gcc/riscv-none-embed/8.2.0/../../../../riscv-none-embed/lib/rv32imac/ilp32\libg_nano.a(lib_a-impure.o)
[...]
Memory Configuration

Name             Origin             Length             Attributes
FLASH            0x0000000000000000 0x0000000000070000 xr
RAM              0x0000000020003800 0x0000000000004800 xrw
*default*        0x0000000000000000 0xffffffffffffffff

Linker script and memory map

LOAD ./src/Main.o
LOAD ./StdPeriphDriver/CH57x_adc.o
LOAD ./StdPeriphDriver/CH57x_clk.o
LOAD ./StdPeriphDriver/CH57x_flash.o
LOAD ./StdPeriphDriver/CH57x_gpio.o
LOAD ./StdPeriphDriver/CH57x_pwr.o
LOAD ./StdPeriphDriver/CH57x_sys.o
LOAD ./StdPeriphDriver/CH57x_uart0.o
LOAD ./StdPeriphDriver/CH57x_uart1.o
LOAD ./Startup/startup_CH573.o
LOAD ./RVMSIS/core_riscv.o
LOAD E:\桌面文件\chelouxietong\EVT\EXAM\SRC\StdPeriphDriver\libISP573.a
LOAD e:/ranjian/mounriver/mounriver_studio/toolchain/risc-v embedded gcc/bin/../lib/gcc/riscv-none-embed/8.2.0/rv32imac/ilp32\libgcc.a
LOAD e:/ranjian/mounriver/mounriver_studio/toolchain/risc-v embedded gcc/bin/../lib/gcc/riscv-none-embed/8.2.0/../../../../riscv-none-embed/lib/rv32imac/ilp32\libg_nano.a
LOAD e:/ranjian/mounriver/mounriver_studio/toolchain/risc-v embedded gcc/bin/../lib/gcc/riscv-none-embed/8.2.0/../../../../riscv-none-embed/lib/rv32imac/ilp32\libc_nano.a
LOAD e:/ranjian/mounriver/mounriver_studio/toolchain/risc-v embedded gcc/bin/../lib/gcc/riscv-none-embed/8.2.0/rv32imac/ilp32\libgcc.a
START GROUP
LOAD e:/ranjian/mounriver/mounriver_studio/toolchain/risc-v embedded gcc/bin/../lib/gcc/riscv-none-embed/8.2.0/rv32imac/ilp32\libgcc.a
LOAD e:/ranjian/mounriver/mounriver_studio/toolchain/risc-v embedded gcc/bin/../lib/gcc/riscv-none-embed/8.2.0/../../../../riscv-none-embed/lib/rv32imac/ilp32\libc_nano.a
LOAD e:/ranjian/mounriver/mounriver_studio/toolchain/risc-v embedded gcc/bin/../lib/gcc/riscv-none-embed/8.2.0/../../../../riscv-none-embed/lib/rv32imac/ilp32\libnosys.a
END GROUP
START GROUP
LOAD e:/ranjian/mounriver/mounriver_studio/toolchain/risc-v embedded gcc/bin/../lib/gcc/riscv-none-embed/8.2.0/rv32imac/ilp32\libgcc.a
LOAD e:/ranjian/mounriver/mounriver_studio/toolchain/risc-v embedded gcc/bin/../lib/gcc/riscv-none-embed/8.2.0/../../../../riscv-none-embed/lib/rv32imac/ilp32\libc_nano.a
LOAD e:/ranjian/mounriver/mounriver_studio/toolchain/risc-v embedded gcc/bin/../lib/gcc/riscv-none-embed/8.2.0/../../../../riscv-none-embed/lib/rv32imac/ilp32\libnosys.a
END GROUP

.init           0x0000000000000000        0x4
                0x0000000000000000                _sinit = .
                0x0000000000000000                . = ALIGN (0x4)
 *(SORT_NONE(.init))
 .init          0x0000000000000000        0x4 ./Startup/startup_CH573.o
                0x0000000000000000                _start
                0x0000000000000004                . = ALIGN (0x4)
                0x0000000000000004                _einit = .

.highcodelalign
                0x0000000000000004        0x0
                0x0000000000000004                . = ALIGN (0x4)
                0x0000000000000004                PROVIDE (_highcode_lma = .)

.highcode       0x0000000020003800      0x91c load address 0x0000000000000004
                0x0000000020003800                . = ALIGN (0x4)
                0x0000000020003800                PROVIDE (_highcode_vma_start = .)
 *(.vector)
 .vector        0x0000000020003800       0x90 ./Startup/startup_CH573.o
 *(SORT_NONE(.vector_handler))
 .vector_handler
                0x0000000020003890       0x2c ./Startup/startup_CH573.o
                0x0000000020003890                NMI_Handler
                0x0000000020003894                SysTick_Handler
                0x0000000020003896                SW_Handler
                0x0000000020003898                TMR0_IRQHandler
                0x000000002000389c                GPIOB_IRQHandler
                0x000000002000389e                SPI0_IRQHandler
                0x00000000200038a0                BB_IRQHandler
                0x00000000200038a2                LLE_IRQHandler
                0x00000000200038a4                USB_IRQHandler
                0x00000000200038a6                TMR1_IRQHandler
                0x00000000200038a8                TMR2_IRQHandler
                0x00000000200038aa                UART0_IRQHandler
                0x00000000200038ac                UART1_IRQHandler
                0x00000000200038ae                RTC_IRQHandler
                0x00000000200038b0                ADC_IRQHandler
                0x00000000200038b2                PWMX_IRQHandler
                0x00000000200038b4                TMR3_IRQHandler
                0x00000000200038b6                UART2_IRQHandler
                0x00000000200038b8                UART3_IRQHandler
                0x00000000200038ba                WDOG_BAT_IRQHandler
 *(.highcode)
 .highcode      0x00000000200038bc       0x10 ./src/Main.o
                0x00000000200038bc                GPIOA_IRQHandler
 .highcode      0x00000000200038cc      0x2b8 ./StdPeriphDriver/CH57x_pwr.o
                0x00000000200038cc                LowPower_Idle
                0x000000002000390a                LowPower_Halt
                0x00000000200039c6                LowPower_Sleep
                0x0000000020003ab6                LowPower_Shutdown
 .highcode      0x0000000020003b84      0x1a8 ./StdPeriphDriver/CH57x_sys.o
                0x0000000020003b84                SetSysClock
                0x0000000020003c80                SYS_ResetExecute
                0x0000000020003cb8                HardFault_Handler
                0x0000000020003cf6                mDelayuS
                0x0000000020003d04                mDelaymS
 .highcode      0x0000000020003d2c      0x3ee E:\桌面文件\chelouxietong\EVT\EXAM\SRC\StdPeriphDriver\libISP573.a(ISP573.o)
                0x0000000020003d2c                FLASH_ROM_BEG
                0x0000000020003d3e                FLASH_ROM_END
                0x0000000020003d4c                FLASH_ROM_IN
                0x0000000020003d5a                FLASH_ROM_OUT
                0x0000000020003d68                FLASH_ROM_ADDR
                0x0000000020003db0                FLASH_ROM_WAIT
                0x0000000020003de8                FLASH_EEPROM_CMD
 *(.highcode.*)
                0x000000002000411c                . = ALIGN (0x4)
 *fill*         0x000000002000411a        0x2 
                0x000000002000411c                PROVIDE (_highcode_vma_end = .)

.text           0x0000000000000920     0x198c
                0x0000000000000920                . = ALIGN (0x4)
 *(SORT_NONE(.handle_reset))
 .handle_reset  0x0000000000000920       0x9e ./Startup/startup_CH573.o
                0x0000000000000920                handle_reset
 *(.text)
 .text          0x00000000000009be       0xa8 e:/ranjian/mounriver/mounriver_studio/toolchain/risc-v embedded gcc/bin/../lib/gcc/riscv-none-embed/8.2.0/../../../../riscv-none-embed/lib/rv32imac/ilp32\libg_nano.a(lib_a-memset.o)
                0x00000000000009be                memset
 *(.text.*)
 .text.DebugInit
                0x0000000000000a66       0x22 ./src/Main.o
                0x0000000000000a66                DebugInit
 .text.startup.main
                0x0000000000000a88      0x14e ./src/Main.o
                0x0000000000000a88                main
 .text.HSECFG_Current
                0x0000000000000bd6       0x2a ./StdPeriphDriver/CH57x_clk.o
                0x0000000000000bd6                HSECFG_Current
 .text.GPIOA_ModeCfg
                0x0000000000000c00       0xa6 ./StdPeriphDriver/CH57x_gpio.o
                0x0000000000000c00                GPIOA_ModeCfg
 .text.GPIOB_ModeCfg
                0x0000000000000ca6       0xa6 ./StdPeriphDriver/CH57x_gpio.o
                0x0000000000000ca6                GPIOB_ModeCfg
 .text.GPIOA_ITModeCfg
                0x0000000000000d4c       0x82 ./StdPeriphDriver/CH57x_gpio.o
                0x0000000000000d4c                GPIOA_ITModeCfg
 .text.PWR_PeriphWakeUpCfg
                0x0000000000000dce       0x78 ./StdPeriphDriver/CH57x_pwr.o
                0x0000000000000dce                PWR_PeriphWakeUpCfg
 .text.GetSysClock
                0x0000000000000e46       0x42 ./StdPeriphDriver/CH57x_sys.o
                0x0000000000000e46                GetSysClock
 .text._write   0x0000000000000e88       0x28 ./StdPeriphDriver/CH57x_sys.o
                0x0000000000000e88                _write
 .text.UART1_BaudRateCfg
                0x0000000000000eb0       0x30 ./StdPeriphDriver/CH57x_uart1.o
                0x0000000000000eb0                UART1_BaudRateCfg
 .text.UART1_DefInit
                0x0000000000000ee0       0x32 ./StdPeriphDriver/CH57x_uart1.o
                0x0000000000000ee0                UART1_DefInit
 .text.printf   0x0000000000000f12       0x44 e:/ranjian/mounriver/mounriver_studio/toolchain/risc-v embedded gcc/bin/../lib/gcc/riscv-none-embed/8.2.0/../../../../riscv-none-embed/lib/rv32imac/ilp32\libg_nano.a(lib_a-printf.o)
                0x0000000000000f12                iprintf
                0x0000000000000f12                printf
 .text._puts_r  0x0000000000000f56       0xda e:/ranjian/mounriver/mounriver_studio/toolchain/risc-v embedded gcc/bin/../lib/gcc/riscv-none-embed/8.2.0/../../../../riscv-none-embed/lib/rv32imac/ilp32\libg_nano.a(lib_a-puts.o)
                0x0000000000000f56                _puts_r
 .text.puts     0x0000000000001030        0xe e:/ranjian/mounriver/mounriver_studio/toolchain/risc-v embedded gcc/bin/../lib/gcc/riscv-none-embed/8.2.0/../../../../riscv-none-embed/lib/rv32imac/ilp32\libg_nano.a(lib_a-puts.o)
                0x0000000000001030                puts
 .text.__swbuf_r
                0x000000000000103e       0xc0 e:/ranjian/mounriver/mounriver_studio/toolchain/risc-v embedded gcc/bin/../lib/gcc/riscv-none-embed/8.2.0/../../../../riscv-none-embed/lib/rv32imac/ilp32\libg_nano.a(lib_a-wbuf.o)
                0x000000000000103e                __swbuf_r
 .text.__swsetup_r
                0x00000000000010fe      0x110 e:/ranjian/mounriver/mounriver_studio/toolchain/risc-v embedded gcc/bin/../lib/gcc/riscv-none-embed/8.2.0/../../../../riscv-none-embed/lib/rv32imac/ilp32\libg_nano.a(lib_a-wsetup.o)
                0x00000000000010fe                __swsetup_r
 .text.__sflush_r
                0x000000000000120e      0x13c e:/ranjian/mounriver/mounriver_studio/toolchain/risc-v embedded gcc/bin/../lib/gcc/riscv-none-embed/8.2.0/../../../../riscv-none-embed/lib/rv32imac/ilp32\libg_nano.a(lib_a-fflush.o)
                0x000000000000120e                __sflush_r
 .text._fflush_r
                0x000000000000134a       0x64 e:/ranjian/mounriver/mounriver_studio/toolchain/risc-v embedded gcc/bin/../lib/gcc/riscv-none-embed/8.2.0/../../../../riscv-none-embed/lib/rv32imac/ilp32\libg_nano.a(lib_a-fflush.o)
                0x000000000000134a                _fflush_r
 .text.std      0x00000000000013ae       0x6a e:/ranjian/mounriver/mounriver_studio/toolchain/risc-v embedded gcc/bin/../lib/gcc/riscv-none-embed/8.2.0/../../../../riscv-none-embed/lib/rv32imac/ilp32\libg_nano.a(lib_a-findfp.o)
 .text._cleanup_r
                0x0000000000001418        0xa e:/ranjian/mounriver/mounriver_studio/toolchain/risc-v embedded gcc/bin/../lib/gcc/riscv-none-embed/8.2.0/../../../../riscv-none-embed/lib/rv32imac/ilp32\libg_nano.a(lib_a-findfp.o)
                0x0000000000001418                _cleanup_r
 .text.__sfmoreglue
                0x0000000000001422       0x46 e:/ranjian/mounriver/mounriver_studio/toolchain/risc-v embedded gcc/bin/../lib/gcc/riscv-none-embed/8.2.0/../../../../riscv-none-embed/lib/rv32imac/ilp32\libg_nano.a(lib_a-findfp.o)
                0x0000000000001422                __sfmoreglue
 .text.__sinit  0x0000000000001468       0x6a e:/ranjian/mounriver/mounriver_studio/toolchain/risc-v embedded gcc/bin/../lib/gcc/riscv-none-embed/8.2.0/../../../../riscv-none-embed/lib/rv32imac/ilp32\libg_nano.a(lib_a-findfp.o)
                0x0000000000001468                __sinit
 .text.__sfp    0x00000000000014d2       0xa0 e:/ranjian/mounriver/mounriver_studio/toolchain/risc-v embedded gcc/bin/../lib/gcc/riscv-none-embed/8.2.0/../../../../riscv-none-embed/lib/rv32imac/ilp32\libg_nano.a(lib_a-findfp.o)
                0x00000000000014d2                __sfp
 .text._fwalk_reent
                0x0000000000001572       0x6c e:/ranjian/mounriver/mounriver_studio/toolchain/risc-v embedded gcc/bin/../lib/gcc/riscv-none-embed/8.2.0/../../../../riscv-none-embed/lib/rv32imac/ilp32\libg_nano.a(lib_a-fwalk.o)
                0x0000000000001572                _fwalk_reent
 .text.__swhatbuf_r
                0x00000000000015de       0x5a e:/ranjian/mounriver/mounriver_studio/toolchain/risc-v embedded gcc/bin/../lib/gcc/riscv-none-embed/8.2.0/../../../../riscv-none-embed/lib/rv32imac/ilp32\libg_nano.a(lib_a-makebuf.o)
                0x00000000000015de                __swhatbuf_r
 .text.__smakebuf_r
                0x0000000000001638       0x9e e:/ranjian/mounriver/mounriver_studio/toolchain/risc-v embedded gcc/bin/../lib/gcc/riscv-none-embed/8.2.0/../../../../riscv-none-embed/lib/rv32imac/ilp32\libg_nano.a(lib_a-makebuf.o)
                0x0000000000001638                __smakebuf_r
 .text._free_r  0x00000000000016d6       0xb0 e:/ranjian/mounriver/mounriver_studio/toolchain/risc-v embedded gcc/bin/../lib/gcc/riscv-none-embed/8.2.0/../../../../riscv-none-embed/lib/rv32imac/ilp32\libg_nano.a(lib_a-nano-freer.o)
                0x00000000000016d6                _free_r
 .text._malloc_r
                0x0000000000001786       0xd4 e:/ranjian/mounriver/mounriver_studio/toolchain/risc-v embedded gcc/bin/../lib/gcc/riscv-none-embed/8.2.0/../../../../riscv-none-embed/lib/rv32imac/ilp32\libg_nano.a(lib_a-nano-mallocr.o)
                0x0000000000001786                _malloc_r
 .text.__sfputc_r
                0x000000000000185a       0x2a e:/ranjian/mounriver/mounriver_studio/toolchain/risc-v embedded gcc/bin/../lib/gcc/riscv-none-embed/8.2.0/../../../../riscv-none-embed/lib/rv32imac/ilp32\libg_nano.a(lib_a-nano-vfprintf.o)
 .text.__sfputs_r
                0x0000000000001884       0x42 e:/ranjian/mounriver/mounriver_studio/toolchain/risc-v embedded gcc/bin/../lib/gcc/riscv-none-embed/8.2.0/../../../../riscv-none-embed/lib/rv32imac/ilp32\libg_nano.a(lib_a-nano-vfprintf.o)
                0x0000000000001884                __sfputs_r
 .text._vfprintf_r
                0x00000000000018c6      0x298 e:/ranjian/mounriver/mounriver_studio/toolchain/risc-v embedded gcc/bin/../lib/gcc/riscv-none-embed/8.2.0/../../../../riscv-none-embed/lib/rv32imac/ilp32\libg_nano.a(lib_a-nano-vfprintf.o)
                0x00000000000018c6                _vfprintf_r
                0x00000000000018c6                _vfiprintf_r
 .text._printf_common
                0x0000000000001b5e      0x10c e:/ranjian/mounriver/mounriver_studio/toolchain/risc-v embedded gcc/bin/../lib/gcc/riscv-none-embed/8.2.0/../../../../riscv-none-embed/lib/rv32imac/ilp32\libg_nano.a(lib_a-nano-vfprintf_i.o)
                0x0000000000001b5e                _printf_common
 .text._printf_i
                0x0000000000001c6a      0x2a8 e:/ranjian/mounriver/mounriver_studio/toolchain/risc-v embedded gcc/bin/../lib/gcc/riscv-none-embed/8.2.0/../../../../riscv-none-embed/lib/rv32imac/ilp32\libg_nano.a(lib_a-nano-vfprintf_i.o)
                0x0000000000001c6a                _printf_i
 .text._sbrk_r  0x0000000000001f12       0x28 e:/ranjian/mounriver/mounriver_studio/toolchain/risc-v embedded gcc/bin/../lib/gcc/riscv-none-embed/8.2.0/../../../../riscv-none-embed/lib/rv32imac/ilp32\libg_nano.a(lib_a-sbrkr.o)
                0x0000000000001f12                _sbrk_r
 .text.__sread  0x0000000000001f3a       0x30 e:/ranjian/mounriver/mounriver_studio/toolchain/risc-v embedded gcc/bin/../lib/gcc/riscv-none-embed/8.2.0/../../../../riscv-none-embed/lib/rv32imac/ilp32\libg_nano.a(lib_a-stdio.o)
                0x0000000000001f3a                __sread
 .text.__swrite
                0x0000000000001f6a       0x4e e:/ranjian/mounriver/mounriver_studio/toolchain/risc-v embedded gcc/bin/../lib/gcc/riscv-none-embed/8.2.0/../../../../riscv-none-embed/lib/rv32imac/ilp32\libg_nano.a(lib_a-stdio.o)
                0x0000000000001f6a                __swrite
 .text.__sseek  0x0000000000001fb8       0x36 e:/ranjian/mounriver/mounriver_studio/toolchain/risc-v embedded gcc/bin/../lib/gcc/riscv-none-embed/8.2.0/../../../../riscv-none-embed/lib/rv32imac/ilp32\libg_nano.a(lib_a-stdio.o)
                0x0000000000001fb8                __sseek
 .text.__sclose
                0x0000000000001fee        0x6 e:/ranjian/mounriver/mounriver_studio/toolchain/risc-v embedded gcc/bin/../lib/gcc/riscv-none-embed/8.2.0/../../../../riscv-none-embed/lib/rv32imac/ilp32\libg_nano.a(lib_a-stdio.o)
                0x0000000000001fee                __sclose
 .text._write_r
                0x0000000000001ff4       0x2e e:/ranjian/mounriver/mounriver_studio/toolchain/risc-v embedded gcc/bin/../lib/gcc/riscv-none-embed/8.2.0/../../../../riscv-none-embed/lib/rv32imac/ilp32\libg_nano.a(lib_a-writer.o)
                0x0000000000001ff4                _write_r
 .text._close_r
                0x0000000000002022       0x28 e:/ranjian/mounriver/mounriver_studio/toolchain/risc-v embedded gcc/bin/../lib/gcc/riscv-none-embed/8.2.0/../../../../riscv-none-embed/lib/rv32imac/ilp32\libg_nano.a(lib_a-closer.o)
                0x0000000000002022                _close_r
 .text._fstat_r
                0x000000000000204a       0x2a e:/ranjian/mounriver/mounriver_studio/toolchain/risc-v embedded gcc/bin/../lib/gcc/riscv-none-embed/8.2.0/../../../../riscv-none-embed/lib/rv32imac/ilp32\libg_nano.a(lib_a-fstatr.o)
                0x000000000000204a                _fstat_r
 .text._isatty_r
                0x0000000000002074       0x28 e:/ranjian/mounriver/mounriver_studio/toolchain/risc-v embedded gcc/bin/../lib/gcc/riscv-none-embed/8.2.0/../../../../riscv-none-embed/lib/rv32imac/ilp32\libg_nano.a(lib_a-isattyr.o)
                0x0000000000002074                _isatty_r
 .text._lseek_r
                0x000000000000209c       0x2c e:/ranjian/mounriver/mounriver_studio/toolchain/risc-v embedded gcc/bin/../lib/gcc/riscv-none-embed/8.2.0/../../../../riscv-none-embed/lib/rv32imac/ilp32\libg_nano.a(lib_a-lseekr.o)
                0x000000000000209c                _lseek_r
 .text.memchr   0x00000000000020c8       0x1a e:/ranjian/mounriver/mounriver_studio/toolchain/risc-v embedded gcc/bin/../lib/gcc/riscv-none-embed/8.2.0/../../../../riscv-none-embed/lib/rv32imac/ilp32\libg_nano.a(lib_a-memchr.o)
                0x00000000000020c8                memchr
 .text.__malloc_lock
                0x00000000000020e2        0x2 e:/ranjian/mounriver/mounriver_studio/toolchain/risc-v embedded gcc/bin/../lib/gcc/riscv-none-embed/8.2.0/../../../../riscv-none-embed/lib/rv32imac/ilp32\libg_nano.a(lib_a-mlock.o)
                0x00000000000020e2                __malloc_lock
 .text.__malloc_unlock
                0x00000000000020e4        0x2 e:/ranjian/mounriver/mounriver_studio/toolchain/risc-v embedded gcc/bin/../lib/gcc/riscv-none-embed/8.2.0/../../../../riscv-none-embed/lib/rv32imac/ilp32\libg_nano.a(lib_a-mlock.o)
                0x00000000000020e4                __malloc_unlock
 .text._read_r  0x00000000000020e6       0x2c e:/ranjian/mounriver/mounriver_studio/toolchain/risc-v embedded gcc/bin/../lib/gcc/riscv-none-embed/8.2.0/../../../../riscv-none-embed/lib/rv32imac/ilp32\libg_nano.a(lib_a-readr.o)
                0x00000000000020e6                _read_r
 .text._close   0x0000000000002112        0xc e:/ranjian/mounriver/mounriver_studio/toolchain/risc-v embedded gcc/bin/../lib/gcc/riscv-none-embed/8.2.0/../../../../riscv-none-embed/lib/rv32imac/ilp32\libnosys.a(close.o)
                0x0000000000002112                _close
 .text._fstat   0x000000000000211e        0xc e:/ranjian/mounriver/mounriver_studio/toolchain/risc-v embedded gcc/bin/../lib/gcc/riscv-none-embed/8.2.0/../../../../riscv-none-embed/lib/rv32imac/ilp32\libnosys.a(fstat.o)
                0x000000000000211e                _fstat
 .text._isatty  0x000000000000212a        0xc e:/ranjian/mounriver/mounriver_studio/toolchain/risc-v embedded gcc/bin/../lib/gcc/riscv-none-embed/8.2.0/../../../../riscv-none-embed/lib/rv32imac/ilp32\libnosys.a(isatty.o)
                0x000000000000212a                _isatty
 .text._lseek   0x0000000000002136        0xc e:/ranjian/mounriver/mounriver_studio/toolchain/risc-v embedded gcc/bin/../lib/gcc/riscv-none-embed/8.2.0/../../../../riscv-none-embed/lib/rv32imac/ilp32\libnosys.a(lseek.o)
                0x0000000000002136                _lseek
 .text._read    0x0000000000002142        0xc e:/ranjian/mounriver/mounriver_studio/toolchain/risc-v embedded gcc/bin/../lib/gcc/riscv-none-embed/8.2.0/../../../../riscv-none-embed/lib/rv32imac/ilp32\libnosys.a(read.o)
                0x0000000000002142                _read
 .text._sbrk    0x000000000000214e       0x20 e:/ranjian/mounriver/mounriver_studio/toolchain/risc-v embedded gcc/bin/../lib/gcc/riscv-none-embed/8.2.0/../../../../riscv-none-embed/lib/rv32imac/ilp32\libnosys.a(sbrk.o)
                0x000000000000214e                _sbrk
 *(.rodata)
 *(.rodata*)
 *fill*         0x000000000000216e        0x2 
 .rodata.main.str1.4
                0x0000000000002170       0x6e ./src/Main.o
 *fill*         0x00000000000021de        0x2 
 .rodata.GPIOA_ModeCfg
                0x00000000000021e0       0x14 ./StdPeriphDriver/CH57x_gpio.o
 .rodata.GPIOB_ModeCfg
                0x00000000000021f4       0x14 ./StdPeriphDriver/CH57x_gpio.o
 .rodata.__sf_fake_stderr
                0x0000000000002208       0x20 e:/ranjian/mounriver/mounriver_studio/toolchain/risc-v embedded gcc/bin/../lib/gcc/riscv-none-embed/8.2.0/../../../../riscv-none-embed/lib/rv32imac/ilp32\libg_nano.a(lib_a-findfp.o)
                0x0000000000002208                __sf_fake_stderr
 .rodata.__sf_fake_stdin
                0x0000000000002228       0x20 e:/ranjian/mounriver/mounriver_studio/toolchain/risc-v embedded gcc/bin/../lib/gcc/riscv-none-embed/8.2.0/../../../../riscv-none-embed/lib/rv32imac/ilp32\libg_nano.a(lib_a-findfp.o)
                0x0000000000002228                __sf_fake_stdin
 .rodata.__sf_fake_stdout
                0x0000000000002248       0x20 e:/ranjian/mounriver/mounriver_studio/toolchain/risc-v embedded gcc/bin/../lib/gcc/riscv-none-embed/8.2.0/../../../../riscv-none-embed/lib/rv32imac/ilp32\libg_nano.a(lib_a-findfp.o)
                0x0000000000002248                __sf_fake_stdout
 .rodata._vfprintf_r.str1.4
                0x0000000000002268       0x13 e:/ranjian/mounriver/mounriver_studio/toolchain/risc-v embedded gcc/bin/../lib/gcc/riscv-none-embed/8.2.0/../../../../riscv-none-embed/lib/rv32imac/ilp32\libg_nano.a(lib_a-nano-vfprintf.o)
 *fill*         0x000000000000227b        0x1 
 .rodata._printf_i.str1.4
                0x000000000000227c       0x28 e:/ranjian/mounriver/mounriver_studio/toolchain/risc-v embedded gcc/bin/../lib/gcc/riscv-none-embed/8.2.0/../../../../riscv-none-embed/lib/rv32imac/ilp32\libg_nano.a(lib_a-nano-vfprintf_i.o)
                                         0x25 (size before relaxing)
 *(.sdata2.*)
 .sdata2.CSWTCH.10
                0x00000000000022a4        0x4 ./StdPeriphDriver/CH57x_pwr.o
 .sdata2._global_impure_ptr
                0x00000000000022a8        0x4 e:/ranjian/mounriver/mounriver_studio/toolchain/risc-v embedded gcc/bin/../lib/gcc/riscv-none-embed/8.2.0/../../../../riscv-none-embed/lib/rv32imac/ilp32\libg_nano.a(lib_a-impure.o)
                0x00000000000022a8                _global_impure_ptr
 *(.glue_7)
 *(.glue_7t)
 *(.gnu.linkonce.t.*)
                0x00000000000022ac                . = ALIGN (0x4)

.rela.dyn       0x00000000000022ac        0x0
 .rela.init     0x00000000000022ac        0x0 ./src/Main.o
 .rela.vector   0x00000000000022ac        0x0 ./src/Main.o
 .rela.handle_reset
                0x00000000000022ac        0x0 ./src/Main.o
 .rela.text._vfprintf_r
                0x00000000000022ac        0x0 ./src/Main.o
 .rela.text._sbrk_r
                0x00000000000022ac        0x0 ./src/Main.o
 .rela.text._write_r
                0x00000000000022ac        0x0 ./src/Main.o
 .rela.text._close_r
                0x00000000000022ac        0x0 ./src/Main.o
 .rela.text._fstat_r
                0x00000000000022ac        0x0 ./src/Main.o
 .rela.text._isatty_r
                0x00000000000022ac        0x0 ./src/Main.o
 .rela.text._lseek_r
                0x00000000000022ac        0x0 ./src/Main.o
 .rela.text._read_r
                0x00000000000022ac        0x0 ./src/Main.o
 .rela.text._close
                0x00000000000022ac        0x0 ./src/Main.o
 .rela.text._fstat
                0x00000000000022ac        0x0 ./src/Main.o
 .rela.text._isatty
                0x00000000000022ac        0x0 ./src/Main.o
 .rela.text._lseek
                0x00000000000022ac        0x0 ./src/Main.o
 .rela.text._read
                0x00000000000022ac        0x0 ./src/Main.o
 .rela.text._sbrk
                0x00000000000022ac        0x0 ./src/Main.o

.fini           0x00000000000022ac        0x0
 *(SORT_NONE(.fini))
                0x00000000000022ac                . = ALIGN (0x4)
                [!provide]                        PROVIDE (_etext = .)
                [!provide]                        PROVIDE (_eitcm = .)

.preinit_array  0x00000000000022ac        0x0
                [!provide]                        PROVIDE (__preinit_array_start = .)
 *(.preinit_array)
                [!provide]                        PROVIDE (__preinit_array_end = .)

.init_array     0x00000000000022ac        0x0
                [!provide]                        PROVIDE (__init_array_start = .)
 *(SORT_BY_INIT_PRIORITY(.init_array.*) SORT_BY_INIT_PRIORITY(.ctors.*))
 *(.init_array EXCLUDE_FILE(*crtend?.o *crtend.o *crtbegin?.o *crtbegin.o) .ctors)
                [!provide]                        PROVIDE (__init_array_end = .)

.fini_array     0x00000000000022ac        0x0
                [!provide]                        PROVIDE (__fini_array_start = .)
 *(SORT_BY_INIT_PRIORITY(.fini_array.*) SORT_BY_INIT_PRIORITY(.dtors.*))
 *(.fini_array EXCLUDE_FILE(*crtend?.o *crtend.o *crtbegin?.o *crtbegin.o) .dtors)
                [!provide]                        PROVIDE (__fini_array_end = .)

.ctors
 *crtbegin.o(.ctors)
 *crtbegin?.o(.ctors)
 *(EXCLUDE_FILE(*crtend?.o *crtend.o) .ctors)
 *(SORT_BY_NAME(.ctors.*))
 *(.ctors)

.dtors
 *crtbegin.o(.dtors)
 *crtbegin?.o(.dtors)
 *(EXCLUDE_FILE(*crtend?.o *crtend.o) .dtors)
 *(SORT_BY_NAME(.dtors.*))
 *(.dtors)

.dalign         0x000000002000411c        0x0 load address 0x00000000000022ac
                0x000000002000411c                . = (ORIGIN (RAM) + MAX (0x800, SIZEOF (.highcode)))

.dlalign        0x00000000000022ac        0x0
                0x00000000000022ac                . = ALIGN (0x4)
                0x00000000000022ac                PROVIDE (_data_lma = .)

.data           0x000000002000411c       0x6c load address 0x00000000000022ac
                0x000000002000411c                . = ALIGN (0x4)
                0x000000002000411c                PROVIDE (_data_vma = .)
 *(.gnu.linkonce.r.*)
 *(.data .data.*)
 .data.impure_data
                0x000000002000411c       0x60 e:/ranjian/mounriver/mounriver_studio/toolchain/risc-v embedded gcc/bin/../lib/gcc/riscv-none-embed/8.2.0/../../../../riscv-none-embed/lib/rv32imac/ilp32\libg_nano.a(lib_a-impure.o)
 *(.gnu.linkonce.d.*)
                0x0000000020004180                . = ALIGN (0x8)
 *fill*         0x000000002000417c        0x4 
                0x0000000020004980                PROVIDE (__global_pointer$ = (. + 0x800))
 *(.sdata .sdata.*)
 .sdata._impure_ptr
                0x0000000020004180        0x4 e:/ranjian/mounriver/mounriver_studio/toolchain/risc-v embedded gcc/bin/../lib/gcc/riscv-none-embed/8.2.0/../../../../riscv-none-embed/lib/rv32imac/ilp32\libg_nano.a(lib_a-impure.o)
                0x0000000020004180                _impure_ptr
 *(.gnu.linkonce.s.*)
                0x0000000020004188                . = ALIGN (0x8)
 *fill*         0x0000000020004184        0x4 
 *(.srodata.cst16)
 *(.srodata.cst8)
 *(.srodata.cst4)
 *(.srodata.cst2)
 *(.srodata .srodata.*)
                0x0000000020004188                . = ALIGN (0x4)
                0x0000000020004188                PROVIDE (_edata = .)

.bss            0x0000000020004188       0x10 load address 0x0000000000002318
                0x0000000020004188                . = ALIGN (0x4)
                0x0000000020004188                PROVIDE (_sbss = .)
 *(.sbss*)
 .sbss.__malloc_free_list
                0x0000000020004188        0x4 e:/ranjian/mounriver/mounriver_studio/toolchain/risc-v embedded gcc/bin/../lib/gcc/riscv-none-embed/8.2.0/../../../../riscv-none-embed/lib/rv32imac/ilp32\libg_nano.a(lib_a-nano-mallocr.o)
                0x0000000020004188                __malloc_free_list
 .sbss.__malloc_sbrk_start
                0x000000002000418c        0x4 e:/ranjian/mounriver/mounriver_studio/toolchain/risc-v embedded gcc/bin/../lib/gcc/riscv-none-embed/8.2.0/../../../../riscv-none-embed/lib/rv32imac/ilp32\libg_nano.a(lib_a-nano-mallocr.o)
                0x000000002000418c                __malloc_sbrk_start
 .sbss.heap_end.1518
                0x0000000020004190        0x4 e:/ranjian/mounriver/mounriver_studio/toolchain/risc-v embedded gcc/bin/../lib/gcc/riscv-none-embed/8.2.0/../../../../riscv-none-embed/lib/rv32imac/ilp32\libnosys.a(sbrk.o)
 *(.gnu.linkonce.sb.*)
 *(.bss*)
 *(.gnu.linkonce.b.*)
 *(COMMON*)
 COMMON         0x0000000020004194        0x4 e:/ranjian/mounriver/mounriver_studio/toolchain/risc-v embedded gcc/bin/../lib/gcc/riscv-none-embed/8.2.0/../../../../riscv-none-embed/lib/rv32imac/ilp32\libg_nano.a(lib_a-reent.o)
                0x0000000020004194                errno
                0x0000000020004198                . = ALIGN (0x4)
                0x0000000020004198                PROVIDE (_ebss = .)
                [!provide]                        PROVIDE (_end = _ebss)
                0x0000000020004198                PROVIDE (end = .)

.stack          0x0000000020008000        0x0
                0x0000000020008000                . = ALIGN (0x4)
                0x0000000020008000                PROVIDE (_eusrstack = .)
OUTPUT(PM.elf elf32-littleriscv)

.debug_info     0x0000000000000000     0x6e1a
 .debug_info    0x0000000000000000     0x13b9 ./src/Main.o
 .debug_info    0x00000000000013b9     0x167b ./StdPeriphDriver/CH57x_clk.o
 .debug_info    0x0000000000002a34      0xdae ./StdPeriphDriver/CH57x_gpio.o
 .debug_info    0x00000000000037e2     0x1532 ./StdPeriphDriver/CH57x_pwr.o
 .debug_info    0x0000000000004d14     0x135e ./StdPeriphDriver/CH57x_sys.o
 .debug_info    0x0000000000006072      0xd86 ./StdPeriphDriver/CH57x_uart1.o
 .debug_info    0x0000000000006df8       0x22 ./Startup/startup_CH573.o

.debug_abbrev   0x0000000000000000     0x12d9
 .debug_abbrev  0x0000000000000000      0x2fb ./src/Main.o
 .debug_abbrev  0x00000000000002fb      0x3bf ./StdPeriphDriver/CH57x_clk.o
 .debug_abbrev  0x00000000000006ba      0x268 ./StdPeriphDriver/CH57x_gpio.o
 .debug_abbrev  0x0000000000000922      0x369 ./StdPeriphDriver/CH57x_pwr.o
 .debug_abbrev  0x0000000000000c8b      0x392 ./StdPeriphDriver/CH57x_sys.o
 .debug_abbrev  0x000000000000101d      0x2aa ./StdPeriphDriver/CH57x_uart1.o
 .debug_abbrev  0x00000000000012c7       0x12 ./Startup/startup_CH573.o

.debug_loc      0x0000000000000000     0x1649
 .debug_loc     0x0000000000000000       0x14 ./src/Main.o
 .debug_loc     0x0000000000000014      0xb65 ./StdPeriphDriver/CH57x_clk.o
 .debug_loc     0x0000000000000b79      0x361 ./StdPeriphDriver/CH57x_gpio.o
 .debug_loc     0x0000000000000eda      0x2f7 ./StdPeriphDriver/CH57x_pwr.o
 .debug_loc     0x00000000000011d1      0x28b ./StdPeriphDriver/CH57x_sys.o
 .debug_loc     0x000000000000145c      0x1ed ./StdPeriphDriver/CH57x_uart1.o

.debug_aranges  0x0000000000000000      0x298
 .debug_aranges
                0x0000000000000000       0x30 ./src/Main.o
 .debug_aranges
                0x0000000000000030       0xb0 ./StdPeriphDriver/CH57x_clk.o
 .debug_aranges
                0x00000000000000e0       0x48 ./StdPeriphDriver/CH57x_gpio.o
 .debug_aranges
                0x0000000000000128       0x60 ./StdPeriphDriver/CH57x_pwr.o
 .debug_aranges
                0x0000000000000188       0x88 ./StdPeriphDriver/CH57x_sys.o
 .debug_aranges
                0x0000000000000210       0x50 ./StdPeriphDriver/CH57x_uart1.o
 .debug_aranges
                0x0000000000000260       0x38 ./Startup/startup_CH573.o

.debug_ranges   0x0000000000000000      0x398
 .debug_ranges  0x0000000000000000       0x20 ./src/Main.o
 .debug_ranges  0x0000000000000020      0x198 ./StdPeriphDriver/CH57x_clk.o
 .debug_ranges  0x00000000000001b8       0x38 ./StdPeriphDriver/CH57x_gpio.o
 .debug_ranges  0x00000000000001f0       0xa8 ./StdPeriphDriver/CH57x_pwr.o
 .debug_ranges  0x0000000000000298       0x90 ./StdPeriphDriver/CH57x_sys.o
 .debug_ranges  0x0000000000000328       0x40 ./StdPeriphDriver/CH57x_uart1.o
 .debug_ranges  0x0000000000000368       0x30 ./Startup/startup_CH573.o

.debug_line     0x0000000000000000     0x50de
 .debug_line    0x0000000000000000      0x4bd ./src/Main.o
 .debug_line    0x00000000000004bd     0x1d8c ./StdPeriphDriver/CH57x_clk.o
 .debug_line    0x0000000000002249      0x797 ./StdPeriphDriver/CH57x_gpio.o
 .debug_line    0x00000000000029e0     0x119f ./StdPeriphDriver/CH57x_pwr.o
 .debug_line    0x0000000000003b7f      0xd22 ./StdPeriphDriver/CH57x_sys.o
 .debug_line    0x00000000000048a1      0x5da ./StdPeriphDriver/CH57x_uart1.o
 .debug_line    0x0000000000004e7b      0x263 ./Startup/startup_CH573.o

.debug_str      0x0000000000000000     0x155d
 .debug_str     0x0000000000000000      0xbf3 ./src/Main.o
                                        0xc7c (size before relaxing)
 .debug_str     0x0000000000000bf3      0x46e ./StdPeriphDriver/CH57x_clk.o
                                        0xc0e (size before relaxing)
 .debug_str     0x0000000000001061       0xa8 ./StdPeriphDriver/CH57x_gpio.o
                                        0x8e5 (size before relaxing)
 .debug_str     0x0000000000001109      0x188 ./StdPeriphDriver/CH57x_pwr.o
                                        0xbc6 (size before relaxing)
 .debug_str     0x0000000000001291      0x180 ./StdPeriphDriver/CH57x_sys.o
                                        0xb4f (size before relaxing)
 .debug_str     0x0000000000001411      0x101 ./StdPeriphDriver/CH57x_uart1.o
                                        0x88a (size before relaxing)
 .debug_str     0x0000000000001512       0x4b ./Startup/startup_CH573.o
                                         0x75 (size before relaxing)

.comment        0x0000000000000000       0x33
 .comment       0x0000000000000000       0x33 ./src/Main.o
                                         0x34 (size before relaxing)
 .comment       0x0000000000000033       0x34 ./StdPeriphDriver/CH57x_clk.o
 .comment       0x0000000000000033       0x34 ./StdPeriphDriver/CH57x_gpio.o
 .comment       0x0000000000000033       0x34 ./StdPeriphDriver/CH57x_pwr.o
 .comment       0x0000000000000033       0x34 ./StdPeriphDriver/CH57x_sys.o
 .comment       0x0000000000000033       0x34 ./StdPeriphDriver/CH57x_uart1.o
 .comment       0x0000000000000033       0x34 E:\桌面文件\chelouxietong\EVT\EXAM\SRC\StdPeriphDriver\libISP573.a(ISP573.o)

.debug_frame    0x0000000000000000      0xebc
 .debug_frame   0x0000000000000000       0x54 ./src/Main.o
 .debug_frame   0x0000000000000054      0x204 ./StdPeriphDriver/CH57x_clk.o
 .debug_frame   0x0000000000000258       0x70 ./StdPeriphDriver/CH57x_gpio.o
 .debug_frame   0x00000000000002c8      0x110 ./StdPeriphDriver/CH57x_pwr.o
 .debug_frame   0x00000000000003d8      0x114 ./StdPeriphDriver/CH57x_sys.o
 .debug_frame   0x00000000000004ec       0x9c ./StdPeriphDriver/CH57x_uart1.o
 .debug_frame   0x0000000000000588       0x54 e:/ranjian/mounriver/mounriver_studio/toolchain/risc-v embedded gcc/bin/../lib/gcc/riscv-none-embed/8.2.0/../../../../riscv-none-embed/lib/rv32imac/ilp32\libg_nano.a(lib_a-printf.o)
 .debug_frame   0x00000000000005dc       0x54 e:/ranjian/mounriver/mounriver_studio/toolchain/risc-v embedded gcc/bin/../lib/gcc/riscv-none-embed/8.2.0/../../../../riscv-none-embed/lib/rv32imac/ilp32\libg_nano.a(lib_a-puts.o)
 .debug_frame   0x0000000000000630       0x50 e:/ranjian/mounriver/mounriver_studio/toolchain/risc-v embedded gcc/bin/../lib/gcc/riscv-none-embed/8.2.0/../../../../riscv-none-embed/lib/rv32imac/ilp32\libg_nano.a(lib_a-wbuf.o)
 .debug_frame   0x0000000000000680       0x3c e:/ranjian/mounriver/mounriver_studio/toolchain/risc-v embedded gcc/bin/../lib/gcc/riscv-none-embed/8.2.0/../../../../riscv-none-embed/lib/rv32imac/ilp32\libg_nano.a(lib_a-wsetup.o)
 .debug_frame   0x00000000000006bc       0x7c e:/ranjian/mounriver/mounriver_studio/toolchain/risc-v embedded gcc/bin/../lib/gcc/riscv-none-embed/8.2.0/../../../../riscv-none-embed/lib/rv32imac/ilp32\libg_nano.a(lib_a-fflush.o)
 .debug_frame   0x0000000000000738      0x148 e:/ranjian/mounriver/mounriver_studio/toolchain/risc-v embedded gcc/bin/../lib/gcc/riscv-none-embed/8.2.0/../../../../riscv-none-embed/lib/rv32imac/ilp32\libg_nano.a(lib_a-findfp.o)
 .debug_frame   0x0000000000000880       0x88 e:/ranjian/mounriver/mounriver_studio/toolchain/risc-v embedded gcc/bin/../lib/gcc/riscv-none-embed/8.2.0/../../../../riscv-none-embed/lib/rv32imac/ilp32\libg_nano.a(lib_a-fwalk.o)
 .debug_frame   0x0000000000000908       0x64 e:/ranjian/mounriver/mounriver_studio/toolchain/risc-v embedded gcc/bin/../lib/gcc/riscv-none-embed/8.2.0/../../../../riscv-none-embed/lib/rv32imac/ilp32\libg_nano.a(lib_a-makebuf.o)
 .debug_frame   0x000000000000096c       0x40 e:/ranjian/mounriver/mounriver_studio/toolchain/risc-v embedded gcc/bin/../lib/gcc/riscv-none-embed/8.2.0/../../../../riscv-none-embed/lib/rv32imac/ilp32\libg_nano.a(lib_a-nano-freer.o)
 .debug_frame   0x00000000000009ac       0x40 e:/ranjian/mounriver/mounriver_studio/toolchain/risc-v embedded gcc/bin/../lib/gcc/riscv-none-embed/8.2.0/../../../../riscv-none-embed/lib/rv32imac/ilp32\libg_nano.a(lib_a-nano-mallocr.o)
 .debug_frame   0x00000000000009ec       0xd0 e:/ranjian/mounriver/mounriver_studio/toolchain/risc-v embedded gcc/bin/../lib/gcc/riscv-none-embed/8.2.0/../../../../riscv-none-embed/lib/rv32imac/ilp32\libg_nano.a(lib_a-nano-vfprintf.o)
 .debug_frame   0x0000000000000abc       0x8c e:/ranjian/mounriver/mounriver_studio/toolchain/risc-v embedded gcc/bin/../lib/gcc/riscv-none-embed/8.2.0/../../../../riscv-none-embed/lib/rv32imac/ilp32\libg_nano.a(lib_a-nano-vfprintf_i.o)
 .debug_frame   0x0000000000000b48       0x30 e:/ranjian/mounriver/mounriver_studio/toolchain/risc-v embedded gcc/bin/../lib/gcc/riscv-none-embed/8.2.0/../../../../riscv-none-embed/lib/rv32imac/ilp32\libg_nano.a(lib_a-sbrkr.o)
 .debug_frame   0x0000000000000b78       0xa4 e:/ranjian/mounriver/mounriver_studio/toolchain/risc-v embedded gcc/bin/../lib/gcc/riscv-none-embed/8.2.0/../../../../riscv-none-embed/lib/rv32imac/ilp32\libg_nano.a(lib_a-stdio.o)
 .debug_frame   0x0000000000000c1c       0x30 e:/ranjian/mounriver/mounriver_studio/toolchain/risc-v embedded gcc/bin/../lib/gcc/riscv-none-embed/8.2.0/../../../../riscv-none-embed/lib/rv32imac/ilp32\libg_nano.a(lib_a-writer.o)
 .debug_frame   0x0000000000000c4c       0x30 e:/ranjian/mounriver/mounriver_studio/toolchain/risc-v embedded gcc/bin/../lib/gcc/riscv-none-embed/8.2.0/../../../../riscv-none-embed/lib/rv32imac/ilp32\libg_nano.a(lib_a-closer.o)
 .debug_frame   0x0000000000000c7c       0x30 e:/ranjian/mounriver/mounriver_studio/toolchain/risc-v embedded gcc/bin/../lib/gcc/riscv-none-embed/8.2.0/../../../../riscv-none-embed/lib/rv32imac/ilp32\libg_nano.a(lib_a-fstatr.o)
 .debug_frame   0x0000000000000cac       0x30 e:/ranjian/mounriver/mounriver_studio/toolchain/risc-v embedded gcc/bin/../lib/gcc/riscv-none-embed/8.2.0/../../../../riscv-none-embed/lib/rv32imac/ilp32\libg_nano.a(lib_a-isattyr.o)
 .debug_frame   0x0000000000000cdc       0x30 e:/ranjian/mounriver/mounriver_studio/toolchain/risc-v embedded gcc/bin/../lib/gcc/riscv-none-embed/8.2.0/../../../../riscv-none-embed/lib/rv32imac/ilp32\libg_nano.a(lib_a-lseekr.o)
 .debug_frame   0x0000000000000d0c       0x20 e:/ranjian/mounriver/mounriver_studio/toolchain/risc-v embedded gcc/bin/../lib/gcc/riscv-none-embed/8.2.0/../../../../riscv-none-embed/lib/rv32imac/ilp32\libg_nano.a(lib_a-memchr.o)
 .debug_frame   0x0000000000000d2c       0x30 e:/ranjian/mounriver/mounriver_studio/toolchain/risc-v embedded gcc/bin/../lib/gcc/riscv-none-embed/8.2.0/../../../../riscv-none-embed/lib/rv32imac/ilp32\libg_nano.a(lib_a-mlock.o)
 .debug_frame   0x0000000000000d5c       0x30 e:/ranjian/mounriver/mounriver_studio/toolchain/risc-v embedded gcc/bin/../lib/gcc/riscv-none-embed/8.2.0/../../../../riscv-none-embed/lib/rv32imac/ilp32\libg_nano.a(lib_a-readr.o)
 .debug_frame   0x0000000000000d8c       0x70 e:/ranjian/mounriver/mounriver_studio/toolchain/risc-v embedded gcc/bin/../lib/gcc/riscv-none-embed/8.2.0/../../../../riscv-none-embed/lib/rv32imac/ilp32\libg_nano.a(lib_a-reent.o)
 .debug_frame   0x0000000000000dfc       0x20 e:/ranjian/mounriver/mounriver_studio/toolchain/risc-v embedded gcc/bin/../lib/gcc/riscv-none-embed/8.2.0/../../../../riscv-none-embed/lib/rv32imac/ilp32\libnosys.a(close.o)
 .debug_frame   0x0000000000000e1c       0x20 e:/ranjian/mounriver/mounriver_studio/toolchain/risc-v embedded gcc/bin/../lib/gcc/riscv-none-embed/8.2.0/../../../../riscv-none-embed/lib/rv32imac/ilp32\libnosys.a(fstat.o)
 .debug_frame   0x0000000000000e3c       0x20 e:/ranjian/mounriver/mounriver_studio/toolchain/risc-v embedded gcc/bin/../lib/gcc/riscv-none-embed/8.2.0/../../../../riscv-none-embed/lib/rv32imac/ilp32\libnosys.a(isatty.o)
 .debug_frame   0x0000000000000e5c       0x20 e:/ranjian/mounriver/mounriver_studio/toolchain/risc-v embedded gcc/bin/../lib/gcc/riscv-none-embed/8.2.0/../../../../riscv-none-embed/lib/rv32imac/ilp32\libnosys.a(lseek.o)
 .debug_frame   0x0000000000000e7c       0x20 e:/ranjian/mounriver/mounriver_studio/toolchain/risc-v embedded gcc/bin/../lib/gcc/riscv-none-embed/8.2.0/../../../../riscv-none-embed/lib/rv32imac/ilp32\libnosys.a(read.o)
 .debug_frame   0x0000000000000e9c       0x20 e:/ranjian/mounriver/mounriver_studio/toolchain/risc-v embedded gcc/bin/../lib/gcc/riscv-none-embed/8.2.0/../../../../riscv-none-embed/lib/rv32imac/ilp32\libnosys.a(sbrk.o)

.stab           0x0000000000000000       0x84
 .stab          0x0000000000000000       0x24 e:/ranjian/mounriver/mounriver_studio/toolchain/risc-v embedded gcc/bin/../lib/gcc/riscv-none-embed/8.2.0/../../../../riscv-none-embed/lib/rv32imac/ilp32\libnosys.a(close.o)
 .stab          0x0000000000000024       0x18 e:/ranjian/mounriver/mounriver_studio/toolchain/risc-v embedded gcc/bin/../lib/gcc/riscv-none-embed/8.2.0/../../../../riscv-none-embed/lib/rv32imac/ilp32\libnosys.a(fstat.o)
                                         0x24 (size before relaxing)
 .stab          0x000000000000003c       0x18 e:/ranjian/mounriver/mounriver_studio/toolchain/risc-v embedded gcc/bin/../lib/gcc/riscv-none-embed/8.2.0/../../../../riscv-none-embed/lib/rv32imac/ilp32\libnosys.a(isatty.o)
                                         0x24 (size before relaxing)
 .stab          0x0000000000000054       0x18 e:/ranjian/mounriver/mounriver_studio/toolchain/risc-v embedded gcc/bin/../lib/gcc/riscv-none-embed/8.2.0/../../../../riscv-none-embed/lib/rv32imac/ilp32\libnosys.a(lseek.o)
                                         0x24 (size before relaxing)
 .stab          0x000000000000006c       0x18 e:/ranjian/mounriver/mounriver_studio/toolchain/risc-v embedded gcc/bin/../lib/gcc/riscv-none-embed/8.2.0/../../../../riscv-none-embed/lib/rv32imac/ilp32\libnosys.a(read.o)
                                         0x24 (size before relaxing)

.stabstr        0x0000000000000000      0x117
 .stabstr       0x0000000000000000      0x117 e:/ranjian/mounriver/mounriver_studio/toolchain/risc-v embedded gcc/bin/../lib/gcc/riscv-none-embed/8.2.0/../../../../riscv-none-embed/lib/rv32imac/ilp32\libnosys.a(close.o)
