Archive member included to satisfy reference by file (symbol)

E:\chelou\CH573\EVTEVT\EVT\EXAM\SRC\StdPeriphDriver\libISP573.a(ISP573.o)
                              ./StdPeriphDriver/CH57x_pwr.o (FLASH_EEPROM_CMD)
E:\chelou\CH573\EVTEVT\EVT\EXAM\BLE\MESH\MESH_LIB\libMESH.a(mesh_access.o)
                              ./APP/app_vendor_model_srv.o (bt_mesh_model_msg_init)
E:\chelou\CH573\EVTEVT\EVT\EXAM\BLE\MESH\MESH_LIB\libMESH.a(mesh_adapt.o)
                              E:\chelou\CH573\EVTEVT\EVT\EXAM\BLE\MESH\MESH_LIB\libMESH.a(mesh_access.o) (k_uptime_get_32)
E:\chelou\CH573\EVTEVT\EVT\EXAM\BLE\MESH\MESH_LIB\libMESH.a(mesh_adv.o)
                              E:\chelou\CH573\EVTEVT\EVT\EXAM\BLE\MESH\MESH_LIB\libMESH.a(mesh_adapt.o) (adv_conn_set_state)
E:\chelou\CH573\EVTEVT\EVT\EXAM\BLE\MESH\MESH_LIB\libMESH.a(mesh_api.o)
                              E:\chelou\CH573\EVTEVT\EVT\EXAM\BLE\MESH\MESH_LIB\libMESH.a(mesh_adv.o) (adv_buf_count_get)
E:\chelou\CH573\EVTEVT\EVT\EXAM\BLE\MESH\MESH_LIB\libMESH.a(mesh_beacon.o)
                              E:\chelou\CH573\EVTEVT\EVT\EXAM\BLE\MESH\MESH_LIB\libMESH.a(mesh_adv.o) (bt_mesh_beacon_recv)
E:\chelou\CH573\EVTEVT\EVT\EXAM\BLE\MESH\MESH_LIB\libMESH.a(mesh_buf.o)
                              E:\chelou\CH573\EVTEVT\EVT\EXAM\BLE\MESH\MESH_LIB\libMESH.a(mesh_beacon.o) (net_buf_simple_pull_mem)
E:\chelou\CH573\EVTEVT\EVT\EXAM\BLE\MESH\MESH_LIB\libMESH.a(mesh_cfg_cli.o)
                              E:\chelou\CH573\EVTEVT\EVT\EXAM\BLE\MESH\MESH_LIB\libMESH.a(mesh_access.o) (bt_mesh_cfg_cli_cb)
E:\chelou\CH573\EVTEVT\EVT\EXAM\BLE\MESH\MESH_LIB\libMESH.a(mesh_cfg_srv.o)
                              E:\chelou\CH573\EVTEVT\EVT\EXAM\BLE\MESH\MESH_LIB\libMESH.a(mesh_api.o) (_set_mesh_configserver_buf)
E:\chelou\CH573\EVTEVT\EVT\EXAM\BLE\MESH\MESH_LIB\libMESH.a(mesh_crypto.o)
                              E:\chelou\CH573\EVTEVT\EVT\EXAM\BLE\MESH\MESH_LIB\libMESH.a(mesh_beacon.o) (bt_mesh_aes_cmac)
E:\chelou\CH573\EVTEVT\EVT\EXAM\BLE\MESH\MESH_LIB\libMESH.a(mesh_friend.o)
                              E:\chelou\CH573\EVTEVT\EVT\EXAM\BLE\MESH\MESH_LIB\libMESH.a(mesh_api.o) (_set_mesh_friend_buf)
E:\chelou\CH573\EVTEVT\EVT\EXAM\BLE\MESH\MESH_LIB\libMESH.a(mesh_hal_rf.o)
                              E:\chelou\CH573\EVTEVT\EVT\EXAM\BLE\MESH\MESH_LIB\libMESH.a(mesh_adapt.o) (hal_rf_set_rx_cb)
E:\chelou\CH573\EVTEVT\EVT\EXAM\BLE\MESH\MESH_LIB\libMESH.a(mesh_health_cli.o)
                              E:\chelou\CH573\EVTEVT\EVT\EXAM\BLE\MESH\MESH_LIB\libMESH.a(mesh_access.o) (bt_mesh_health_cli_cb)
E:\chelou\CH573\EVTEVT\EVT\EXAM\BLE\MESH\MESH_LIB\libMESH.a(mesh_health_srv.o)
                              ./APP/app.o (bt_mesh_health_mod_srv_cb)
E:\chelou\CH573\EVTEVT\EVT\EXAM\BLE\MESH\MESH_LIB\libMESH.a(mesh_lpn.o)
                              E:\chelou\CH573\EVTEVT\EVT\EXAM\BLE\MESH\MESH_LIB\libMESH.a(mesh_api.o) (bt_mesh_lpn_disable)
E:\chelou\CH573\EVTEVT\EVT\EXAM\BLE\MESH\MESH_LIB\libMESH.a(mesh_mem.o)
                              E:\chelou\CH573\EVTEVT\EVT\EXAM\BLE\MESH\MESH_LIB\libMESH.a(mesh_cfg_srv.o) (get_msb_set)
E:\chelou\CH573\EVTEVT\EVT\EXAM\BLE\MESH\MESH_LIB\libMESH.a(mesh_net.o)
                              E:\chelou\CH573\EVTEVT\EVT\EXAM\BLE\MESH\MESH_LIB\libMESH.a(mesh_api.o) (_set_mesh_net_buf)
E:\chelou\CH573\EVTEVT\EVT\EXAM\BLE\MESH\MESH_LIB\libMESH.a(mesh_nvs.o)
                              E:\chelou\CH573\EVTEVT\EVT\EXAM\BLE\MESH\MESH_LIB\libMESH.a(mesh_api.o) (_set_mesh_settings_buf)
E:\chelou\CH573\EVTEVT\EVT\EXAM\BLE\MESH\MESH_LIB\libMESH.a(mesh_prov.o)
                              E:\chelou\CH573\EVTEVT\EVT\EXAM\BLE\MESH\MESH_LIB\libMESH.a(mesh_nvs.o) (bt_mesh_node_alloc)
E:\chelou\CH573\EVTEVT\EVT\EXAM\BLE\MESH\MESH_LIB\libMESH.a(mesh_proxy.o)
                              E:\chelou\CH573\EVTEVT\EVT\EXAM\BLE\MESH\MESH_LIB\libMESH.a(mesh_api.o) (_set_mesh_proxy_buf)
E:\chelou\CH573\EVTEVT\EVT\EXAM\BLE\MESH\MESH_LIB\libMESH.a(mesh_transport.o)
                              E:\chelou\CH573\EVTEVT\EVT\EXAM\BLE\MESH\MESH_LIB\libMESH.a(mesh_api.o) (_set_mesh_transport_buf)
E:\chelou\CH573\EVTEVT\EVT\EXAM\BLE\MESH\MESH_LIB\libMESH.a(mesh_work_process.o)
                              E:\chelou\CH573\EVTEVT\EVT\EXAM\BLE\MESH\MESH_LIB\libMESH.a(mesh_net.o) (k_work_init)
E:\chelou\CH573\EVTEVT\EVT\EXAM\BLE\MESH\MESH_LIB\libMESH.a(mesh_work_timer.o)
                              E:\chelou\CH573\EVTEVT\EVT\EXAM\BLE\MESH\MESH_LIB\libMESH.a(mesh_work_process.o) (z_timeout_remaining)
E:\chelou\CH573\EVTEVT\EVT\EXAM\BLE\MESH\MESH_LIB\libMESH.a(uECC.o)
                              E:\chelou\CH573\EVTEVT\EVT\EXAM\BLE\MESH\MESH_LIB\libMESH.a(mesh_crypto.o) (uECC_set_rng)
E:\chelou\CH573\EVTEVT\EVT\EXAM\BLE\LIB\libCH57xBLE.a(message.o)
                              ./HAL/MCU.o (tmos_msg_deallocate)
E:\chelou\CH573\EVTEVT\EVT\EXAM\BLE\LIB\libCH57xBLE.a(tmos.o)
[...]
Memory Configuration

Name             Origin             Length             Attributes
FLASH            0x0000000000000000 0x0000000000070000 xr
RAM              0x0000000020003800 0x0000000000004800 xrw
*default*        0x0000000000000000 0xffffffffffffffff

Linker script and memory map

LOAD ./StdPeriphDriver/CH57x_adc.o
LOAD ./StdPeriphDriver/CH57x_clk.o
LOAD ./StdPeriphDriver/CH57x_flash.o
LOAD ./StdPeriphDriver/CH57x_gpio.o
LOAD ./StdPeriphDriver/CH57x_pwm.o
LOAD ./StdPeriphDriver/CH57x_pwr.o
LOAD ./StdPeriphDriver/CH57x_spi0.o
LOAD ./StdPeriphDriver/CH57x_sys.o
LOAD ./StdPeriphDriver/CH57x_timer0.o
LOAD ./StdPeriphDriver/CH57x_timer1.o
LOAD ./StdPeriphDriver/CH57x_timer2.o
LOAD ./StdPeriphDriver/CH57x_timer3.o
LOAD ./StdPeriphDriver/CH57x_uart0.o
LOAD ./StdPeriphDriver/CH57x_uart1.o
LOAD ./StdPeriphDriver/CH57x_uart2.o
LOAD ./StdPeriphDriver/CH57x_uart3.o
LOAD ./StdPeriphDriver/CH57x_usbdev.o
LOAD ./StdPeriphDriver/CH57x_usbhostBase.o
LOAD ./StdPeriphDriver/CH57x_usbhostClass.o
LOAD ./Startup/startup_CH573.o
LOAD ./RVMSIS/core_riscv.o
LOAD ./HAL/KEY.o
LOAD ./HAL/LED.o
LOAD ./HAL/MCU.o
LOAD ./HAL/RTC.o
LOAD ./HAL/SLEEP.o
LOAD ./APP/app.o
LOAD ./APP/app_main.o
LOAD ./APP/app_mesh_config.o
LOAD ./APP/app_vendor_model_srv.o
LOAD ./APP/openmv.o
LOAD E:\chelou\CH573\EVTEVT\EVT\EXAM\SRC\StdPeriphDriver\libISP573.a
LOAD e:/ranjian/mounriver/mounriver_studio/toolchain/risc-v embedded gcc/bin/../lib/gcc/riscv-none-embed/8.2.0/../../../../riscv-none-embed/lib/rv32imac/ilp32\libm.a
LOAD E:\chelou\CH573\EVTEVT\EVT\EXAM\BLE\MESH\MESH_LIB\libMESH.a
LOAD E:\chelou\CH573\EVTEVT\EVT\EXAM\BLE\LIB\libCH57xBLE.a
LOAD e:/ranjian/mounriver/mounriver_studio/toolchain/risc-v embedded gcc/bin/../lib/gcc/riscv-none-embed/8.2.0/rv32imac/ilp32\libgcc.a
LOAD e:/ranjian/mounriver/mounriver_studio/toolchain/risc-v embedded gcc/bin/../lib/gcc/riscv-none-embed/8.2.0/../../../../riscv-none-embed/lib/rv32imac/ilp32\libg_nano.a
LOAD e:/ranjian/mounriver/mounriver_studio/toolchain/risc-v embedded gcc/bin/../lib/gcc/riscv-none-embed/8.2.0/../../../../riscv-none-embed/lib/rv32imac/ilp32\libc_nano.a
LOAD e:/ranjian/mounriver/mounriver_studio/toolchain/risc-v embedded gcc/bin/../lib/gcc/riscv-none-embed/8.2.0/rv32imac/ilp32\libgcc.a
START GROUP
LOAD e:/ranjian/mounriver/mounriver_studio/toolchain/risc-v embedded gcc/bin/../lib/gcc/riscv-none-embed/8.2.0/rv32imac/ilp32\libgcc.a
LOAD e:/ranjian/mounriver/mounriver_studio/toolchain/risc-v embedded gcc/bin/../lib/gcc/riscv-none-embed/8.2.0/../../../../riscv-none-embed/lib/rv32imac/ilp32\libc_nano.a
LOAD e:/ranjian/mounriver/mounriver_studio/toolchain/risc-v embedded gcc/bin/../lib/gcc/riscv-none-embed/8.2.0/../../../../riscv-none-embed/lib/rv32imac/ilp32\libnosys.a
END GROUP
START GROUP
LOAD e:/ranjian/mounriver/mounriver_studio/toolchain/risc-v embedded gcc/bin/../lib/gcc/riscv-none-embed/8.2.0/rv32imac/ilp32\libgcc.a
LOAD e:/ranjian/mounriver/mounriver_studio/toolchain/risc-v embedded gcc/bin/../lib/gcc/riscv-none-embed/8.2.0/../../../../riscv-none-embed/lib/rv32imac/ilp32\libc_nano.a
LOAD e:/ranjian/mounriver/mounriver_studio/toolchain/risc-v embedded gcc/bin/../lib/gcc/riscv-none-embed/8.2.0/../../../../riscv-none-embed/lib/rv32imac/ilp32\libnosys.a
END GROUP

.init           0x0000000000000000        0x4
                0x0000000000000000                _sinit = .
                0x0000000000000000                . = ALIGN (0x4)
 *(SORT_NONE(.init))
 .init          0x0000000000000000        0x4 ./Startup/startup_CH573.o
                0x0000000000000000                _start
                0x0000000000000004                . = ALIGN (0x4)
                0x0000000000000004                _einit = .

.highcodelalign
                0x0000000000000004        0x0
                0x0000000000000004                . = ALIGN (0x4)
                0x0000000000000004                PROVIDE (_highcode_lma = .)

.highcode       0x0000000020003800     0x161c load address 0x0000000000000004
                0x0000000020003800                . = ALIGN (0x4)
                0x0000000020003800                PROVIDE (_highcode_vma_start = .)
 *(.vector)
 .vector        0x0000000020003800       0x90 ./Startup/startup_CH573.o
 *(SORT_NONE(.vector_handler))
 .vector_handler
                0x0000000020003890       0x2c ./Startup/startup_CH573.o
                0x0000000020003890                NMI_Handler
                0x0000000020003894                SysTick_Handler
                0x0000000020003896                SW_Handler
                0x0000000020003898                TMR0_IRQHandler
                0x000000002000389a                GPIOA_IRQHandler
                0x000000002000389c                GPIOB_IRQHandler
                0x000000002000389e                SPI0_IRQHandler
                0x00000000200038a0                BB_IRQHandler
                0x00000000200038a2                LLE_IRQHandler
                0x00000000200038a4                USB_IRQHandler
                0x00000000200038a6                TMR1_IRQHandler
                0x00000000200038a8                TMR2_IRQHandler
                0x00000000200038b0                ADC_IRQHandler
                0x00000000200038b2                PWMX_IRQHandler
                0x00000000200038b6                UART2_IRQHandler
                0x00000000200038b8                UART3_IRQHandler
                0x00000000200038ba                WDOG_BAT_IRQHandler
 *(.highcode)
 .highcode      0x00000000200038bc       0x4a ./StdPeriphDriver/CH57x_clk.o
                0x00000000200038bc                Get_Calibration_Cnt_RAM
 .highcode      0x0000000020003906      0x1a8 ./StdPeriphDriver/CH57x_sys.o
                0x0000000020003906                SetSysClock
                0x0000000020003a02                SYS_ResetExecute
                0x0000000020003a3a                HardFault_Handler
                0x0000000020003a78                mDelayuS
                0x0000000020003a86                mDelaymS
 .highcode      0x0000000020003aae       0x16 ./HAL/RTC.o
                0x0000000020003aae                RTC_IRQHandler
 .highcode      0x0000000020003ac4      0x272 ./APP/app_main.o
                0x0000000020003ac4                Main_Circulation
                0x0000000020003af0                TMR3_IRQHandler
                0x0000000020003b9c                UART0_IRQHandler
                0x0000000020003d1e                UART1_IRQHandler
 .highcode      0x0000000020003d36      0x3ee E:\chelou\CH573\EVTEVT\EVT\EXAM\SRC\StdPeriphDriver\libISP573.a(ISP573.o)
                0x0000000020003d36                FLASH_ROM_BEG
                0x0000000020003d48                FLASH_ROM_END
                0x0000000020003d56                FLASH_ROM_IN
                0x0000000020003d64                FLASH_ROM_OUT
                0x0000000020003d72                FLASH_ROM_ADDR
                0x0000000020003dba                FLASH_ROM_WAIT
                0x0000000020003df2                FLASH_EEPROM_CMD
 .highcode      0x0000000020004124      0x31c E:\chelou\CH573\EVTEVT\EVT\EXAM\BLE\MESH\MESH_LIB\libMESH.a(uECC.o)
                0x00000000200041b6                uECC_vli_clear
                0x00000000200041d2                uECC_vli_isZero
                0x00000000200041f4                uECC_vli_testBit
                0x0000000020004208                uECC_vli_numBits
                0x0000000020004240                uECC_vli_set
                0x0000000020004260                uECC_vli_equal
                0x000000002000428e                uECC_vli_rshift1
                0x00000000200042ae                uECC_vli_add
                0x00000000200042e8                uECC_vli_sub
                0x0000000020004328                uECC_vli_cmp
                0x000000002000435c                uECC_vli_mult
 .highcode      0x0000000020004440      0x230 E:\chelou\CH573\EVTEVT\EVT\EXAM\BLE\LIB\libCH57xBLE.a(tmos.o)
                0x000000002000445c                tmos_memcpy
                0x000000002000447c                tmos_memcpy_word
                0x0000000020004498                TMOS_SystemProcess
 .highcode      0x0000000020004670       0xc2 E:\chelou\CH573\EVTEVT\EVT\EXAM\BLE\LIB\libCH57xBLE.a(tmos_hw.o)
                0x0000000020004670                BLE_GetHSEClock
                0x00000000200046ae                RTC_Get32KClock
                0x00000000200046c6                SYS_GetTickCount
 .highcode      0x0000000020004732      0x1c4 E:\chelou\CH573\EVTEVT\EVT\EXAM\BLE\LIB\libCH57xBLE.a(bb.o)
                0x0000000020004732                BB_IRQLibHandler
                0x00000000200048ac                BB_IRQLibFunction
 .highcode      0x00000000200048f6      0x198 E:\chelou\CH573\EVTEVT\EVT\EXAM\BLE\LIB\libCH57xBLE.a(ip.o)
                0x00000000200048f6                ll_tx_wait_finish
                0x0000000020004922                ll_tx_wait_tx_dma
                0x0000000020004980                ll_rx_wait_finish
                0x00000000200049b6                ll_rx_wait_tx_dma
                0x0000000020004a04                ble_ll_chkcrc
 .highcode      0x0000000020004a8e      0x1a4 E:\chelou\CH573\EVTEVT\EVT\EXAM\BLE\LIB\libCH57xBLE.a(lle.o)
                0x0000000020004a8e                LLE_IRQLibHandler
                0x0000000020004be8                LLE_IRQLibFunction
 .highcode      0x0000000020004c32       0x82 E:\chelou\CH573\EVTEVT\EVT\EXAM\BLE\LIB\libCH57xBLE.a(rf_fh.o)
                0x0000000020004c32                RF_HopGetChannel
 .highcode      0x0000000020004cb4       0x2c E:\chelou\CH573\EVTEVT\EVT\EXAM\BLE\LIB\libCH57xBLE.a(rfend.o)
                0x0000000020004cb4                RFEND_WaitTune
 .highcode      0x0000000020004ce0      0x13a E:\chelou\CH573\EVTEVT\EVT\EXAM\BLE\LIB\libCH57xBLE.a(memory.o)
                0x0000000020004ce0                tmos_memory_allocate
                0x0000000020004d7a                tmos_memory_free
 *(.highcode.*)
                0x0000000020004e1c                . = ALIGN (0x4)
 *fill*         0x0000000020004e1a        0x2 
                0x0000000020004e1c                PROVIDE (_highcode_vma_end = .)

.text           0x0000000000001620    0x1e9ac
                0x0000000000001620                . = ALIGN (0x4)
 *(SORT_NONE(.handle_reset))
 .handle_reset  0x0000000000001620       0xa2 ./Startup/startup_CH573.o
                0x0000000000001620                handle_reset
 *(.text)
 .text          0x00000000000016c2       0x60 e:/ranjian/mounriver/mounriver_studio/toolchain/risc-v embedded gcc/bin/../lib/gcc/riscv-none-embed/8.2.0/rv32imac/ilp32\libgcc.a(save-restore.o)
                0x00000000000016c2                __riscv_save_12
                0x00000000000016ca                __riscv_save_9
                0x00000000000016ca                __riscv_save_11
                0x00000000000016ca                __riscv_save_10
                0x00000000000016ca                __riscv_save_8
                0x00000000000016d8                __riscv_save_4
                0x00000000000016d8                __riscv_save_6
                0x00000000000016d8                __riscv_save_5
                0x00000000000016d8                __riscv_save_7
                0x00000000000016f2                __riscv_save_3
                0x00000000000016f2                __riscv_save_2
                0x00000000000016f2                __riscv_save_1
                0x00000000000016f2                __riscv_save_0
                0x00000000000016fe                __riscv_restore_12
                0x0000000000001702                __riscv_restore_11
                0x0000000000001702                __riscv_restore_9
                0x0000000000001702                __riscv_restore_10
                0x0000000000001702                __riscv_restore_8
                0x000000000000170c                __riscv_restore_5
                0x000000000000170c                __riscv_restore_7
                0x000000000000170c                __riscv_restore_6
                0x000000000000170c                __riscv_restore_4
                0x0000000000001716                __riscv_restore_3
                0x0000000000001716                __riscv_restore_0
                0x0000000000001716                __riscv_restore_2
                0x0000000000001716                __riscv_restore_1
 .text          0x0000000000001722       0xa8 e:/ranjian/mounriver/mounriver_studio/toolchain/risc-v embedded gcc/bin/../lib/gcc/riscv-none-embed/8.2.0/../../../../riscv-none-embed/lib/rv32imac/ilp32\libg_nano.a(lib_a-memset.o)
                0x0000000000001722                memset
 .text          0x00000000000017ca      0x11e e:/ranjian/mounriver/mounriver_studio/toolchain/risc-v embedded gcc/bin/../lib/gcc/riscv-none-embed/8.2.0/../../../../riscv-none-embed/lib/rv32imac/ilp32\libg_nano.a(lib_a-strcmp.o)
                0x00000000000017ca                strcmp
 *(.text.*)
 .text.ADC_InterTSSampInit
                0x00000000000018e8       0x28 ./StdPeriphDriver/CH57x_adc.o
                0x00000000000018e8                ADC_InterTSSampInit
 .text.Calibration_LSI_FLASH
                0x0000000000001910      0x284 ./StdPeriphDriver/CH57x_clk.o
                0x0000000000001910                Calibration_LSI_FLASH
 .text.Calibration_LSI_RAM
                0x0000000000001b94      0x23e ./StdPeriphDriver/CH57x_clk.o
                0x0000000000001b94                Calibration_LSI_RAM
 .text.RTC_InitTime
                0x0000000000001dd2      0x134 ./StdPeriphDriver/CH57x_clk.o
                0x0000000000001dd2                RTC_InitTime
 .text.GPIOA_ModeCfg
                0x0000000000001f06       0xa6 ./StdPeriphDriver/CH57x_gpio.o
                0x0000000000001f06                GPIOA_ModeCfg
 .text.GPIOB_ModeCfg
                0x0000000000001fac       0xa6 ./StdPeriphDriver/CH57x_gpio.o
                0x0000000000001fac                GPIOB_ModeCfg
 .text.GetSysClock
                0x0000000000002052       0x42 ./StdPeriphDriver/CH57x_sys.o
                0x0000000000002052                GetSysClock
 .text.SYS_GetSysTickCnt
                0x0000000000002094        0xa ./StdPeriphDriver/CH57x_sys.o
                0x0000000000002094                SYS_GetSysTickCnt
 .text._write   0x000000000000209e       0x28 ./StdPeriphDriver/CH57x_sys.o
                0x000000000000209e                _write
 .text.TMR3_CapInit
                0x00000000000020c6       0x1a ./StdPeriphDriver/CH57x_timer3.o
                0x00000000000020c6                TMR3_CapInit
 .text.UART0_BaudRateCfg
                0x00000000000020e0       0x30 ./StdPeriphDriver/CH57x_uart0.o
                0x00000000000020e0                UART0_BaudRateCfg
 .text.UART0_DefInit
                0x0000000000002110       0x32 ./StdPeriphDriver/CH57x_uart0.o
                0x0000000000002110                UART0_DefInit
 .text.UART0_ByteTrigCfg
                0x0000000000002142       0x1a ./StdPeriphDriver/CH57x_uart0.o
                0x0000000000002142                UART0_ByteTrigCfg
 .text.UART0_INTCfg
                0x000000000000215c       0x2a ./StdPeriphDriver/CH57x_uart0.o
                0x000000000000215c                UART0_INTCfg
 .text.UART0_SendString
                0x0000000000002186       0x28 ./StdPeriphDriver/CH57x_uart0.o
                0x0000000000002186                UART0_SendString
 .text.UART1_BaudRateCfg
                0x00000000000021ae       0x30 ./StdPeriphDriver/CH57x_uart1.o
                0x00000000000021ae                UART1_BaudRateCfg
 .text.UART1_DefInit
                0x00000000000021de       0x32 ./StdPeriphDriver/CH57x_uart1.o
                0x00000000000021de                UART1_DefInit
 .text.UART1_ByteTrigCfg
                0x0000000000002210       0x1a ./StdPeriphDriver/CH57x_uart1.o
                0x0000000000002210                UART1_ByteTrigCfg
 .text.UART1_INTCfg
                0x000000000000222a       0x2a ./StdPeriphDriver/CH57x_uart1.o
                0x000000000000222a                UART1_INTCfg
 .text.HAL_KeyInit
                0x0000000000002254       0x42 ./HAL/KEY.o
                0x0000000000002254                HAL_KeyInit
 .text.HalKeyConfig
                0x0000000000002296       0x12 ./HAL/KEY.o
                0x0000000000002296                HalKeyConfig
 .text.HAL_KeyPoll
                0x00000000000022a8       0x3a ./HAL/KEY.o
                0x00000000000022a8                HAL_KeyPoll
 .text.Lib_Calibration_LSI
                0x00000000000022e2       0x2c ./HAL/MCU.o
                0x00000000000022e2                Lib_Calibration_LSI
 .text.Lib_Read_Flash
                0x000000000000230e       0x1c ./HAL/MCU.o
                0x000000000000230e                Lib_Read_Flash
 .text.Lib_Write_Flash
                0x000000000000232a       0x40 ./HAL/MCU.o
                0x000000000000232a                Lib_Write_Flash
 .text.HAL_GetInterTempValue
                0x000000000000236a       0x72 ./HAL/MCU.o
                0x000000000000236a                HAL_GetInterTempValue
 .text.HAL_ProcessEvent
                0x00000000000023dc       0x9a ./HAL/MCU.o
                0x00000000000023dc                HAL_ProcessEvent
 .text.CH57X_BLEInit
                0x0000000000002476      0x12a ./HAL/MCU.o
                0x0000000000002476                CH57X_BLEInit
 .text.HAL_Init
                0x00000000000025a0       0x36 ./HAL/MCU.o
                0x00000000000025a0                HAL_Init
 .text.HAL_TimeInit
                0x00000000000025d6       0x5e ./HAL/RTC.o
                0x00000000000025d6                HAL_TimeInit
 .text.keyPress
                0x0000000000002634        0x2 ./APP/app.o
                0x0000000000002634                keyPress
 .text.app_prov_attn_on
                0x0000000000002636       0x2e ./APP/app.o
                0x0000000000002636                app_prov_attn_on
 .text.app_prov_attn_off
                0x0000000000002664       0x2e ./APP/app.o
                0x0000000000002664                app_prov_attn_off
 .text.link_open
                0x0000000000002692       0x22 ./APP/app.o
 .text.vendor_model_srv_send
                0x00000000000026b4       0x60 ./APP/app.o
 .text.vendor_model_srv_rsp_handler
                0x0000000000002714      0x250 ./APP/app.o
 .text.cfg_srv_rsp_handler
                0x0000000000002964       0xf0 ./APP/app.o
 .text.prov_enable
                0x0000000000002a54       0x1c ./APP/app.o
 .text.prov_reset
                0x0000000000002a70       0x24 ./APP/app.o
 .text.link_close
                0x0000000000002a94       0x5a ./APP/app.o
 .text.prov_complete
                0x0000000000002aee       0x6e ./APP/app.o
 .text.App_ProcessEvent
                0x0000000000002b5c       0xe8 ./APP/app.o
 .text.blemesh_on_sync
                0x0000000000002c44      0x192 ./APP/app.o
                0x0000000000002c44                blemesh_on_sync
 .text.App_Init
                0x0000000000002dd6       0x4c ./APP/app.o
                0x0000000000002dd6                App_Init
 .text.DebugInit
                0x0000000000002e22       0x88 ./APP/app_main.o
                0x0000000000002e22                DebugInit
 .text.Cap_Init
                0x0000000000002eaa       0x30 ./APP/app_main.o
                0x0000000000002eaa                Cap_Init
 .text.SR04_GetData
                0x0000000000002eda       0x68 ./APP/app_main.o
                0x0000000000002eda                SR04_GetData
 .text.bt_mesh_lib_init
                0x0000000000002f42       0x44 ./APP/app_main.o
                0x0000000000002f42                bt_mesh_lib_init
 .text.startup.main
                0x0000000000002f86       0x64 ./APP/app_main.o
                0x0000000000002f86                main
 .text.flash_write_protection
                0x0000000000002fea        0x4 ./APP/app_mesh_config.o
                0x0000000000002fea                flash_write_protection
 .text.read_flash
                0x0000000000002fee       0x1c ./APP/app_mesh_config.o
                0x0000000000002fee                read_flash
 .text.erase_flash
                0x000000000000300a       0x10 ./APP/app_mesh_config.o
                0x000000000000300a                erase_flash
 .text.write_flash
                0x000000000000301a       0x34 ./APP/app_mesh_config.o
                0x000000000000301a                write_flash
 .text.vendor_message_srv_trans
                0x000000000000304e       0x5c ./APP/app_vendor_model_srv.o
 .text.vendor_message_srv_confirm
                0x00000000000030aa       0xb8 ./APP/app_vendor_model_srv.o
 .text.vendor_message_srv_write
                0x0000000000003162       0x6e ./APP/app_vendor_model_srv.o
 .text.adv_srv_trans_send
                0x00000000000031d0      0x13c ./APP/app_vendor_model_srv.o
 .text.ind_end  0x000000000000330c       0x14 ./APP/app_vendor_model_srv.o
 .text.ind_start
                0x0000000000003320       0x4e ./APP/app_vendor_model_srv.o
 .text.ind_reset.constprop.5
                0x000000000000336e       0x30 ./APP/app_vendor_model_srv.o
 .text.vendor_srv_tid_get
                0x000000000000339e       0x26 ./APP/app_vendor_model_srv.o
                0x000000000000339e                vendor_srv_tid_get
 .text.vendor_message_srv_send_trans
                0x00000000000033c4       0xe4 ./APP/app_vendor_model_srv.o
                0x00000000000033c4                vendor_message_srv_send_trans
 .text.vendor_message_srv_trans_reset
                0x00000000000034a8       0x2c ./APP/app_vendor_model_srv.o
                0x00000000000034a8                vendor_message_srv_trans_reset
 .text.vendor_model_srv_rsp_recv
                0x00000000000034d4       0x96 ./APP/app_vendor_model_srv.o
 .text.vendor_message_srv_ack
                0x000000000000356a       0x66 ./APP/app_vendor_model_srv.o
 .text.vendor_model_srv_ProcessEvent
                0x00000000000035d0      0x168 ./APP/app_vendor_model_srv.o
 .text.vendor_model_srv_init
                0x0000000000003738       0x24 ./APP/app_vendor_model_srv.o
                0x0000000000003738                vendor_model_srv_init
 .text.OpmvDataGet
                0x000000000000375c      0x194 ./APP/openmv.o
                0x000000000000375c                OpmvDataGet
 .text.mod_init
                0x00000000000038f0      0x104 E:\chelou\CH573\EVTEVT\EVT\EXAM\BLE\MESH\MESH_LIB\libMESH.a(mesh_access.o)
 .text.publish_start
                0x00000000000039f4       0x22 E:\chelou\CH573\EVTEVT\EVT\EXAM\BLE\MESH\MESH_LIB\libMESH.a(mesh_access.o)
 .text.model_has_key.isra.0
                0x0000000000003a16       0x50 E:\chelou\CH573\EVTEVT\EVT\EXAM\BLE\MESH\MESH_LIB\libMESH.a(mesh_access.o)
 .text.model_send
                0x0000000000003a66       0xba E:\chelou\CH573\EVTEVT\EVT\EXAM\BLE\MESH\MESH_LIB\libMESH.a(mesh_access.o)
 .text.bt_mesh_comp_provision
                0x0000000000003b20       0x34 E:\chelou\CH573\EVTEVT\EVT\EXAM\BLE\MESH\MESH_LIB\libMESH.a(mesh_access.o)
                0x0000000000003b20                bt_mesh_comp_provision
 .text.bt_mesh_elem_count
                0x0000000000003b54       0x10 E:\chelou\CH573\EVTEVT\EVT\EXAM\BLE\MESH\MESH_LIB\libMESH.a(mesh_access.o)
                0x0000000000003b54                bt_mesh_elem_count
 .text.bt_mesh_primary_addr
                0x0000000000003b64        0xa E:\chelou\CH573\EVTEVT\EVT\EXAM\BLE\MESH\MESH_LIB\libMESH.a(mesh_access.o)
                0x0000000000003b64                bt_mesh_primary_addr
 .text.bt_mesh_fixed_group_match
                0x0000000000003b6e       0x44 E:\chelou\CH573\EVTEVT\EVT\EXAM\BLE\MESH\MESH_LIB\libMESH.a(mesh_access.o)
                0x0000000000003b6e                bt_mesh_fixed_group_match
 .text.bt_mesh_model_find_group
                0x0000000000003bb2       0x32 E:\chelou\CH573\EVTEVT\EVT\EXAM\BLE\MESH\MESH_LIB\libMESH.a(mesh_access.o)
                0x0000000000003bb2                bt_mesh_model_find_group
 .text.bt_mesh_model_find_vnd
                0x0000000000003be4       0x30 E:\chelou\CH573\EVTEVT\EVT\EXAM\BLE\MESH\MESH_LIB\libMESH.a(mesh_access.o)
                0x0000000000003be4                bt_mesh_model_find_vnd
 .text.bt_mesh_model_find
                0x0000000000003c14       0x28 E:\chelou\CH573\EVTEVT\EVT\EXAM\BLE\MESH\MESH_LIB\libMESH.a(mesh_access.o)
                0x0000000000003c14                bt_mesh_model_find
 .text.bt_mesh_elem_find
                0x0000000000003c3c       0x9e E:\chelou\CH573\EVTEVT\EVT\EXAM\BLE\MESH\MESH_LIB\libMESH.a(mesh_access.o)
                0x0000000000003c3c                bt_mesh_elem_find
 .text.bt_mesh_model_msg_init
                0x0000000000003cda       0x5a E:\chelou\CH573\EVTEVT\EVT\EXAM\BLE\MESH\MESH_LIB\libMESH.a(mesh_access.o)
                0x0000000000003cda                bt_mesh_model_msg_init
 .text.bt_mesh_comp_get
                0x0000000000003d34        0xc E:\chelou\CH573\EVTEVT\EVT\EXAM\BLE\MESH\MESH_LIB\libMESH.a(mesh_access.o)
                0x0000000000003d34                bt_mesh_comp_get
 .text.bt_mesh_comp_register
                0x0000000000003d40       0x14 E:\chelou\CH573\EVTEVT\EVT\EXAM\BLE\MESH\MESH_LIB\libMESH.a(mesh_access.o)
                0x0000000000003d40                bt_mesh_comp_register
 .text.bt_mesh_model_elem
                0x0000000000003d54       0x16 E:\chelou\CH573\EVTEVT\EVT\EXAM\BLE\MESH\MESH_LIB\libMESH.a(mesh_access.o)
                0x0000000000003d54                bt_mesh_model_elem
 .text.publish_retransmit
                0x0000000000003d6a       0xba E:\chelou\CH573\EVTEVT\EVT\EXAM\BLE\MESH\MESH_LIB\libMESH.a(mesh_access.o)
 .text.bt_mesh_model_pub_period_get
                0x0000000000003e24       0x62 E:\chelou\CH573\EVTEVT\EVT\EXAM\BLE\MESH\MESH_LIB\libMESH.a(mesh_access.o)
                0x0000000000003e24                bt_mesh_model_pub_period_get
 .text.publish_sent
                0x0000000000003e86       0x58 E:\chelou\CH573\EVTEVT\EVT\EXAM\BLE\MESH\MESH_LIB\libMESH.a(mesh_access.o)
 .text.bt_mesh_model_send
                0x0000000000003ede       0x52 E:\chelou\CH573\EVTEVT\EVT\EXAM\BLE\MESH\MESH_LIB\libMESH.a(mesh_access.o)
                0x0000000000003ede                bt_mesh_model_send
 .text.bt_mesh_model_publish
                0x0000000000003f30      0x10c E:\chelou\CH573\EVTEVT\EVT\EXAM\BLE\MESH\MESH_LIB\libMESH.a(mesh_access.o)
                0x0000000000003f30                bt_mesh_model_publish
 .text.mod_publish
                0x000000000000403c       0x62 E:\chelou\CH573\EVTEVT\EVT\EXAM\BLE\MESH\MESH_LIB\libMESH.a(mesh_access.o)
 .text.bt_mesh_model_recv
                0x000000000000409e      0x18e E:\chelou\CH573\EVTEVT\EVT\EXAM\BLE\MESH\MESH_LIB\libMESH.a(mesh_access.o)
                0x000000000000409e                bt_mesh_model_recv
 .text.bt_mesh_model_get
                0x000000000000422c       0x44 E:\chelou\CH573\EVTEVT\EVT\EXAM\BLE\MESH\MESH_LIB\libMESH.a(mesh_access.o)
                0x000000000000422c                bt_mesh_model_get
 .text.bt_mesh_model_foreach
                0x0000000000004270       0x74 E:\chelou\CH573\EVTEVT\EVT\EXAM\BLE\MESH\MESH_LIB\libMESH.a(mesh_access.o)
                0x0000000000004270                bt_mesh_model_foreach
 .text.bt_mesh_comp_unprovision
                0x00000000000042e4       0x1c E:\chelou\CH573\EVTEVT\EVT\EXAM\BLE\MESH\MESH_LIB\libMESH.a(mesh_access.o)
                0x00000000000042e4                bt_mesh_comp_unprovision
 .text.bt_mesh_mod_init
                0x0000000000004300       0x22 E:\chelou\CH573\EVTEVT\EVT\EXAM\BLE\MESH\MESH_LIB\libMESH.a(mesh_access.o)
                0x0000000000004300                bt_mesh_mod_init
 .text.bt_notify
                0x0000000000004322       0x62 E:\chelou\CH573\EVTEVT\EVT\EXAM\BLE\MESH\MESH_LIB\libMESH.a(mesh_adapt.o)
 .text.bt_mesh_conn_unref
                0x0000000000004384        0x8 E:\chelou\CH573\EVTEVT\EVT\EXAM\BLE\MESH\MESH_LIB\libMESH.a(mesh_adapt.o)
                0x0000000000004384                bt_mesh_conn_unref
 .text.k_uptime_get
                0x000000000000438c       0x16 E:\chelou\CH573\EVTEVT\EVT\EXAM\BLE\MESH\MESH_LIB\libMESH.a(mesh_adapt.o)
                0x000000000000438c                k_uptime_get
 .text.k_uptime_get_32
                0x00000000000043a2       0x14 E:\chelou\CH573\EVTEVT\EVT\EXAM\BLE\MESH\MESH_LIB\libMESH.a(mesh_adapt.o)
                0x00000000000043a2                k_uptime_get_32
 .text.bt_mesh_gatt_get_mtu
                0x00000000000043b6       0x10 E:\chelou\CH573\EVTEVT\EVT\EXAM\BLE\MESH\MESH_LIB\libMESH.a(mesh_adapt.o)
                0x00000000000043b6                bt_mesh_gatt_get_mtu
 .text.bt_mesh_prov_notify
                0x00000000000043c6       0x22 E:\chelou\CH573\EVTEVT\EVT\EXAM\BLE\MESH\MESH_LIB\libMESH.a(mesh_adapt.o)
                0x00000000000043c6                bt_mesh_prov_notify
 .text.bt_mesh_gatts_disconnect
                0x00000000000043e8        0xc E:\chelou\CH573\EVTEVT\EVT\EXAM\BLE\MESH\MESH_LIB\libMESH.a(mesh_adapt.o)
                0x00000000000043e8                bt_mesh_gatts_disconnect
 .text.bt_mesh_prov_servive_cccd_close
                0x00000000000043f4       0x16 E:\chelou\CH573\EVTEVT\EVT\EXAM\BLE\MESH\MESH_LIB\libMESH.a(mesh_adapt.o)
                0x00000000000043f4                bt_mesh_prov_servive_cccd_close
 .text.bt_mesh_prov_service_stop
                0x000000000000440a       0x16 E:\chelou\CH573\EVTEVT\EVT\EXAM\BLE\MESH\MESH_LIB\libMESH.a(mesh_adapt.o)
                0x000000000000440a                bt_mesh_prov_service_stop
 .text.bt_mesh_proxy_service_cccd_close
                0x0000000000004420       0x16 E:\chelou\CH573\EVTEVT\EVT\EXAM\BLE\MESH\MESH_LIB\libMESH.a(mesh_adapt.o)
                0x0000000000004420                bt_mesh_proxy_service_cccd_close
 .text.bt_mesh_gatts_service_stop
                0x0000000000004436       0x16 E:\chelou\CH573\EVTEVT\EVT\EXAM\BLE\MESH\MESH_LIB\libMESH.a(mesh_adapt.o)
                0x0000000000004436                bt_mesh_gatts_service_stop
 .text.bt_le_scan_start
                0x000000000000444c       0x12 E:\chelou\CH573\EVTEVT\EVT\EXAM\BLE\MESH\MESH_LIB\libMESH.a(mesh_adapt.o)
                0x000000000000444c                bt_le_scan_start
 .text.bt_le_scan_stop
                0x000000000000445e        0xc E:\chelou\CH573\EVTEVT\EVT\EXAM\BLE\MESH\MESH_LIB\libMESH.a(mesh_adapt.o)
                0x000000000000445e                bt_le_scan_stop
 .text.adv_buf_destroy
                0x000000000000446a       0x1e E:\chelou\CH573\EVTEVT\EVT\EXAM\BLE\MESH\MESH_LIB\libMESH.a(mesh_adv.o)
 .text.adv_alloc
                0x0000000000004488       0x14 E:\chelou\CH573\EVTEVT\EVT\EXAM\BLE\MESH\MESH_LIB\libMESH.a(mesh_adv.o)
 .text.bt_mesh_scan_cb
                0x000000000000449c       0x72 E:\chelou\CH573\EVTEVT\EVT\EXAM\BLE\MESH\MESH_LIB\libMESH.a(mesh_adv.o)
 .text.adv_first_get
                0x000000000000450e       0x2c E:\chelou\CH573\EVTEVT\EVT\EXAM\BLE\MESH\MESH_LIB\libMESH.a(mesh_adv.o)
 .text._set_mesh_bear_adv_buf
                0x000000000000453a       0x70 E:\chelou\CH573\EVTEVT\EVT\EXAM\BLE\MESH\MESH_LIB\libMESH.a(mesh_adv.o)
                0x000000000000453a                _set_mesh_bear_adv_buf
 .text.bt_mesh_buf_get_from_pool
                0x00000000000045aa       0x16 E:\chelou\CH573\EVTEVT\EVT\EXAM\BLE\MESH\MESH_LIB\libMESH.a(mesh_adv.o)
                0x00000000000045aa                bt_mesh_buf_get_from_pool
 .text.adv_buf_deinit.isra.3
                0x00000000000045c0       0x30 E:\chelou\CH573\EVTEVT\EVT\EXAM\BLE\MESH\MESH_LIB\libMESH.a(mesh_adv.o)
 .text.k_adv_handler
                0x00000000000045f0       0xe4 E:\chelou\CH573\EVTEVT\EVT\EXAM\BLE\MESH\MESH_LIB\libMESH.a(mesh_adv.o)
 .text.bt_mesh_adv_create_from_pool
                0x00000000000046d4       0x32 E:\chelou\CH573\EVTEVT\EVT\EXAM\BLE\MESH\MESH_LIB\libMESH.a(mesh_adv.o)
                0x00000000000046d4                bt_mesh_adv_create_from_pool
 .text.bt_mesh_adv_create
                0x0000000000004706       0x8c E:\chelou\CH573\EVTEVT\EVT\EXAM\BLE\MESH\MESH_LIB\libMESH.a(mesh_adv.o)
                0x0000000000004706                bt_mesh_adv_create
 .text.bt_mesh_adv_send
                0x0000000000004792       0xb4 E:\chelou\CH573\EVTEVT\EVT\EXAM\BLE\MESH\MESH_LIB\libMESH.a(mesh_adv.o)
                0x0000000000004792                bt_mesh_adv_send
 .text.bt_mesh_scan_enable
                0x0000000000004846       0x18 E:\chelou\CH573\EVTEVT\EVT\EXAM\BLE\MESH\MESH_LIB\libMESH.a(mesh_adv.o)
                0x0000000000004846                bt_mesh_scan_enable
 .text.bt_mesh_scan_disable
                0x000000000000485e        0xc E:\chelou\CH573\EVTEVT\EVT\EXAM\BLE\MESH\MESH_LIB\libMESH.a(mesh_adv.o)
                0x000000000000485e                bt_mesh_scan_disable
 .text.check_adv_need_deinit
                0x000000000000486a       0x4e E:\chelou\CH573\EVTEVT\EVT\EXAM\BLE\MESH\MESH_LIB\libMESH.a(mesh_adv.o)
                0x000000000000486a                check_adv_need_deinit
 .text.bt_mesh_adv_init
                0x00000000000048b8       0x2c E:\chelou\CH573\EVTEVT\EVT\EXAM\BLE\MESH\MESH_LIB\libMESH.a(mesh_adv.o)
                0x00000000000048b8                bt_mesh_adv_init
 .text.model_start
                0x00000000000048e4       0x18 E:\chelou\CH573\EVTEVT\EVT\EXAM\BLE\MESH\MESH_LIB\libMESH.a(mesh_api.o)
 .text.adv_buf_count_get
                0x00000000000048fc       0x10 E:\chelou\CH573\EVTEVT\EVT\EXAM\BLE\MESH\MESH_LIB\libMESH.a(mesh_api.o)
                0x00000000000048fc                adv_buf_count_get
 .text.rpl_count_get
                0x000000000000490c       0x10 E:\chelou\CH573\EVTEVT\EVT\EXAM\BLE\MESH\MESH_LIB\libMESH.a(mesh_api.o)
                0x000000000000490c                rpl_count_get
 .text.allow_rpl_cycle_get
                0x000000000000491c       0x10 E:\chelou\CH573\EVTEVT\EVT\EXAM\BLE\MESH\MESH_LIB\libMESH.a(mesh_api.o)
                0x000000000000491c                allow_rpl_cycle_get
 .text.allow_same_addr_get
                0x000000000000492c       0x10 E:\chelou\CH573\EVTEVT\EVT\EXAM\BLE\MESH\MESH_LIB\libMESH.a(mesh_api.o)
                0x000000000000492c                allow_same_addr_get
 .text.ivu_divider_get
                0x000000000000493c       0x10 E:\chelou\CH573\EVTEVT\EVT\EXAM\BLE\MESH\MESH_LIB\libMESH.a(mesh_api.o)
                0x000000000000493c                ivu_divider_get
 .text.mod_key_count_get
                0x000000000000494c       0x10 E:\chelou\CH573\EVTEVT\EVT\EXAM\BLE\MESH\MESH_LIB\libMESH.a(mesh_api.o)
                0x000000000000494c                mod_key_count_get
 .text.mod_group_count_get
                0x000000000000495c       0x10 E:\chelou\CH573\EVTEVT\EVT\EXAM\BLE\MESH\MESH_LIB\libMESH.a(mesh_api.o)
                0x000000000000495c                mod_group_count_get
 .text.pxyfilter_count_get
                0x000000000000496c       0x10 E:\chelou\CH573\EVTEVT\EVT\EXAM\BLE\MESH\MESH_LIB\libMESH.a(mesh_api.o)
                0x000000000000496c                pxyfilter_count_get
 .text.msgcache_count_get
                0x000000000000497c       0x10 E:\chelou\CH573\EVTEVT\EVT\EXAM\BLE\MESH\MESH_LIB\libMESH.a(mesh_api.o)
                0x000000000000497c                msgcache_count_get
 .text.subnet_count_get
                0x000000000000498c       0x10 E:\chelou\CH573\EVTEVT\EVT\EXAM\BLE\MESH\MESH_LIB\libMESH.a(mesh_api.o)
                0x000000000000498c                subnet_count_get
 .text.appkey_count_get
                0x000000000000499c       0x10 E:\chelou\CH573\EVTEVT\EVT\EXAM\BLE\MESH\MESH_LIB\libMESH.a(mesh_api.o)
                0x000000000000499c                appkey_count_get
 .text.unseg_length_get
                0x00000000000049ac       0x14 E:\chelou\CH573\EVTEVT\EVT\EXAM\BLE\MESH\MESH_LIB\libMESH.a(mesh_api.o)
                0x00000000000049ac                unseg_length_get
 .text.txseg_max_get
                0x00000000000049c0       0x10 E:\chelou\CH573\EVTEVT\EVT\EXAM\BLE\MESH\MESH_LIB\libMESH.a(mesh_api.o)
                0x00000000000049c0                txseg_max_get
 .text.txseg_count_get
                0x00000000000049d0       0x10 E:\chelou\CH573\EVTEVT\EVT\EXAM\BLE\MESH\MESH_LIB\libMESH.a(mesh_api.o)
                0x00000000000049d0                txseg_count_get
 .text.rxseg_count_get
                0x00000000000049e0       0x10 E:\chelou\CH573\EVTEVT\EVT\EXAM\BLE\MESH\MESH_LIB\libMESH.a(mesh_api.o)
                0x00000000000049e0                rxseg_count_get
 .text.rxsdu_max_get
                0x00000000000049f0       0x10 E:\chelou\CH573\EVTEVT\EVT\EXAM\BLE\MESH\MESH_LIB\libMESH.a(mesh_api.o)
                0x00000000000049f0                rxsdu_max_get
 .text.label_count_get
                0x0000000000004a00       0x10 E:\chelou\CH573\EVTEVT\EVT\EXAM\BLE\MESH\MESH_LIB\libMESH.a(mesh_api.o)
                0x0000000000004a00                label_count_get
 .text.seq_store_rate_get
                0x0000000000004a10       0x10 E:\chelou\CH573\EVTEVT\EVT\EXAM\BLE\MESH\MESH_LIB\libMESH.a(mesh_api.o)
                0x0000000000004a10                seq_store_rate_get
 .text.rpl_store_rate_get
                0x0000000000004a20       0x10 E:\chelou\CH573\EVTEVT\EVT\EXAM\BLE\MESH\MESH_LIB\libMESH.a(mesh_api.o)
                0x0000000000004a20                rpl_store_rate_get
 .text.store_rate_get
                0x0000000000004a30       0x10 E:\chelou\CH573\EVTEVT\EVT\EXAM\BLE\MESH\MESH_LIB\libMESH.a(mesh_api.o)
                0x0000000000004a30                store_rate_get
 .text.frndseg_rx_get
                0x0000000000004a40       0x10 E:\chelou\CH573\EVTEVT\EVT\EXAM\BLE\MESH\MESH_LIB\libMESH.a(mesh_api.o)
                0x0000000000004a40                frndseg_rx_get
 .text.frndsub_size_get
                0x0000000000004a50       0x10 E:\chelou\CH573\EVTEVT\EVT\EXAM\BLE\MESH\MESH_LIB\libMESH.a(mesh_api.o)
                0x0000000000004a50                frndsub_size_get
 .text.frndlpn_count_get
                0x0000000000004a60       0x10 E:\chelou\CH573\EVTEVT\EVT\EXAM\BLE\MESH\MESH_LIB\libMESH.a(mesh_api.o)
                0x0000000000004a60                frndlpn_count_get
 .text.frndqueue_size_get
                0x0000000000004a70       0x10 E:\chelou\CH573\EVTEVT\EVT\EXAM\BLE\MESH\MESH_LIB\libMESH.a(mesh_api.o)
                0x0000000000004a70                frndqueue_size_get
 .text.lpnpoll_timeout_get
                0x0000000000004a80        0xe E:\chelou\CH573\EVTEVT\EVT\EXAM\BLE\MESH\MESH_LIB\libMESH.a(mesh_api.o)
                0x0000000000004a80                lpnpoll_timeout_get
 .text.lpnrecv_delay_get
                0x0000000000004a8e       0x10 E:\chelou\CH573\EVTEVT\EVT\EXAM\BLE\MESH\MESH_LIB\libMESH.a(mesh_api.o)
                0x0000000000004a8e                lpnrecv_delay_get
 .text.lpnretry_timeout_get
                0x0000000000004a9e       0x16 E:\chelou\CH573\EVTEVT\EVT\EXAM\BLE\MESH\MESH_LIB\libMESH.a(mesh_api.o)
                0x0000000000004a9e                lpnretry_timeout_get
 .text.prov_node_count_get
                0x0000000000004ab4       0x10 E:\chelou\CH573\EVTEVT\EVT\EXAM\BLE\MESH\MESH_LIB\libMESH.a(mesh_api.o)
                0x0000000000004ab4                prov_node_count_get
 .text.rf_accessAddress_get
                0x0000000000004ac4        0xe E:\chelou\CH573\EVTEVT\EVT\EXAM\BLE\MESH\MESH_LIB\libMESH.a(mesh_api.o)
                0x0000000000004ac4                rf_accessAddress_get
 .text.device_parmas_get
                0x0000000000004ad2        0xc E:\chelou\CH573\EVTEVT\EVT\EXAM\BLE\MESH\MESH_LIB\libMESH.a(mesh_api.o)
                0x0000000000004ad2                device_parmas_get
 .text.dev_mac_get
                0x0000000000004ade        0xc E:\chelou\CH573\EVTEVT\EVT\EXAM\BLE\MESH\MESH_LIB\libMESH.a(mesh_api.o)
                0x0000000000004ade                dev_mac_get
 .text.bt_mesh_cfg_set
                0x0000000000004aea      0x252 E:\chelou\CH573\EVTEVT\EVT\EXAM\BLE\MESH\MESH_LIB\libMESH.a(mesh_api.o)
                0x0000000000004aea                bt_mesh_cfg_set
 .text.bt_mesh_start
                0x0000000000004d3c       0x26 E:\chelou\CH573\EVTEVT\EVT\EXAM\BLE\MESH\MESH_LIB\libMESH.a(mesh_api.o)
                0x0000000000004d3c                bt_mesh_start
 .text.bt_mesh_provision
                0x0000000000004d62       0xce E:\chelou\CH573\EVTEVT\EVT\EXAM\BLE\MESH\MESH_LIB\libMESH.a(mesh_api.o)
                0x0000000000004d62                bt_mesh_provision
 .text.bt_mesh_reset
                0x0000000000004e30       0xba E:\chelou\CH573\EVTEVT\EVT\EXAM\BLE\MESH\MESH_LIB\libMESH.a(mesh_api.o)
                0x0000000000004e30                bt_mesh_reset
 .text.auth_match
                0x0000000000004eea       0x46 E:\chelou\CH573\EVTEVT\EVT\EXAM\BLE\MESH\MESH_LIB\libMESH.a(mesh_beacon.o)
 .text.unprov_send_start
                0x0000000000004f30       0x18 E:\chelou\CH573\EVTEVT\EVT\EXAM\BLE\MESH\MESH_LIB\libMESH.a(mesh_beacon.o)
 .text.beacon_complete
                0x0000000000004f48       0x16 E:\chelou\CH573\EVTEVT\EVT\EXAM\BLE\MESH\MESH_LIB\libMESH.a(mesh_beacon.o)
 .text.bt_mesh_beacon_create
                0x0000000000004f5e       0x50 E:\chelou\CH573\EVTEVT\EVT\EXAM\BLE\MESH\MESH_LIB\libMESH.a(mesh_beacon.o)
                0x0000000000004f5e                bt_mesh_beacon_create
 .text.beacon_send
                0x0000000000004fae      0x1f8 E:\chelou\CH573\EVTEVT\EVT\EXAM\BLE\MESH\MESH_LIB\libMESH.a(mesh_beacon.o)
 .text.bt_mesh_beacon_ivu_initiator
                0x00000000000051a6       0x4a E:\chelou\CH573\EVTEVT\EVT\EXAM\BLE\MESH\MESH_LIB\libMESH.a(mesh_beacon.o)
                0x00000000000051a6                bt_mesh_beacon_ivu_initiator
 .text.bt_mesh_subnet_find
                0x00000000000051f0       0x7e E:\chelou\CH573\EVTEVT\EVT\EXAM\BLE\MESH\MESH_LIB\libMESH.a(mesh_beacon.o)
                0x00000000000051f0                bt_mesh_subnet_find
 .text.bt_mesh_beacon_recv
                0x000000000000526e      0x180 E:\chelou\CH573\EVTEVT\EVT\EXAM\BLE\MESH\MESH_LIB\libMESH.a(mesh_beacon.o)
                0x000000000000526e                bt_mesh_beacon_recv
 .text.bt_mesh_beacon_enable
                0x00000000000053ee       0x52 E:\chelou\CH573\EVTEVT\EVT\EXAM\BLE\MESH\MESH_LIB\libMESH.a(mesh_beacon.o)
                0x00000000000053ee                bt_mesh_beacon_enable
 .text.bt_mesh_beacon_disable
                0x0000000000005440       0x26 E:\chelou\CH573\EVTEVT\EVT\EXAM\BLE\MESH\MESH_LIB\libMESH.a(mesh_beacon.o)
                0x0000000000005440                bt_mesh_beacon_disable
 .text.bt_mesh_beacon_init
                0x0000000000005466       0x1c E:\chelou\CH573\EVTEVT\EVT\EXAM\BLE\MESH\MESH_LIB\libMESH.a(mesh_beacon.o)
                0x0000000000005466                bt_mesh_beacon_init
 .text.generic_data_ref
                0x0000000000005482        0xe E:\chelou\CH573\EVTEVT\EVT\EXAM\BLE\MESH\MESH_LIB\libMESH.a(mesh_buf.o)
 .text.heap_data_unref
                0x0000000000005490       0x22 E:\chelou\CH573\EVTEVT\EVT\EXAM\BLE\MESH\MESH_LIB\libMESH.a(mesh_buf.o)
 .text.heap_data_alloc
                0x00000000000054b2       0x1e E:\chelou\CH573\EVTEVT\EVT\EXAM\BLE\MESH\MESH_LIB\libMESH.a(mesh_buf.o)
 .text.net_buf_simple_push
                0x00000000000054d0       0x14 E:\chelou\CH573\EVTEVT\EVT\EXAM\BLE\MESH\MESH_LIB\libMESH.a(mesh_buf.o)
                0x00000000000054d0                net_buf_simple_push
 .text.net_buf_simple_push_be16
                0x00000000000054e4       0x2c E:\chelou\CH573\EVTEVT\EVT\EXAM\BLE\MESH\MESH_LIB\libMESH.a(mesh_buf.o)
                0x00000000000054e4                net_buf_simple_push_be16
 .text.net_buf_simple_push_u8
                0x0000000000005510       0x18 E:\chelou\CH573\EVTEVT\EVT\EXAM\BLE\MESH\MESH_LIB\libMESH.a(mesh_buf.o)
                0x0000000000005510                net_buf_simple_push_u8
 .text.net_buf_simple_pull
                0x0000000000005528       0x14 E:\chelou\CH573\EVTEVT\EVT\EXAM\BLE\MESH\MESH_LIB\libMESH.a(mesh_buf.o)
                0x0000000000005528                net_buf_simple_pull
 .text.net_buf_simple_pull_mem
                0x000000000000553c       0x14 E:\chelou\CH573\EVTEVT\EVT\EXAM\BLE\MESH\MESH_LIB\libMESH.a(mesh_buf.o)
                0x000000000000553c                net_buf_simple_pull_mem
 .text.net_buf_simple_headroom
                0x0000000000005550        0xa E:\chelou\CH573\EVTEVT\EVT\EXAM\BLE\MESH\MESH_LIB\libMESH.a(mesh_buf.o)
                0x0000000000005550                net_buf_simple_headroom
 .text.net_buf_simple_tailroom
                0x000000000000555a       0x18 E:\chelou\CH573\EVTEVT\EVT\EXAM\BLE\MESH\MESH_LIB\libMESH.a(mesh_buf.o)
                0x000000000000555a                net_buf_simple_tailroom
 .text.net_buf_simple_add
                0x0000000000005572       0x2a E:\chelou\CH573\EVTEVT\EVT\EXAM\BLE\MESH\MESH_LIB\libMESH.a(mesh_buf.o)
                0x0000000000005572                net_buf_simple_add
 .text.net_buf_simple_add_mem
                0x000000000000559c       0x1e E:\chelou\CH573\EVTEVT\EVT\EXAM\BLE\MESH\MESH_LIB\libMESH.a(mesh_buf.o)
                0x000000000000559c                net_buf_simple_add_mem
 .text.net_buf_simple_add_u8
                0x00000000000055ba       0x14 E:\chelou\CH573\EVTEVT\EVT\EXAM\BLE\MESH\MESH_LIB\libMESH.a(mesh_buf.o)
                0x00000000000055ba                net_buf_simple_add_u8
 .text.net_buf_simple_add_le16
                0x00000000000055ce       0x26 E:\chelou\CH573\EVTEVT\EVT\EXAM\BLE\MESH\MESH_LIB\libMESH.a(mesh_buf.o)
                0x00000000000055ce                net_buf_simple_add_le16
 .text.net_buf_simple_add_be16
                0x00000000000055f4       0x2e E:\chelou\CH573\EVTEVT\EVT\EXAM\BLE\MESH\MESH_LIB\libMESH.a(mesh_buf.o)
                0x00000000000055f4                net_buf_simple_add_be16
 .text.net_buf_simple_add_be32
                0x0000000000005622       0x3e E:\chelou\CH573\EVTEVT\EVT\EXAM\BLE\MESH\MESH_LIB\libMESH.a(mesh_buf.o)
                0x0000000000005622                net_buf_simple_add_be32
 .text.net_buf_simple_pull_u8
                0x0000000000005660       0x16 E:\chelou\CH573\EVTEVT\EVT\EXAM\BLE\MESH\MESH_LIB\libMESH.a(mesh_buf.o)
                0x0000000000005660                net_buf_simple_pull_u8
 .text.net_buf_simple_pull_le16
                0x0000000000005676       0x28 E:\chelou\CH573\EVTEVT\EVT\EXAM\BLE\MESH\MESH_LIB\libMESH.a(mesh_buf.o)
                0x0000000000005676                net_buf_simple_pull_le16
 .text.net_buf_simple_pull_be16
                0x000000000000569e       0x34 E:\chelou\CH573\EVTEVT\EVT\EXAM\BLE\MESH\MESH_LIB\libMESH.a(mesh_buf.o)
                0x000000000000569e                net_buf_simple_pull_be16
 .text.net_buf_simple_pull_be32
                0x00000000000056d2       0x44 E:\chelou\CH573\EVTEVT\EVT\EXAM\BLE\MESH\MESH_LIB\libMESH.a(mesh_buf.o)
                0x00000000000056d2                net_buf_simple_pull_be32
 .text.net_buf_simple_reserve
                0x0000000000005716        0x8 E:\chelou\CH573\EVTEVT\EVT\EXAM\BLE\MESH\MESH_LIB\libMESH.a(mesh_buf.o)
                0x0000000000005716                net_buf_simple_reserve
 .text.net_buf_slist_put
                0x000000000000571e       0x24 E:\chelou\CH573\EVTEVT\EVT\EXAM\BLE\MESH\MESH_LIB\libMESH.a(mesh_buf.o)
                0x000000000000571e                net_buf_slist_put
 .text.net_buf_slist_get
                0x0000000000005742       0x42 E:\chelou\CH573\EVTEVT\EVT\EXAM\BLE\MESH\MESH_LIB\libMESH.a(mesh_buf.o)
                0x0000000000005742                net_buf_slist_get
 .text.net_buf_id
                0x0000000000005784       0x1a E:\chelou\CH573\EVTEVT\EVT\EXAM\BLE\MESH\MESH_LIB\libMESH.a(mesh_buf.o)
                0x0000000000005784                net_buf_id
 .text.pool_get_buf
                0x000000000000579e        0xc E:\chelou\CH573\EVTEVT\EVT\EXAM\BLE\MESH\MESH_LIB\libMESH.a(mesh_buf.o)
                0x000000000000579e                pool_get_buf
 .text.net_buf_ref
                0x00000000000057aa        0xc E:\chelou\CH573\EVTEVT\EVT\EXAM\BLE\MESH\MESH_LIB\libMESH.a(mesh_buf.o)
                0x00000000000057aa                net_buf_ref
 .text.net_buf_unref
                0x00000000000057b6       0x56 E:\chelou\CH573\EVTEVT\EVT\EXAM\BLE\MESH\MESH_LIB\libMESH.a(mesh_buf.o)
                0x00000000000057b6                net_buf_unref
 .text.net_buf_alloc_len
                0x000000000000580c       0x76 E:\chelou\CH573\EVTEVT\EVT\EXAM\BLE\MESH\MESH_LIB\libMESH.a(mesh_buf.o)
                0x000000000000580c                net_buf_alloc_len
 .text.cli_reset
                0x0000000000005882       0x20 E:\chelou\CH573\EVTEVT\EVT\EXAM\BLE\MESH\MESH_LIB\libMESH.a(mesh_cfg_cli.o)
 .text.cfg_rsp_recv
                0x00000000000058a2       0x30 E:\chelou\CH573\EVTEVT\EVT\EXAM\BLE\MESH\MESH_LIB\libMESH.a(mesh_cfg_cli.o)
 .text.cfg_cli_init
                0x00000000000058d2       0x40 E:\chelou\CH573\EVTEVT\EVT\EXAM\BLE\MESH\MESH_LIB\libMESH.a(mesh_cfg_cli.o)
 .text.sync_handler
                0x0000000000005912       0x2e E:\chelou\CH573\EVTEVT\EVT\EXAM\BLE\MESH\MESH_LIB\libMESH.a(mesh_cfg_cli.o)
 .text.vnd_sub_list
                0x0000000000005940       0xb8 E:\chelou\CH573\EVTEVT\EVT\EXAM\BLE\MESH\MESH_LIB\libMESH.a(mesh_cfg_cli.o)
 .text.sig_sub_list
                0x00000000000059f8       0xb4 E:\chelou\CH573\EVTEVT\EVT\EXAM\BLE\MESH\MESH_LIB\libMESH.a(mesh_cfg_cli.o)
 .text.app_key_list
                0x0000000000005aac       0xa2 E:\chelou\CH573\EVTEVT\EVT\EXAM\BLE\MESH\MESH_LIB\libMESH.a(mesh_cfg_cli.o)
 .text.vnd_app_list
                0x0000000000005b4e       0xb8 E:\chelou\CH573\EVTEVT\EVT\EXAM\BLE\MESH\MESH_LIB\libMESH.a(mesh_cfg_cli.o)
 .text.sig_app_list
                0x0000000000005c06       0xb4 E:\chelou\CH573\EVTEVT\EVT\EXAM\BLE\MESH\MESH_LIB\libMESH.a(mesh_cfg_cli.o)
 .text.krp_status
                0x0000000000005cba       0x48 E:\chelou\CH573\EVTEVT\EVT\EXAM\BLE\MESH\MESH_LIB\libMESH.a(mesh_cfg_cli.o)
 .text.node_id_status
                0x0000000000005d02       0x4a E:\chelou\CH573\EVTEVT\EVT\EXAM\BLE\MESH\MESH_LIB\libMESH.a(mesh_cfg_cli.o)
 .text.reset_status
                0x0000000000005d4c       0x2c E:\chelou\CH573\EVTEVT\EVT\EXAM\BLE\MESH\MESH_LIB\libMESH.a(mesh_cfg_cli.o)
 .text.net_transmit
                0x0000000000005d78       0x36 E:\chelou\CH573\EVTEVT\EVT\EXAM\BLE\MESH\MESH_LIB\libMESH.a(mesh_cfg_cli.o)
 .text.lpn_polltimeout_status
                0x0000000000005dae       0x52 E:\chelou\CH573\EVTEVT\EVT\EXAM\BLE\MESH\MESH_LIB\libMESH.a(mesh_cfg_cli.o)
 .text.hb_pub_status
                0x0000000000005e00       0x6e E:\chelou\CH573\EVTEVT\EVT\EXAM\BLE\MESH\MESH_LIB\libMESH.a(mesh_cfg_cli.o)
 .text.hb_sub_status
                0x0000000000005e6e       0x72 E:\chelou\CH573\EVTEVT\EVT\EXAM\BLE\MESH\MESH_LIB\libMESH.a(mesh_cfg_cli.o)
 .text.mod_sub_status.part.13
                0x0000000000005ee0       0x3e E:\chelou\CH573\EVTEVT\EVT\EXAM\BLE\MESH\MESH_LIB\libMESH.a(mesh_cfg_cli.o)
 .text.mod_sub_status
                0x0000000000005f1e       0x24 E:\chelou\CH573\EVTEVT\EVT\EXAM\BLE\MESH\MESH_LIB\libMESH.a(mesh_cfg_cli.o)
 .text.mod_pub_status
                0x0000000000005f42       0x74 E:\chelou\CH573\EVTEVT\EVT\EXAM\BLE\MESH\MESH_LIB\libMESH.a(mesh_cfg_cli.o)
 .text.mod_app_status
                0x0000000000005fb6       0x26 E:\chelou\CH573\EVTEVT\EVT\EXAM\BLE\MESH\MESH_LIB\libMESH.a(mesh_cfg_cli.o)
 .text.net_key_status
                0x0000000000005fdc       0x3c E:\chelou\CH573\EVTEVT\EVT\EXAM\BLE\MESH\MESH_LIB\libMESH.a(mesh_cfg_cli.o)
 .text.relay_status
                0x0000000000006018       0x40 E:\chelou\CH573\EVTEVT\EVT\EXAM\BLE\MESH\MESH_LIB\libMESH.a(mesh_cfg_cli.o)
 .text.gatt_proxy_status.part.18
                0x0000000000006058       0x18 E:\chelou\CH573\EVTEVT\EVT\EXAM\BLE\MESH\MESH_LIB\libMESH.a(mesh_cfg_cli.o)
 .text.gatt_proxy_status
                0x0000000000006070       0x24 E:\chelou\CH573\EVTEVT\EVT\EXAM\BLE\MESH\MESH_LIB\libMESH.a(mesh_cfg_cli.o)
 .text.friend_status
                0x0000000000006094       0x24 E:\chelou\CH573\EVTEVT\EVT\EXAM\BLE\MESH\MESH_LIB\libMESH.a(mesh_cfg_cli.o)
 .text.ttl_status
                0x00000000000060b8       0x24 E:\chelou\CH573\EVTEVT\EVT\EXAM\BLE\MESH\MESH_LIB\libMESH.a(mesh_cfg_cli.o)
 .text.beacon_status
                0x00000000000060dc       0x24 E:\chelou\CH573\EVTEVT\EVT\EXAM\BLE\MESH\MESH_LIB\libMESH.a(mesh_cfg_cli.o)
 .text.comp_data_status
                0x0000000000006100       0x30 E:\chelou\CH573\EVTEVT\EVT\EXAM\BLE\MESH\MESH_LIB\libMESH.a(mesh_cfg_cli.o)
 .text.app_key_status
                0x0000000000006130       0x40 E:\chelou\CH573\EVTEVT\EVT\EXAM\BLE\MESH\MESH_LIB\libMESH.a(mesh_cfg_cli.o)
 .text.cfg_srv_recv
                0x0000000000006170       0x1c E:\chelou\CH573\EVTEVT\EVT\EXAM\BLE\MESH\MESH_LIB\libMESH.a(mesh_cfg_srv.o)
 .text.send_krp_status
                0x000000000000618c       0x5a E:\chelou\CH573\EVTEVT\EVT\EXAM\BLE\MESH\MESH_LIB\libMESH.a(mesh_cfg_srv.o)
 .text.send_friend_status
                0x00000000000061e6       0x44 E:\chelou\CH573\EVTEVT\EVT\EXAM\BLE\MESH\MESH_LIB\libMESH.a(mesh_cfg_srv.o)
 .text.friend_get
                0x000000000000622a       0x18 E:\chelou\CH573\EVTEVT\EVT\EXAM\BLE\MESH\MESH_LIB\libMESH.a(mesh_cfg_srv.o)
 .text.send_net_key_status
                0x0000000000006242       0x50 E:\chelou\CH573\EVTEVT\EVT\EXAM\BLE\MESH\MESH_LIB\libMESH.a(mesh_cfg_srv.o)
 .text.krp_get  0x0000000000006292       0x46 E:\chelou\CH573\EVTEVT\EVT\EXAM\BLE\MESH\MESH_LIB\libMESH.a(mesh_cfg_srv.o)
 .text.node_identity_get
                0x00000000000062d8       0x82 E:\chelou\CH573\EVTEVT\EVT\EXAM\BLE\MESH\MESH_LIB\libMESH.a(mesh_cfg_srv.o)
 .text.hb_pub_send_status
                0x000000000000635a       0xbc E:\chelou\CH573\EVTEVT\EVT\EXAM\BLE\MESH\MESH_LIB\libMESH.a(mesh_cfg_srv.o)
 .text.heartbeat_pub_get
                0x0000000000006416       0x1c E:\chelou\CH573\EVTEVT\EVT\EXAM\BLE\MESH\MESH_LIB\libMESH.a(mesh_cfg_srv.o)
 .text.send_mod_sub_status
                0x0000000000006432       0x8e E:\chelou\CH573\EVTEVT\EVT\EXAM\BLE\MESH\MESH_LIB\libMESH.a(mesh_cfg_srv.o)
 .text.krp_set  0x00000000000064c0       0xde E:\chelou\CH573\EVTEVT\EVT\EXAM\BLE\MESH\MESH_LIB\libMESH.a(mesh_cfg_srv.o)
 .text.lpn_timeout_get
                0x000000000000659e       0xb2 E:\chelou\CH573\EVTEVT\EVT\EXAM\BLE\MESH\MESH_LIB\libMESH.a(mesh_cfg_srv.o)
 .text.node_reset
                0x0000000000006650       0x56 E:\chelou\CH573\EVTEVT\EVT\EXAM\BLE\MESH\MESH_LIB\libMESH.a(mesh_cfg_srv.o)
 .text.app_key_is_valid
                0x00000000000066a6       0x48 E:\chelou\CH573\EVTEVT\EVT\EXAM\BLE\MESH\MESH_LIB\libMESH.a(mesh_cfg_srv.o)
 .text.va_find  0x00000000000066ee       0x58 E:\chelou\CH573\EVTEVT\EVT\EXAM\BLE\MESH\MESH_LIB\libMESH.a(mesh_cfg_srv.o)
 .text.node_identity_set
                0x0000000000006746       0xcc E:\chelou\CH573\EVTEVT\EVT\EXAM\BLE\MESH\MESH_LIB\libMESH.a(mesh_cfg_srv.o)
 .text.net_key_update
                0x0000000000006812       0xe0 E:\chelou\CH573\EVTEVT\EVT\EXAM\BLE\MESH\MESH_LIB\libMESH.a(mesh_cfg_srv.o)
 .text.net_key_add
                0x00000000000068f2       0xee E:\chelou\CH573\EVTEVT\EVT\EXAM\BLE\MESH\MESH_LIB\libMESH.a(mesh_cfg_srv.o)
 .text.mod_sub_get_vnd
                0x00000000000069e0      0x13a E:\chelou\CH573\EVTEVT\EVT\EXAM\BLE\MESH\MESH_LIB\libMESH.a(mesh_cfg_srv.o)
 .text.mod_sub_get
                0x0000000000006b1a      0x118 E:\chelou\CH573\EVTEVT\EVT\EXAM\BLE\MESH\MESH_LIB\libMESH.a(mesh_cfg_srv.o)
 .text.cfg_srv_init
                0x0000000000006c32       0xba E:\chelou\CH573\EVTEVT\EVT\EXAM\BLE\MESH\MESH_LIB\libMESH.a(mesh_cfg_srv.o)
 .text.hb_publish
                0x0000000000006cec       0x30 E:\chelou\CH573\EVTEVT\EVT\EXAM\BLE\MESH\MESH_LIB\libMESH.a(mesh_cfg_srv.o)
 .text.create_mod_app_status.isra.3
                0x0000000000006d1c       0x6e E:\chelou\CH573\EVTEVT\EVT\EXAM\BLE\MESH\MESH_LIB\libMESH.a(mesh_cfg_srv.o)
 .text.friend_set
                0x0000000000006d8a       0x7c E:\chelou\CH573\EVTEVT\EVT\EXAM\BLE\MESH\MESH_LIB\libMESH.a(mesh_cfg_srv.o)
 .text.get_model
                0x0000000000006e06       0x4c E:\chelou\CH573\EVTEVT\EVT\EXAM\BLE\MESH\MESH_LIB\libMESH.a(mesh_cfg_srv.o)
 .text.mod_app_get
                0x0000000000006e52      0x134 E:\chelou\CH573\EVTEVT\EVT\EXAM\BLE\MESH\MESH_LIB\libMESH.a(mesh_cfg_srv.o)
 .text.mod_app_bind
                0x0000000000006f86      0x10a E:\chelou\CH573\EVTEVT\EVT\EXAM\BLE\MESH\MESH_LIB\libMESH.a(mesh_cfg_srv.o)
 .text.mod_sub_del
                0x0000000000007090       0xd8 E:\chelou\CH573\EVTEVT\EVT\EXAM\BLE\MESH\MESH_LIB\libMESH.a(mesh_cfg_srv.o)
 .text.mod_sub_add
                0x0000000000007168       0xf0 E:\chelou\CH573\EVTEVT\EVT\EXAM\BLE\MESH\MESH_LIB\libMESH.a(mesh_cfg_srv.o)
 .text.send_mod_pub_status.isra.8
                0x0000000000007258       0xde E:\chelou\CH573\EVTEVT\EVT\EXAM\BLE\MESH\MESH_LIB\libMESH.a(mesh_cfg_srv.o)
 .text.mod_pub_get
                0x0000000000007336       0x80 E:\chelou\CH573\EVTEVT\EVT\EXAM\BLE\MESH\MESH_LIB\libMESH.a(mesh_cfg_srv.o)
 .text.dev_comp_data_get
                0x00000000000073b6      0x164 E:\chelou\CH573\EVTEVT\EVT\EXAM\BLE\MESH\MESH_LIB\libMESH.a(mesh_cfg_srv.o)
 .text.va_store
                0x000000000000751a       0x14 E:\chelou\CH573\EVTEVT\EVT\EXAM\BLE\MESH\MESH_LIB\libMESH.a(mesh_cfg_srv.o)
 .text.va_del   0x000000000000752e       0x36 E:\chelou\CH573\EVTEVT\EVT\EXAM\BLE\MESH\MESH_LIB\libMESH.a(mesh_cfg_srv.o)
 .text.mod_sub_va_del
                0x0000000000007564       0xe0 E:\chelou\CH573\EVTEVT\EVT\EXAM\BLE\MESH\MESH_LIB\libMESH.a(mesh_cfg_srv.o)
 .text.va_add   0x0000000000007644       0x60 E:\chelou\CH573\EVTEVT\EVT\EXAM\BLE\MESH\MESH_LIB\libMESH.a(mesh_cfg_srv.o)
 .text.mod_sub_va_add
                0x00000000000076a4      0x102 E:\chelou\CH573\EVTEVT\EVT\EXAM\BLE\MESH\MESH_LIB\libMESH.a(mesh_cfg_srv.o)
 .text.hb_pwr2.constprop.15
                0x00000000000077a6       0x2a E:\chelou\CH573\EVTEVT\EVT\EXAM\BLE\MESH\MESH_LIB\libMESH.a(mesh_cfg_srv.o)
 .text.hb_start
                0x00000000000077d0       0x48 E:\chelou\CH573\EVTEVT\EVT\EXAM\BLE\MESH\MESH_LIB\libMESH.a(mesh_cfg_srv.o)
 .text.heartbeat_pub_set
                0x0000000000007818      0x12c E:\chelou\CH573\EVTEVT\EVT\EXAM\BLE\MESH\MESH_LIB\libMESH.a(mesh_cfg_srv.o)
 .text.hb_sub_send_status.constprop.13
                0x0000000000007944       0xde E:\chelou\CH573\EVTEVT\EVT\EXAM\BLE\MESH\MESH_LIB\libMESH.a(mesh_cfg_srv.o)
 .text.heartbeat_sub_get
                0x0000000000007a22       0x18 E:\chelou\CH573\EVTEVT\EVT\EXAM\BLE\MESH\MESH_LIB\libMESH.a(mesh_cfg_srv.o)
 .text.heartbeat_sub_set
                0x0000000000007a3a      0x100 E:\chelou\CH573\EVTEVT\EVT\EXAM\BLE\MESH\MESH_LIB\libMESH.a(mesh_cfg_srv.o)
 .text._set_mesh_configserver_buf
                0x0000000000007b3a       0x28 E:\chelou\CH573\EVTEVT\EVT\EXAM\BLE\MESH\MESH_LIB\libMESH.a(mesh_cfg_srv.o)
                0x0000000000007b3a                _set_mesh_configserver_buf
 .text.bt_mesh_relay_init
                0x0000000000007b62        0xc E:\chelou\CH573\EVTEVT\EVT\EXAM\BLE\MESH\MESH_LIB\libMESH.a(mesh_cfg_srv.o)
                0x0000000000007b62                bt_mesh_relay_init
 .text.bt_mesh_heartbeat
                0x0000000000007b6e       0x74 E:\chelou\CH573\EVTEVT\EVT\EXAM\BLE\MESH\MESH_LIB\libMESH.a(mesh_cfg_srv.o)
                0x0000000000007b6e                bt_mesh_heartbeat
 .text.bt_mesh_net_transmit_get
                0x0000000000007be2       0x14 E:\chelou\CH573\EVTEVT\EVT\EXAM\BLE\MESH\MESH_LIB\libMESH.a(mesh_cfg_srv.o)
                0x0000000000007be2                bt_mesh_net_transmit_get
 .text.net_transmit_set
                0x0000000000007bf6       0x70 E:\chelou\CH573\EVTEVT\EVT\EXAM\BLE\MESH\MESH_LIB\libMESH.a(mesh_cfg_srv.o)
 .text.net_transmit_get
                0x0000000000007c66       0x50 E:\chelou\CH573\EVTEVT\EVT\EXAM\BLE\MESH\MESH_LIB\libMESH.a(mesh_cfg_srv.o)
 .text.bt_mesh_relay_get
                0x0000000000007cb6       0x14 E:\chelou\CH573\EVTEVT\EVT\EXAM\BLE\MESH\MESH_LIB\libMESH.a(mesh_cfg_srv.o)
                0x0000000000007cb6                bt_mesh_relay_get
 .text.bt_mesh_friend_get
                0x0000000000007cca       0x14 E:\chelou\CH573\EVTEVT\EVT\EXAM\BLE\MESH\MESH_LIB\libMESH.a(mesh_cfg_srv.o)
                0x0000000000007cca                bt_mesh_friend_get
 .text.bt_mesh_relay_retransmit_get
                0x0000000000007cde       0x14 E:\chelou\CH573\EVTEVT\EVT\EXAM\BLE\MESH\MESH_LIB\libMESH.a(mesh_cfg_srv.o)
                0x0000000000007cde                bt_mesh_relay_retransmit_get
 .text.relay_set
                0x0000000000007cf2       0xae E:\chelou\CH573\EVTEVT\EVT\EXAM\BLE\MESH\MESH_LIB\libMESH.a(mesh_cfg_srv.o)
 .text.relay_get
                0x0000000000007da0       0x5c E:\chelou\CH573\EVTEVT\EVT\EXAM\BLE\MESH\MESH_LIB\libMESH.a(mesh_cfg_srv.o)
 .text.bt_mesh_beacon_get
                0x0000000000007dfc       0x14 E:\chelou\CH573\EVTEVT\EVT\EXAM\BLE\MESH\MESH_LIB\libMESH.a(mesh_cfg_srv.o)
                0x0000000000007dfc                bt_mesh_beacon_get
 .text.beacon_set
                0x0000000000007e10       0x8c E:\chelou\CH573\EVTEVT\EVT\EXAM\BLE\MESH\MESH_LIB\libMESH.a(mesh_cfg_srv.o)
 .text.beacon_get
                0x0000000000007e9c       0x4e E:\chelou\CH573\EVTEVT\EVT\EXAM\BLE\MESH\MESH_LIB\libMESH.a(mesh_cfg_srv.o)
 .text.bt_mesh_gatt_proxy_get
                0x0000000000007eea       0x14 E:\chelou\CH573\EVTEVT\EVT\EXAM\BLE\MESH\MESH_LIB\libMESH.a(mesh_cfg_srv.o)
                0x0000000000007eea                bt_mesh_gatt_proxy_get
 .text.send_gatt_proxy_status
                0x0000000000007efe       0x42 E:\chelou\CH573\EVTEVT\EVT\EXAM\BLE\MESH\MESH_LIB\libMESH.a(mesh_cfg_srv.o)
 .text.gatt_proxy_get
                0x0000000000007f40       0x18 E:\chelou\CH573\EVTEVT\EVT\EXAM\BLE\MESH\MESH_LIB\libMESH.a(mesh_cfg_srv.o)
 .text.gatt_proxy_set
                0x0000000000007f58       0x7c E:\chelou\CH573\EVTEVT\EVT\EXAM\BLE\MESH\MESH_LIB\libMESH.a(mesh_cfg_srv.o)
 .text.bt_mesh_default_ttl_get
                0x0000000000007fd4       0x14 E:\chelou\CH573\EVTEVT\EVT\EXAM\BLE\MESH\MESH_LIB\libMESH.a(mesh_cfg_srv.o)
                0x0000000000007fd4                bt_mesh_default_ttl_get
 .text.default_ttl_set
                0x0000000000007fe8       0x86 E:\chelou\CH573\EVTEVT\EVT\EXAM\BLE\MESH\MESH_LIB\libMESH.a(mesh_cfg_srv.o)
 .text.default_ttl_get
                0x000000000000806e       0x4e E:\chelou\CH573\EVTEVT\EVT\EXAM\BLE\MESH\MESH_LIB\libMESH.a(mesh_cfg_srv.o)
 .text.bt_mesh_label_uuid_get
                0x00000000000080bc       0x3a E:\chelou\CH573\EVTEVT\EVT\EXAM\BLE\MESH\MESH_LIB\libMESH.a(mesh_cfg_srv.o)
                0x00000000000080bc                bt_mesh_label_uuid_get
 .text._mod_pub_set
                0x00000000000080f6      0x112 E:\chelou\CH573\EVTEVT\EVT\EXAM\BLE\MESH\MESH_LIB\libMESH.a(mesh_cfg_srv.o)
 .text.mod_unbind.part.11
                0x0000000000008208       0x66 E:\chelou\CH573\EVTEVT\EVT\EXAM\BLE\MESH\MESH_LIB\libMESH.a(mesh_cfg_srv.o)
 .text.mod_app_unbind
                0x000000000000826e       0xc0 E:\chelou\CH573\EVTEVT\EVT\EXAM\BLE\MESH\MESH_LIB\libMESH.a(mesh_cfg_srv.o)
 .text._mod_unbind
                0x000000000000832e       0x2c E:\chelou\CH573\EVTEVT\EVT\EXAM\BLE\MESH\MESH_LIB\libMESH.a(mesh_cfg_srv.o)
 .text.mod_pub_va_set
                0x000000000000835a       0xfe E:\chelou\CH573\EVTEVT\EVT\EXAM\BLE\MESH\MESH_LIB\libMESH.a(mesh_cfg_srv.o)
 .text.mod_pub_set
                0x0000000000008458       0xdc E:\chelou\CH573\EVTEVT\EVT\EXAM\BLE\MESH\MESH_LIB\libMESH.a(mesh_cfg_srv.o)
 .text.mod_sub_list_clear.isra.12
                0x0000000000008534       0x78 E:\chelou\CH573\EVTEVT\EVT\EXAM\BLE\MESH\MESH_LIB\libMESH.a(mesh_cfg_srv.o)
 .text.mod_sub_del_all
                0x00000000000085ac       0xae E:\chelou\CH573\EVTEVT\EVT\EXAM\BLE\MESH\MESH_LIB\libMESH.a(mesh_cfg_srv.o)
 .text.mod_sub_va_overwrite
                0x000000000000865a       0xf0 E:\chelou\CH573\EVTEVT\EVT\EXAM\BLE\MESH\MESH_LIB\libMESH.a(mesh_cfg_srv.o)
 .text.mod_sub_overwrite
                0x000000000000874a       0xe8 E:\chelou\CH573\EVTEVT\EVT\EXAM\BLE\MESH\MESH_LIB\libMESH.a(mesh_cfg_srv.o)
 .text.mod_reset
                0x0000000000008832       0x32 E:\chelou\CH573\EVTEVT\EVT\EXAM\BLE\MESH\MESH_LIB\libMESH.a(mesh_cfg_srv.o)
 .text.bt_mesh_hb_pub_get
                0x0000000000008864       0x14 E:\chelou\CH573\EVTEVT\EVT\EXAM\BLE\MESH\MESH_LIB\libMESH.a(mesh_cfg_srv.o)
                0x0000000000008864                bt_mesh_hb_pub_get
 .text.bt_mesh_cfg_get
                0x0000000000008878        0xc E:\chelou\CH573\EVTEVT\EVT\EXAM\BLE\MESH\MESH_LIB\libMESH.a(mesh_cfg_srv.o)
                0x0000000000008878                bt_mesh_cfg_get
 .text.key_idx_pack
                0x0000000000008884       0x2c E:\chelou\CH573\EVTEVT\EVT\EXAM\BLE\MESH\MESH_LIB\libMESH.a(mesh_cfg_srv.o)
                0x0000000000008884                key_idx_pack
 .text.net_key_get
                0x00000000000088b0       0xa4 E:\chelou\CH573\EVTEVT\EVT\EXAM\BLE\MESH\MESH_LIB\libMESH.a(mesh_cfg_srv.o)
 .text.app_key_get
                0x0000000000008954       0xd4 E:\chelou\CH573\EVTEVT\EVT\EXAM\BLE\MESH\MESH_LIB\libMESH.a(mesh_cfg_srv.o)
 .text.key_idx_unpack
                0x0000000000008a28       0x36 E:\chelou\CH573\EVTEVT\EVT\EXAM\BLE\MESH\MESH_LIB\libMESH.a(mesh_cfg_srv.o)
                0x0000000000008a28                key_idx_unpack
 .text.bt_mesh_app_key_alloc
                0x0000000000008a5e       0x3a E:\chelou\CH573\EVTEVT\EVT\EXAM\BLE\MESH\MESH_LIB\libMESH.a(mesh_cfg_srv.o)
                0x0000000000008a5e                bt_mesh_app_key_alloc
 .text.app_key_set
                0x0000000000008a98       0xc4 E:\chelou\CH573\EVTEVT\EVT\EXAM\BLE\MESH\MESH_LIB\libMESH.a(mesh_cfg_srv.o)
 .text.app_key_update
                0x0000000000008b5c       0x88 E:\chelou\CH573\EVTEVT\EVT\EXAM\BLE\MESH\MESH_LIB\libMESH.a(mesh_cfg_srv.o)
 .text.app_key_add
                0x0000000000008be4       0x86 E:\chelou\CH573\EVTEVT\EVT\EXAM\BLE\MESH\MESH_LIB\libMESH.a(mesh_cfg_srv.o)
 .text.get_label
                0x0000000000008c6a        0xc E:\chelou\CH573\EVTEVT\EVT\EXAM\BLE\MESH\MESH_LIB\libMESH.a(mesh_cfg_srv.o)
                0x0000000000008c6a                get_label
 .text.bt_mesh_app_key_del
                0x0000000000008c76       0x46 E:\chelou\CH573\EVTEVT\EVT\EXAM\BLE\MESH\MESH_LIB\libMESH.a(mesh_cfg_srv.o)
                0x0000000000008c76                bt_mesh_app_key_del
 .text.app_key_del
                0x0000000000008cbc       0xa2 E:\chelou\CH573\EVTEVT\EVT\EXAM\BLE\MESH\MESH_LIB\libMESH.a(mesh_cfg_srv.o)
 .text.bt_mesh_subnet_del
                0x0000000000008d5e       0xa0 E:\chelou\CH573\EVTEVT\EVT\EXAM\BLE\MESH\MESH_LIB\libMESH.a(mesh_cfg_srv.o)
                0x0000000000008d5e                bt_mesh_subnet_del
 .text.net_key_del
                0x0000000000008dfe       0x64 E:\chelou\CH573\EVTEVT\EVT\EXAM\BLE\MESH\MESH_LIB\libMESH.a(mesh_cfg_srv.o)
 .text.bt_mesh_cfg_reset
                0x0000000000008e62       0x6c E:\chelou\CH573\EVTEVT\EVT\EXAM\BLE\MESH\MESH_LIB\libMESH.a(mesh_cfg_srv.o)
                0x0000000000008e62                bt_mesh_cfg_reset
 .text.sys_put_be32
                0x0000000000008ece       0x22 E:\chelou\CH573\EVTEVT\EVT\EXAM\BLE\MESH\MESH_LIB\libMESH.a(mesh_crypto.o)
 .text.create_net_nonce
                0x0000000000008ef0       0x4e E:\chelou\CH573\EVTEVT\EVT\EXAM\BLE\MESH\MESH_LIB\libMESH.a(mesh_crypto.o)
 .text.uECC_RNG_CB
                0x0000000000008f3e       0x64 E:\chelou\CH573\EVTEVT\EVT\EXAM\BLE\MESH\MESH_LIB\libMESH.a(mesh_crypto.o)
 .text._copy    0x0000000000008fa2       0x26 E:\chelou\CH573\EVTEVT\EVT\EXAM\BLE\MESH\MESH_LIB\libMESH.a(mesh_crypto.o)
                0x0000000000008fa2                _copy
 .text.gf_double
                0x0000000000008fc8       0x2e E:\chelou\CH573\EVTEVT\EVT\EXAM\BLE\MESH\MESH_LIB\libMESH.a(mesh_crypto.o)
                0x0000000000008fc8                gf_double
 .text.tc_aes_encrypt
                0x0000000000008ff6       0x16 E:\chelou\CH573\EVTEVT\EVT\EXAM\BLE\MESH\MESH_LIB\libMESH.a(mesh_crypto.o)
                0x0000000000008ff6                tc_aes_encrypt
 .text.tc_aes128_set_encrypt_key
                0x000000000000900c       0x1e E:\chelou\CH573\EVTEVT\EVT\EXAM\BLE\MESH\MESH_LIB\libMESH.a(mesh_crypto.o)
                0x000000000000900c                tc_aes128_set_encrypt_key
 .text.tc_cmac_init
                0x000000000000902a       0x32 E:\chelou\CH573\EVTEVT\EVT\EXAM\BLE\MESH\MESH_LIB\libMESH.a(mesh_crypto.o)
                0x000000000000902a                tc_cmac_init
 .text.tc_cmac_setup
                0x000000000000905c       0x60 E:\chelou\CH573\EVTEVT\EVT\EXAM\BLE\MESH\MESH_LIB\libMESH.a(mesh_crypto.o)
                0x000000000000905c                tc_cmac_setup
 .text.bt_mesh_rand
                0x00000000000090bc       0x64 E:\chelou\CH573\EVTEVT\EVT\EXAM\BLE\MESH\MESH_LIB\libMESH.a(mesh_crypto.o)
                0x00000000000090bc                bt_mesh_rand
 .text.tc_cmac_update
                0x0000000000009120       0xe0 E:\chelou\CH573\EVTEVT\EVT\EXAM\BLE\MESH\MESH_LIB\libMESH.a(mesh_crypto.o)
                0x0000000000009120                tc_cmac_update
 .text.tc_cmac_erase
                0x0000000000009200       0x1a E:\chelou\CH573\EVTEVT\EVT\EXAM\BLE\MESH\MESH_LIB\libMESH.a(mesh_crypto.o)
                0x0000000000009200                tc_cmac_erase
 .text.tc_cmac_final
                0x000000000000921a       0x7c E:\chelou\CH573\EVTEVT\EVT\EXAM\BLE\MESH\MESH_LIB\libMESH.a(mesh_crypto.o)
                0x000000000000921a                tc_cmac_final
 .text.bt_mesh_aes_cmac
                0x0000000000009296       0x42 E:\chelou\CH573\EVTEVT\EVT\EXAM\BLE\MESH\MESH_LIB\libMESH.a(mesh_crypto.o)
                0x0000000000009296                bt_mesh_aes_cmac
 .text.bt_mesh_aes_cmac_one
                0x00000000000092d8       0x18 E:\chelou\CH573\EVTEVT\EVT\EXAM\BLE\MESH\MESH_LIB\libMESH.a(mesh_crypto.o)
 .text.bt_mesh_s1
                0x00000000000092f0       0x2c E:\chelou\CH573\EVTEVT\EVT\EXAM\BLE\MESH\MESH_LIB\libMESH.a(mesh_crypto.o)
 .text.bt_mesh_beacon_auth
                0x000000000000931c       0x4e E:\chelou\CH573\EVTEVT\EVT\EXAM\BLE\MESH\MESH_LIB\libMESH.a(mesh_crypto.o)
                0x000000000000931c                bt_mesh_beacon_auth
 .text.bt_encrypt_be
                0x000000000000936a       0x2c E:\chelou\CH573\EVTEVT\EVT\EXAM\BLE\MESH\MESH_LIB\libMESH.a(mesh_crypto.o)
                0x000000000000936a                bt_encrypt_be
 .text.bt_mesh_ccm_encrypt
                0x0000000000009396      0x2b8 E:\chelou\CH573\EVTEVT\EVT\EXAM\BLE\MESH\MESH_LIB\libMESH.a(mesh_crypto.o)
 .text.bt_mesh_ccm_decrypt
                0x000000000000964e      0x2e0 E:\chelou\CH573\EVTEVT\EVT\EXAM\BLE\MESH\MESH_LIB\libMESH.a(mesh_crypto.o)
 .text.bt_mesh_net_obfuscate
                0x000000000000992e       0x5a E:\chelou\CH573\EVTEVT\EVT\EXAM\BLE\MESH\MESH_LIB\libMESH.a(mesh_crypto.o)
                0x000000000000992e                bt_mesh_net_obfuscate
 .text.bt_mesh_net_encrypt
                0x0000000000009988       0xac E:\chelou\CH573\EVTEVT\EVT\EXAM\BLE\MESH\MESH_LIB\libMESH.a(mesh_crypto.o)
                0x0000000000009988                bt_mesh_net_encrypt
 .text.bt_mesh_net_decrypt
                0x0000000000009a34       0xa8 E:\chelou\CH573\EVTEVT\EVT\EXAM\BLE\MESH\MESH_LIB\libMESH.a(mesh_crypto.o)
                0x0000000000009a34                bt_mesh_net_decrypt
 .text.bt_mesh_app_encrypt
                0x0000000000009adc       0x8a E:\chelou\CH573\EVTEVT\EVT\EXAM\BLE\MESH\MESH_LIB\libMESH.a(mesh_crypto.o)
                0x0000000000009adc                bt_mesh_app_encrypt
 .text.bt_mesh_app_decrypt
                0x0000000000009b66       0x8a E:\chelou\CH573\EVTEVT\EVT\EXAM\BLE\MESH\MESH_LIB\libMESH.a(mesh_crypto.o)
                0x0000000000009b66                bt_mesh_app_decrypt
 .text.bt_mesh_fcs_calc
                0x0000000000009bf0       0x2c E:\chelou\CH573\EVTEVT\EVT\EXAM\BLE\MESH\MESH_LIB\libMESH.a(mesh_crypto.o)
                0x0000000000009bf0                bt_mesh_fcs_calc
 .text.bt_mesh_fcs_check
                0x0000000000009c1c       0x44 E:\chelou\CH573\EVTEVT\EVT\EXAM\BLE\MESH\MESH_LIB\libMESH.a(mesh_crypto.o)
                0x0000000000009c1c                bt_mesh_fcs_check
 .text.bt_mesh_k1
                0x0000000000009c60       0x30 E:\chelou\CH573\EVTEVT\EVT\EXAM\BLE\MESH\MESH_LIB\libMESH.a(mesh_crypto.o)
                0x0000000000009c60                bt_mesh_k1
 .text.bt_mesh_k2
                0x0000000000009c90       0xb8 E:\chelou\CH573\EVTEVT\EVT\EXAM\BLE\MESH\MESH_LIB\libMESH.a(mesh_crypto.o)
                0x0000000000009c90                bt_mesh_k2
 .text.bt_mesh_k3
                0x0000000000009d48       0x62 E:\chelou\CH573\EVTEVT\EVT\EXAM\BLE\MESH\MESH_LIB\libMESH.a(mesh_crypto.o)
                0x0000000000009d48                bt_mesh_k3
 .text.bt_mesh_k4
                0x0000000000009daa       0x54 E:\chelou\CH573\EVTEVT\EVT\EXAM\BLE\MESH\MESH_LIB\libMESH.a(mesh_crypto.o)
                0x0000000000009daa                bt_mesh_k4
 .text.bt_mesh_prov_encrypt
                0x0000000000009dfe       0x16 E:\chelou\CH573\EVTEVT\EVT\EXAM\BLE\MESH\MESH_LIB\libMESH.a(mesh_crypto.o)
                0x0000000000009dfe                bt_mesh_prov_encrypt
 .text.bt_mesh_prov_decrypt
                0x0000000000009e14       0x16 E:\chelou\CH573\EVTEVT\EVT\EXAM\BLE\MESH\MESH_LIB\libMESH.a(mesh_crypto.o)
                0x0000000000009e14                bt_mesh_prov_decrypt
 .text.bt_mesh_id128
                0x0000000000009e2a       0x2e E:\chelou\CH573\EVTEVT\EVT\EXAM\BLE\MESH\MESH_LIB\libMESH.a(mesh_crypto.o)
                0x0000000000009e2a                bt_mesh_id128
 .text.bt_mesh_prov_conf
                0x0000000000009e58       0x1e E:\chelou\CH573\EVTEVT\EVT\EXAM\BLE\MESH\MESH_LIB\libMESH.a(mesh_crypto.o)
                0x0000000000009e58                bt_mesh_prov_conf
 .text.bt_mesh_prov_conf_salt
                0x0000000000009e76       0x22 E:\chelou\CH573\EVTEVT\EVT\EXAM\BLE\MESH\MESH_LIB\libMESH.a(mesh_crypto.o)
                0x0000000000009e76                bt_mesh_prov_conf_salt
 .text.bt_mesh_prov_conf_key
                0x0000000000009e98       0x1c E:\chelou\CH573\EVTEVT\EVT\EXAM\BLE\MESH\MESH_LIB\libMESH.a(mesh_crypto.o)
                0x0000000000009e98                bt_mesh_prov_conf_key
 .text.bt_mesh_prov_salt
                0x0000000000009eb4       0x2c E:\chelou\CH573\EVTEVT\EVT\EXAM\BLE\MESH\MESH_LIB\libMESH.a(mesh_crypto.o)
                0x0000000000009eb4                bt_mesh_prov_salt
 .text.bt_mesh_virtual_addr
                0x0000000000009ee0       0x46 E:\chelou\CH573\EVTEVT\EVT\EXAM\BLE\MESH\MESH_LIB\libMESH.a(mesh_crypto.o)
                0x0000000000009ee0                bt_mesh_virtual_addr
 .text.bt_mesh_pub_key_get_alt
                0x0000000000009f26       0x3a E:\chelou\CH573\EVTEVT\EVT\EXAM\BLE\MESH\MESH_LIB\libMESH.a(mesh_crypto.o)
                0x0000000000009f26                bt_mesh_pub_key_get_alt
 .text.bt_mesh_dh_key_gen_alt
                0x0000000000009f60       0x32 E:\chelou\CH573\EVTEVT\EVT\EXAM\BLE\MESH\MESH_LIB\libMESH.a(mesh_crypto.o)
                0x0000000000009f60                bt_mesh_dh_key_gen_alt
 .text.ble_sm_alg_ecc_init
                0x0000000000009f92       0x20 E:\chelou\CH573\EVTEVT\EVT\EXAM\BLE\MESH\MESH_LIB\libMESH.a(mesh_crypto.o)
                0x0000000000009f92                ble_sm_alg_ecc_init
 .text.friend_adv_alloc
                0x0000000000009fb2       0x18 E:\chelou\CH573\EVTEVT\EVT\EXAM\BLE\MESH\MESH_LIB\libMESH.a(mesh_friend.o)
 .text.purge_buffers
                0x0000000000009fca       0x2e E:\chelou\CH573\EVTEVT\EVT\EXAM\BLE\MESH\MESH_LIB\libMESH.a(mesh_friend.o)
 .text.friend_clear
                0x0000000000009ff8       0x96 E:\chelou\CH573\EVTEVT\EVT\EXAM\BLE\MESH\MESH_LIB\libMESH.a(mesh_friend.o)
 .text.friend_lpn_matches
                0x000000000000a08e       0x76 E:\chelou\CH573\EVTEVT\EVT\EXAM\BLE\MESH\MESH_LIB\libMESH.a(mesh_friend.o)
 .text.create_friend_pdu.isra.10
                0x000000000000a104       0x94 E:\chelou\CH573\EVTEVT\EVT\EXAM\BLE\MESH\MESH_LIB\libMESH.a(mesh_friend.o)
 .text.encode_friend_ctl.isra.12
                0x000000000000a198       0x56 E:\chelou\CH573\EVTEVT\EVT\EXAM\BLE\MESH\MESH_LIB\libMESH.a(mesh_friend.o)
 .text.is_seg   0x000000000000a1ee       0x66 E:\chelou\CH573\EVTEVT\EVT\EXAM\BLE\MESH\MESH_LIB\libMESH.a(mesh_friend.o)
 .text.friend_queue_has_space.isra.5.part.6
                0x000000000000a254       0x5a E:\chelou\CH573\EVTEVT\EVT\EXAM\BLE\MESH\MESH_LIB\libMESH.a(mesh_friend.o)
 .text.enqueue_update.constprop.21
                0x000000000000a2ae       0x9c E:\chelou\CH573\EVTEVT\EVT\EXAM\BLE\MESH\MESH_LIB\libMESH.a(mesh_friend.o)
 .text._set_mesh_friend_buf
                0x000000000000a34a       0x98 E:\chelou\CH573\EVTEVT\EVT\EXAM\BLE\MESH\MESH_LIB\libMESH.a(mesh_friend.o)
                0x000000000000a34a                _set_mesh_friend_buf
 .text.bt_mesh_friend_match
                0x000000000000a3e2       0x40 E:\chelou\CH573\EVTEVT\EVT\EXAM\BLE\MESH\MESH_LIB\libMESH.a(mesh_friend.o)
                0x000000000000a3e2                bt_mesh_friend_match
 .text.bt_mesh_friend_queue_has_space
                0x000000000000a422       0x68 E:\chelou\CH573\EVTEVT\EVT\EXAM\BLE\MESH\MESH_LIB\libMESH.a(mesh_friend.o)
                0x000000000000a422                bt_mesh_friend_queue_has_space
 .text.bt_mesh_friend_find
                0x000000000000a48a       0x7a E:\chelou\CH573\EVTEVT\EVT\EXAM\BLE\MESH\MESH_LIB\libMESH.a(mesh_friend.o)
                0x000000000000a48a                bt_mesh_friend_find
 .text.bt_mesh_friend_clear_net_idx
                0x000000000000a504       0x46 E:\chelou\CH573\EVTEVT\EVT\EXAM\BLE\MESH\MESH_LIB\libMESH.a(mesh_friend.o)
                0x000000000000a504                bt_mesh_friend_clear_net_idx
 .text.bt_mesh_friend_clear_incomplete
                0x000000000000a54a       0x7e E:\chelou\CH573\EVTEVT\EVT\EXAM\BLE\MESH\MESH_LIB\libMESH.a(mesh_friend.o)
                0x000000000000a54a                bt_mesh_friend_clear_incomplete
 .text.bt_mesh_friend_sec_update
                0x000000000000a5c8       0xcc E:\chelou\CH573\EVTEVT\EVT\EXAM\BLE\MESH\MESH_LIB\libMESH.a(mesh_friend.o)
                0x000000000000a5c8                bt_mesh_friend_sec_update
 .text.next_channel
                0x000000000000a694       0x6c E:\chelou\CH573\EVTEVT\EVT\EXAM\BLE\MESH\MESH_LIB\libMESH.a(mesh_hal_rf.o)
 .text.hal_rx_real
                0x000000000000a700       0x36 E:\chelou\CH573\EVTEVT\EVT\EXAM\BLE\MESH\MESH_LIB\libMESH.a(mesh_hal_rf.o)
 .text.rx_req_process
                0x000000000000a736       0x46 E:\chelou\CH573\EVTEVT\EVT\EXAM\BLE\MESH\MESH_LIB\libMESH.a(mesh_hal_rf.o)
 .text.tx_req_process
                0x000000000000a77c       0xba E:\chelou\CH573\EVTEVT\EVT\EXAM\BLE\MESH\MESH_LIB\libMESH.a(mesh_hal_rf.o)
 .text.first_remove.part.3
                0x000000000000a836       0x3e E:\chelou\CH573\EVTEVT\EVT\EXAM\BLE\MESH\MESH_LIB\libMESH.a(mesh_hal_rf.o)
 .text.tx_timeout_process
                0x000000000000a874       0x3c E:\chelou\CH573\EVTEVT\EVT\EXAM\BLE\MESH\MESH_LIB\libMESH.a(mesh_hal_rf.o)
 .text.rf_process_evt
                0x000000000000a8b0       0xce E:\chelou\CH573\EVTEVT\EVT\EXAM\BLE\MESH\MESH_LIB\libMESH.a(mesh_hal_rf.o)
 .text.hal_rf_ntf_cb
                0x000000000000a97e      0x10e E:\chelou\CH573\EVTEVT\EVT\EXAM\BLE\MESH\MESH_LIB\libMESH.a(mesh_hal_rf.o)
 .text.hal_rf_set_rx_cb
                0x000000000000aa8c        0xa E:\chelou\CH573\EVTEVT\EVT\EXAM\BLE\MESH\MESH_LIB\libMESH.a(mesh_hal_rf.o)
                0x000000000000aa8c                hal_rf_set_rx_cb
 .text.hal_rf_init
                0x000000000000aa96       0x8a E:\chelou\CH573\EVTEVT\EVT\EXAM\BLE\MESH\MESH_LIB\libMESH.a(mesh_hal_rf.o)
                0x000000000000aa96                hal_rf_init
 .text.hal_rf_rx_start
                0x000000000000ab20       0x88 E:\chelou\CH573\EVTEVT\EVT\EXAM\BLE\MESH\MESH_LIB\libMESH.a(mesh_hal_rf.o)
                0x000000000000ab20                hal_rf_rx_start
 .text.hal_rf_rx_cancel
                0x000000000000aba8       0x58 E:\chelou\CH573\EVTEVT\EVT\EXAM\BLE\MESH\MESH_LIB\libMESH.a(mesh_hal_rf.o)
                0x000000000000aba8                hal_rf_rx_cancel
 .text.hal_rf_tx_send
                0x000000000000ac00       0x64 E:\chelou\CH573\EVTEVT\EVT\EXAM\BLE\MESH\MESH_LIB\libMESH.a(mesh_hal_rf.o)
                0x000000000000ac00                hal_rf_tx_send
 .text.cli_reset
                0x000000000000ac64       0x20 E:\chelou\CH573\EVTEVT\EVT\EXAM\BLE\MESH\MESH_LIB\libMESH.a(mesh_health_cli.o)
 .text.cfg_rsp_recv
                0x000000000000ac84       0x30 E:\chelou\CH573\EVTEVT\EVT\EXAM\BLE\MESH\MESH_LIB\libMESH.a(mesh_health_cli.o)
 .text.health_current_status
                0x000000000000acb4       0x3c E:\chelou\CH573\EVTEVT\EVT\EXAM\BLE\MESH\MESH_LIB\libMESH.a(mesh_health_cli.o)
 .text.health_cli_init
                0x000000000000acf0       0x38 E:\chelou\CH573\EVTEVT\EVT\EXAM\BLE\MESH\MESH_LIB\libMESH.a(mesh_health_cli.o)
 .text.sync_handler
                0x000000000000ad28       0x20 E:\chelou\CH573\EVTEVT\EVT\EXAM\BLE\MESH\MESH_LIB\libMESH.a(mesh_health_cli.o)
 .text.health_attention_status
                0x000000000000ad48       0x34 E:\chelou\CH573\EVTEVT\EVT\EXAM\BLE\MESH\MESH_LIB\libMESH.a(mesh_health_cli.o)
 .text.health_period_status
                0x000000000000ad7c       0x36 E:\chelou\CH573\EVTEVT\EVT\EXAM\BLE\MESH\MESH_LIB\libMESH.a(mesh_health_cli.o)
 .text.health_fault_status
                0x000000000000adb2       0x48 E:\chelou\CH573\EVTEVT\EVT\EXAM\BLE\MESH\MESH_LIB\libMESH.a(mesh_health_cli.o)
 .text.attention_off
                0x000000000000adfa       0x20 E:\chelou\CH573\EVTEVT\EVT\EXAM\BLE\MESH\MESH_LIB\libMESH.a(mesh_health_srv.o)
 .text.health_period_set_unack
                0x000000000000ae1a       0x28 E:\chelou\CH573\EVTEVT\EVT\EXAM\BLE\MESH\MESH_LIB\libMESH.a(mesh_health_srv.o)
 .text.send_attention_status
                0x000000000000ae42       0x56 E:\chelou\CH573\EVTEVT\EVT\EXAM\BLE\MESH\MESH_LIB\libMESH.a(mesh_health_srv.o)
 .text.attention_get
                0x000000000000ae98        0xc E:\chelou\CH573\EVTEVT\EVT\EXAM\BLE\MESH\MESH_LIB\libMESH.a(mesh_health_srv.o)
 .text.send_health_period_status
                0x000000000000aea4       0x46 E:\chelou\CH573\EVTEVT\EVT\EXAM\BLE\MESH\MESH_LIB\libMESH.a(mesh_health_srv.o)
 .text.health_period_set
                0x000000000000aeea       0x18 E:\chelou\CH573\EVTEVT\EVT\EXAM\BLE\MESH\MESH_LIB\libMESH.a(mesh_health_srv.o)
 .text.health_period_get
                0x000000000000af02        0xc E:\chelou\CH573\EVTEVT\EVT\EXAM\BLE\MESH\MESH_LIB\libMESH.a(mesh_health_srv.o)
 .text.health_fault_test_unack
                0x000000000000af0e       0x38 E:\chelou\CH573\EVTEVT\EVT\EXAM\BLE\MESH\MESH_LIB\libMESH.a(mesh_health_srv.o)
 .text.health_fault_clear_unack
                0x000000000000af46       0x22 E:\chelou\CH573\EVTEVT\EVT\EXAM\BLE\MESH\MESH_LIB\libMESH.a(mesh_health_srv.o)
 .text.health_get_registered
                0x000000000000af68       0x76 E:\chelou\CH573\EVTEVT\EVT\EXAM\BLE\MESH\MESH_LIB\libMESH.a(mesh_health_srv.o)
 .text.health_fault_test
                0x000000000000afde       0x48 E:\chelou\CH573\EVTEVT\EVT\EXAM\BLE\MESH\MESH_LIB\libMESH.a(mesh_health_srv.o)
 .text.health_fault_clear
                0x000000000000b026       0x50 E:\chelou\CH573\EVTEVT\EVT\EXAM\BLE\MESH\MESH_LIB\libMESH.a(mesh_health_srv.o)
 .text.health_fault_get
                0x000000000000b076       0x42 E:\chelou\CH573\EVTEVT\EVT\EXAM\BLE\MESH\MESH_LIB\libMESH.a(mesh_health_srv.o)
 .text.health_srv_init
                0x000000000000b0b8       0x50 E:\chelou\CH573\EVTEVT\EVT\EXAM\BLE\MESH\MESH_LIB\libMESH.a(mesh_health_srv.o)
 .text.health_pub_update
                0x000000000000b108       0xbc E:\chelou\CH573\EVTEVT\EVT\EXAM\BLE\MESH\MESH_LIB\libMESH.a(mesh_health_srv.o)
 .text.bt_mesh_attention
                0x000000000000b1c4       0x5c E:\chelou\CH573\EVTEVT\EVT\EXAM\BLE\MESH\MESH_LIB\libMESH.a(mesh_health_srv.o)
                0x000000000000b1c4                bt_mesh_attention
 .text.attention_set_unack
                0x000000000000b220       0x18 E:\chelou\CH573\EVTEVT\EVT\EXAM\BLE\MESH\MESH_LIB\libMESH.a(mesh_health_srv.o)
 .text.attention_set
                0x000000000000b238       0x18 E:\chelou\CH573\EVTEVT\EVT\EXAM\BLE\MESH\MESH_LIB\libMESH.a(mesh_health_srv.o)
 .text.bt_mesh_atomic_test_bit
                0x000000000000b250        0xa E:\chelou\CH573\EVTEVT\EVT\EXAM\BLE\MESH\MESH_LIB\libMESH.a(mesh_lpn.o)
 .text.send_friend_poll
                0x000000000000b25a       0xba E:\chelou\CH573\EVTEVT\EVT\EXAM\BLE\MESH\MESH_LIB\libMESH.a(mesh_lpn.o)
 .text.sub_update
                0x000000000000b314      0x17e E:\chelou\CH573\EVTEVT\EVT\EXAM\BLE\MESH\MESH_LIB\libMESH.a(mesh_lpn.o)
 .text.clear_friendship
                0x000000000000b492      0x1a2 E:\chelou\CH573\EVTEVT\EVT\EXAM\BLE\MESH\MESH_LIB\libMESH.a(mesh_lpn.o)
 .text.req_sent
                0x000000000000b634       0x6a E:\chelou\CH573\EVTEVT\EVT\EXAM\BLE\MESH\MESH_LIB\libMESH.a(mesh_lpn.o)
 .text.friend_clear_sent
                0x000000000000b69e       0x52 E:\chelou\CH573\EVTEVT\EVT\EXAM\BLE\MESH\MESH_LIB\libMESH.a(mesh_lpn.o)
 .text.friend_response_received.constprop.5
                0x000000000000b6f0       0x6c E:\chelou\CH573\EVTEVT\EVT\EXAM\BLE\MESH\MESH_LIB\libMESH.a(mesh_lpn.o)
 .text.bt_mesh_lpn_poll
                0x000000000000b75c       0x1c E:\chelou\CH573\EVTEVT\EVT\EXAM\BLE\MESH\MESH_LIB\libMESH.a(mesh_lpn.o)
                0x000000000000b75c                bt_mesh_lpn_poll
 .text.bt_mesh_lpn_disable
                0x000000000000b778       0x1c E:\chelou\CH573\EVTEVT\EVT\EXAM\BLE\MESH\MESH_LIB\libMESH.a(mesh_lpn.o)
                0x000000000000b778                bt_mesh_lpn_disable
 .text.bt_mesh_lpn_group_add
                0x000000000000b794       0x7a E:\chelou\CH573\EVTEVT\EVT\EXAM\BLE\MESH\MESH_LIB\libMESH.a(mesh_lpn.o)
                0x000000000000b794                bt_mesh_lpn_group_add
 .text.bt_mesh_lpn_group_del
                0x000000000000b80e       0xac E:\chelou\CH573\EVTEVT\EVT\EXAM\BLE\MESH\MESH_LIB\libMESH.a(mesh_lpn.o)
                0x000000000000b80e                bt_mesh_lpn_group_del
 .text.bt_mesh_lpn_msg_received
                0x000000000000b8ba       0x20 E:\chelou\CH573\EVTEVT\EVT\EXAM\BLE\MESH\MESH_LIB\libMESH.a(mesh_lpn.o)
                0x000000000000b8ba                bt_mesh_lpn_msg_received
 .text.get_lsb_set
                0x000000000000b8da       0x24 E:\chelou\CH573\EVTEVT\EVT\EXAM\BLE\MESH\MESH_LIB\libMESH.a(mesh_mem.o)
                0x000000000000b8da                get_lsb_set
 .text.get_msb_set
                0x000000000000b8fe       0x22 E:\chelou\CH573\EVTEVT\EVT\EXAM\BLE\MESH\MESH_LIB\libMESH.a(mesh_mem.o)
                0x000000000000b8fe                get_msb_set
 .text.n_malloc
                0x000000000000b920       0xa2 E:\chelou\CH573\EVTEVT\EVT\EXAM\BLE\MESH\MESH_LIB\libMESH.a(mesh_mem.o)
                0x000000000000b920                n_malloc
 .text.mesh_mem_init
                0x000000000000b9c2       0x1e E:\chelou\CH573\EVTEVT\EVT\EXAM\BLE\MESH\MESH_LIB\libMESH.a(mesh_mem.o)
                0x000000000000b9c2                mesh_mem_init
 .text.bt_mesh_subnet_get.part.2
                0x000000000000b9e0       0x38 E:\chelou\CH573\EVTEVT\EVT\EXAM\BLE\MESH\MESH_LIB\libMESH.a(mesh_net.o)
 .text.net_decrypt.isra.1
                0x000000000000ba18      0x138 E:\chelou\CH573\EVTEVT\EVT\EXAM\BLE\MESH\MESH_LIB\libMESH.a(mesh_net.o)
 .text._set_mesh_net_buf
                0x000000000000bb50      0x144 E:\chelou\CH573\EVTEVT\EVT\EXAM\BLE\MESH\MESH_LIB\libMESH.a(mesh_net.o)
                0x000000000000bb50                _set_mesh_net_buf
 .text.bt_mesh_is_provisioned
                0x000000000000bc94        0xe E:\chelou\CH573\EVTEVT\EVT\EXAM\BLE\MESH\MESH_LIB\libMESH.a(mesh_net.o)
                0x000000000000bc94                bt_mesh_is_provisioned
 .text.bt_mesh_subnet_get
                0x000000000000bca2       0x22 E:\chelou\CH573\EVTEVT\EVT\EXAM\BLE\MESH\MESH_LIB\libMESH.a(mesh_net.o)
                0x000000000000bca2                bt_mesh_subnet_get
 .text.bt_mesh_net_flags
                0x000000000000bcc4       0x24 E:\chelou\CH573\EVTEVT\EVT\EXAM\BLE\MESH\MESH_LIB\libMESH.a(mesh_net.o)
                0x000000000000bcc4                bt_mesh_net_flags
 .text.bt_mesh_net_beacon_update
                0x000000000000bce8       0x38 E:\chelou\CH573\EVTEVT\EVT\EXAM\BLE\MESH\MESH_LIB\libMESH.a(mesh_net.o)
                0x000000000000bce8                bt_mesh_net_beacon_update
 .text.bt_mesh_net_iv_update
                0x000000000000bd20      0x176 E:\chelou\CH573\EVTEVT\EVT\EXAM\BLE\MESH\MESH_LIB\libMESH.a(mesh_net.o)
                0x000000000000bd20                bt_mesh_net_iv_update
 .text.ivu_refresh
                0x000000000000be96       0x7a E:\chelou\CH573\EVTEVT\EVT\EXAM\BLE\MESH\MESH_LIB\libMESH.a(mesh_net.o)
 .text.bt_mesh_net_revoke_keys
                0x000000000000bf10       0x88 E:\chelou\CH573\EVTEVT\EVT\EXAM\BLE\MESH\MESH_LIB\libMESH.a(mesh_net.o)
                0x000000000000bf10                bt_mesh_net_revoke_keys
 .text.bt_mesh_net_sec_update
                0x000000000000bf98       0x42 E:\chelou\CH573\EVTEVT\EVT\EXAM\BLE\MESH\MESH_LIB\libMESH.a(mesh_net.o)
                0x000000000000bf98                bt_mesh_net_sec_update
 .text.bt_mesh_next_seq
                0x000000000000bfda       0x58 E:\chelou\CH573\EVTEVT\EVT\EXAM\BLE\MESH\MESH_LIB\libMESH.a(mesh_net.o)
                0x000000000000bfda                bt_mesh_next_seq
 .text.bt_mesh_msg_cache_clear
                0x000000000000c032       0x52 E:\chelou\CH573\EVTEVT\EVT\EXAM\BLE\MESH\MESH_LIB\libMESH.a(mesh_net.o)
                0x000000000000c032                bt_mesh_msg_cache_clear
 .text.bt_mesh_net_decode
                0x000000000000c084      0x31a E:\chelou\CH573\EVTEVT\EVT\EXAM\BLE\MESH\MESH_LIB\libMESH.a(mesh_net.o)
                0x000000000000c084                bt_mesh_net_decode
 .text.bt_mesh_net_recv
                0x000000000000c39e      0x2b0 E:\chelou\CH573\EVTEVT\EVT\EXAM\BLE\MESH\MESH_LIB\libMESH.a(mesh_net.o)
                0x000000000000c39e                bt_mesh_net_recv
 .text.bt_mesh_net_local
                0x000000000000c64e       0x2e E:\chelou\CH573\EVTEVT\EVT\EXAM\BLE\MESH\MESH_LIB\libMESH.a(mesh_net.o)
 .text.bt_mesh_net_keys_create
                0x000000000000c67c       0x7e E:\chelou\CH573\EVTEVT\EVT\EXAM\BLE\MESH\MESH_LIB\libMESH.a(mesh_net.o)
                0x000000000000c67c                bt_mesh_net_keys_create
 .text.bt_mesh_net_create
                0x000000000000c6fa       0xba E:\chelou\CH573\EVTEVT\EVT\EXAM\BLE\MESH\MESH_LIB\libMESH.a(mesh_net.o)
                0x000000000000c6fa                bt_mesh_net_create
 .text.friend_cred_clear
                0x000000000000c7b4       0x26 E:\chelou\CH573\EVTEVT\EVT\EXAM\BLE\MESH\MESH_LIB\libMESH.a(mesh_net.o)
                0x000000000000c7b4                friend_cred_clear
 .text.friend_cred_del
                0x000000000000c7da       0x50 E:\chelou\CH573\EVTEVT\EVT\EXAM\BLE\MESH\MESH_LIB\libMESH.a(mesh_net.o)
                0x000000000000c7da                friend_cred_del
 .text.friend_cred_set
                0x000000000000c82a       0xa0 E:\chelou\CH573\EVTEVT\EVT\EXAM\BLE\MESH\MESH_LIB\libMESH.a(mesh_net.o)
                0x000000000000c82a                friend_cred_set
 .text.friend_cred_get
                0x000000000000c8ca       0xa0 E:\chelou\CH573\EVTEVT\EVT\EXAM\BLE\MESH\MESH_LIB\libMESH.a(mesh_net.o)
                0x000000000000c8ca                friend_cred_get
 .text.bt_mesh_net_encode
                0x000000000000c96a      0x16a E:\chelou\CH573\EVTEVT\EVT\EXAM\BLE\MESH\MESH_LIB\libMESH.a(mesh_net.o)
                0x000000000000c96a                bt_mesh_net_encode
 .text.bt_mesh_net_send
                0x000000000000cad4       0xf6 E:\chelou\CH573\EVTEVT\EVT\EXAM\BLE\MESH\MESH_LIB\libMESH.a(mesh_net.o)
                0x000000000000cad4                bt_mesh_net_send
 .text.friend_cred_update
                0x000000000000cbca       0x52 E:\chelou\CH573\EVTEVT\EVT\EXAM\BLE\MESH\MESH_LIB\libMESH.a(mesh_net.o)
                0x000000000000cbca                friend_cred_update
 .text.friend_cred_refresh
                0x000000000000cc1c       0x4a E:\chelou\CH573\EVTEVT\EVT\EXAM\BLE\MESH\MESH_LIB\libMESH.a(mesh_net.o)
                0x000000000000cc1c                friend_cred_refresh
 .text.bt_mesh_kr_update
                0x000000000000cc66       0x6c E:\chelou\CH573\EVTEVT\EVT\EXAM\BLE\MESH\MESH_LIB\libMESH.a(mesh_net.o)
                0x000000000000cc66                bt_mesh_kr_update
 .text.bt_mesh_net_start
                0x000000000000ccd2       0xbc E:\chelou\CH573\EVTEVT\EVT\EXAM\BLE\MESH\MESH_LIB\libMESH.a(mesh_net.o)
                0x000000000000ccd2                bt_mesh_net_start
 .text.bt_mesh_net_init
                0x000000000000cd8e       0xac E:\chelou\CH573\EVTEVT\EVT\EXAM\BLE\MESH\MESH_LIB\libMESH.a(mesh_net.o)
                0x000000000000cd8e                bt_mesh_net_init
 .text.ui2a     0x000000000000ce3a       0x52 E:\chelou\CH573\EVTEVT\EVT\EXAM\BLE\MESH\MESH_LIB\libMESH.a(mesh_nvs.o)
 .text._vsnprintf_putcf
                0x000000000000ce8c       0x18 E:\chelou\CH573\EVTEVT\EVT\EXAM\BLE\MESH\MESH_LIB\libMESH.a(mesh_nvs.o)
 .text.mesh_x_set
                0x000000000000cea4       0x28 E:\chelou\CH573\EVTEVT\EVT\EXAM\BLE\MESH\MESH_LIB\libMESH.a(mesh_nvs.o)
 .text.key_update_find
                0x000000000000cecc       0x72 E:\chelou\CH573\EVTEVT\EVT\EXAM\BLE\MESH\MESH_LIB\libMESH.a(mesh_nvs.o)
 .text.hb_pub_set
                0x000000000000cf3e       0x76 E:\chelou\CH573\EVTEVT\EVT\EXAM\BLE\MESH\MESH_LIB\libMESH.a(mesh_nvs.o)
 .text.mesh_commit
                0x000000000000cfb4      0x192 E:\chelou\CH573\EVTEVT\EVT\EXAM\BLE\MESH\MESH_LIB\libMESH.a(mesh_nvs.o)
 .text.nvs_al_size.isra.3
                0x000000000000d146       0x16 E:\chelou\CH573\EVTEVT\EVT\EXAM\BLE\MESH\MESH_LIB\libMESH.a(mesh_nvs.o)
 .text.nvs_sector_advance.isra.4