Archive member included to satisfy reference by file (symbol)

E:\chelou\CH573\EVTEVT\EVT\EXAM\SRC\StdPeriphDriver\libISP573.a(ISP573.o)
                              ./StdPeriphDriver/CH57x_pwr.o (FLASH_EEPROM_CMD)
E:\chelou\CH573\EVTEVT\EVT\EXAM\BLE\LIB\libCH57xBLE.a(message.o)
                              ./HAL/MCU.o (tmos_msg_deallocate)
E:\chelou\CH573\EVTEVT\EVT\EXAM\BLE\LIB\libCH57xBLE.a(tmos.o)
                              ./Profile/devinfoservice.o (tmos_memcpy)
E:\chelou\CH573\EVTEVT\EVT\EXAM\BLE\LIB\libCH57xBLE.a(tmos_hw.o)
                              E:\chelou\CH573\EVTEVT\EVT\EXAM\BLE\LIB\libCH57xBLE.a(tmos.o) (RTC_Get32KClock)
E:\chelou\CH573\EVTEVT\EVT\EXAM\BLE\LIB\libCH57xBLE.a(tmos_snv.o)
                              E:\chelou\CH573\EVTEVT\EVT\EXAM\BLE\LIB\libCH57xBLE.a(tmos.o) (tmos_snv_init)
E:\chelou\CH573\EVTEVT\EVT\EXAM\BLE\LIB\libCH57xBLE.a(gap.o)
                              ./APP/broadcaster.o (GAP_SetParamValue)
E:\chelou\CH573\EVTEVT\EVT\EXAM\BLE\LIB\libCH57xBLE.a(gap_central.o)
                              E:\chelou\CH573\EVTEVT\EVT\EXAM\BLE\LIB\libCH57xBLE.a(gap.o) (GAP_CentralParamInit)
E:\chelou\CH573\EVTEVT\EVT\EXAM\BLE\LIB\libCH57xBLE.a(gap_peripheral.o)
                              E:\chelou\CH573\EVTEVT\EVT\EXAM\BLE\LIB\libCH57xBLE.a(gap.o) (GAP_PeripheralParamInit)
E:\chelou\CH573\EVTEVT\EVT\EXAM\BLE\LIB\libCH57xBLE.a(gatt_uuid.o)
                              ./Profile/devinfoservice.o (characterUUID)
E:\chelou\CH573\EVTEVT\EVT\EXAM\BLE\LIB\libCH57xBLE.a(gattservapp.o)
                              ./Profile/devinfoservice.o (GATTServApp_RegisterService)
E:\chelou\CH573\EVTEVT\EVT\EXAM\BLE\LIB\libCH57xBLE.a(l2cap.o)
                              E:\chelou\CH573\EVTEVT\EVT\EXAM\BLE\LIB\libCH57xBLE.a(gattservapp.o) (L2CAP_GetMTU)
E:\chelou\CH573\EVTEVT\EVT\EXAM\BLE\LIB\libCH57xBLE.a(l2cap_input.o)
                              E:\chelou\CH573\EVTEVT\EVT\EXAM\BLE\LIB\libCH57xBLE.a(l2cap.o) (l2capProcessRxData)
E:\chelou\CH573\EVTEVT\EVT\EXAM\BLE\LIB\libCH57xBLE.a(l2cap_output.o)
                              E:\chelou\CH573\EVTEVT\EVT\EXAM\BLE\LIB\libCH57xBLE.a(l2cap_input.o) (l2capNotifyData)
E:\chelou\CH573\EVTEVT\EVT\EXAM\BLE\LIB\libCH57xBLE.a(l2cap_sdu.o)
                              E:\chelou\CH573\EVTEVT\EVT\EXAM\BLE\LIB\libCH57xBLE.a(l2cap_input.o) (l2capBuildDisconnectRsp)
E:\chelou\CH573\EVTEVT\EVT\EXAM\BLE\LIB\libCH57xBLE.a(linkdb.o)
                              E:\chelou\CH573\EVTEVT\EVT\EXAM\BLE\LIB\libCH57xBLE.a(l2cap.o) (linkDB_Init)
E:\chelou\CH573\EVTEVT\EVT\EXAM\BLE\LIB\libCH57xBLE.a(sm.o)
                              E:\chelou\CH573\EVTEVT\EVT\EXAM\BLE\LIB\libCH57xBLE.a(gap.o) (smStartEncryption)
E:\chelou\CH573\EVTEVT\EVT\EXAM\BLE\LIB\libCH57xBLE.a(host_input.o)
                              E:\chelou\CH573\EVTEVT\EVT\EXAM\BLE\LIB\libCH57xBLE.a(gap.o) (gBleHostPara)
E:\chelou\CH573\EVTEVT\EVT\EXAM\BLE\LIB\libCH57xBLE.a(host_output.o)
                              E:\chelou\CH573\EVTEVT\EVT\EXAM\BLE\LIB\libCH57xBLE.a(gap.o) (HCI_DisconnectCmd)
E:\chelou\CH573\EVTEVT\EVT\EXAM\BLE\LIB\libCH57xBLE.a(ll_connect.o)
                              E:\chelou\CH573\EVTEVT\EVT\EXAM\BLE\LIB\libCH57xBLE.a(tmos.o) (LL_GetNextConnectEventTime)
E:\chelou\CH573\EVTEVT\EVT\EXAM\BLE\LIB\libCH57xBLE.a(ll_core.o)
                              E:\chelou\CH573\EVTEVT\EVT\EXAM\BLE\LIB\libCH57xBLE.a(ll_connect.o) (LL_CoreGetCore)
E:\chelou\CH573\EVTEVT\EVT\EXAM\BLE\LIB\libCH57xBLE.a(ll_hop.o)
                              E:\chelou\CH573\EVTEVT\EVT\EXAM\BLE\LIB\libCH57xBLE.a(ll_connect.o) (LL_HopGetChannel)
E:\chelou\CH573\EVTEVT\EVT\EXAM\BLE\LIB\libCH57xBLE.a(ll_master.o)
                              E:\chelou\CH573\EVTEVT\EVT\EXAM\BLE\LIB\libCH57xBLE.a(ll_connect.o) (ll_master_process)
E:\chelou\CH573\EVTEVT\EVT\EXAM\BLE\LIB\libCH57xBLE.a(ll_pdu.o)
                              E:\chelou\CH573\EVTEVT\EVT\EXAM\BLE\LIB\libCH57xBLE.a(ll_master.o) (LL_ConnectionUpdateReq)
E:\chelou\CH573\EVTEVT\EVT\EXAM\BLE\LIB\libCH57xBLE.a(ll_report.o)
                              E:\chelou\CH573\EVTEVT\EVT\EXAM\BLE\LIB\libCH57xBLE.a(ll_connect.o) (LL_ReportGenerateEvent)
E:\chelou\CH573\EVTEVT\EVT\EXAM\BLE\LIB\libCH57xBLE.a(ll_scan.o)
                              E:\chelou\CH573\EVTEVT\EVT\EXAM\BLE\LIB\libCH57xBLE.a(ll_master.o) (LL_ScanEnable)
E:\chelou\CH573\EVTEVT\EVT\EXAM\BLE\LIB\libCH57xBLE.a(ll_slave.o)
                              E:\chelou\CH573\EVTEVT\EVT\EXAM\BLE\LIB\libCH57xBLE.a(ll_connect.o) (ll_hw_timer_slave_recv_timeout)
E:\chelou\CH573\EVTEVT\EVT\EXAM\BLE\LIB\libCH57xBLE.a(ll_whitelist.o)
                              E:\chelou\CH573\EVTEVT\EVT\EXAM\BLE\LIB\libCH57xBLE.a(ll_scan.o) (LL_WhitelistLookup)
E:\chelou\CH573\EVTEVT\EVT\EXAM\BLE\LIB\libCH57xBLE.a(aes.o)
                              E:\chelou\CH573\EVTEVT\EVT\EXAM\BLE\LIB\libCH57xBLE.a(sm.o) (LL_Encrypt)
E:\chelou\CH573\EVTEVT\EVT\EXAM\BLE\LIB\libCH57xBLE.a(bb.o)
[...]
Memory Configuration

Name             Origin             Length             Attributes
FLASH            0x0000000000000000 0x0000000000070000 xr
RAM              0x0000000020003800 0x0000000000004800 xrw
*default*        0x0000000000000000 0xffffffffffffffff

Linker script and memory map

LOAD ./StdPeriphDriver/CH57x_adc.o
LOAD ./StdPeriphDriver/CH57x_clk.o
LOAD ./StdPeriphDriver/CH57x_flash.o
LOAD ./StdPeriphDriver/CH57x_gpio.o
LOAD ./StdPeriphDriver/CH57x_pwr.o
LOAD ./StdPeriphDriver/CH57x_sys.o
LOAD ./StdPeriphDriver/CH57x_uart1.o
LOAD ./Startup/startup_CH573.o
LOAD ./RVMSIS/core_riscv.o
LOAD ./Profile/devinfoservice.o
LOAD ./HAL/MCU.o
LOAD ./HAL/RTC.o
LOAD ./HAL/SLEEP.o
LOAD ./APP/broadcaster.o
LOAD ./APP/broadcaster_main.o
LOAD E:\chelou\CH573\EVTEVT\EVT\EXAM\SRC\StdPeriphDriver\libISP573.a
LOAD E:\chelou\CH573\EVTEVT\EVT\EXAM\BLE\LIB\libCH57xBLE.a
LOAD e:/ranjian/mounriver/mounriver_studio/toolchain/risc-v embedded gcc/bin/../lib/gcc/riscv-none-embed/8.2.0/rv32imac/ilp32\libgcc.a
LOAD e:/ranjian/mounriver/mounriver_studio/toolchain/risc-v embedded gcc/bin/../lib/gcc/riscv-none-embed/8.2.0/../../../../riscv-none-embed/lib/rv32imac/ilp32\libg_nano.a
LOAD e:/ranjian/mounriver/mounriver_studio/toolchain/risc-v embedded gcc/bin/../lib/gcc/riscv-none-embed/8.2.0/../../../../riscv-none-embed/lib/rv32imac/ilp32\libc_nano.a
LOAD e:/ranjian/mounriver/mounriver_studio/toolchain/risc-v embedded gcc/bin/../lib/gcc/riscv-none-embed/8.2.0/rv32imac/ilp32\libgcc.a
START GROUP
LOAD e:/ranjian/mounriver/mounriver_studio/toolchain/risc-v embedded gcc/bin/../lib/gcc/riscv-none-embed/8.2.0/rv32imac/ilp32\libgcc.a
LOAD e:/ranjian/mounriver/mounriver_studio/toolchain/risc-v embedded gcc/bin/../lib/gcc/riscv-none-embed/8.2.0/../../../../riscv-none-embed/lib/rv32imac/ilp32\libc_nano.a
LOAD e:/ranjian/mounriver/mounriver_studio/toolchain/risc-v embedded gcc/bin/../lib/gcc/riscv-none-embed/8.2.0/../../../../riscv-none-embed/lib/rv32imac/ilp32\libnosys.a
END GROUP
START GROUP
LOAD e:/ranjian/mounriver/mounriver_studio/toolchain/risc-v embedded gcc/bin/../lib/gcc/riscv-none-embed/8.2.0/rv32imac/ilp32\libgcc.a
LOAD e:/ranjian/mounriver/mounriver_studio/toolchain/risc-v embedded gcc/bin/../lib/gcc/riscv-none-embed/8.2.0/../../../../riscv-none-embed/lib/rv32imac/ilp32\libc_nano.a
LOAD e:/ranjian/mounriver/mounriver_studio/toolchain/risc-v embedded gcc/bin/../lib/gcc/riscv-none-embed/8.2.0/../../../../riscv-none-embed/lib/rv32imac/ilp32\libnosys.a
END GROUP

.init           0x0000000000000000        0x4
                0x0000000000000000                _sinit = .
                0x0000000000000000                . = ALIGN (0x4)
 *(SORT_NONE(.init))
 .init          0x0000000000000000        0x4 ./Startup/startup_CH573.o
                0x0000000000000000                _start
                0x0000000000000004                . = ALIGN (0x4)
                0x0000000000000004                _einit = .

.highcodelalign
                0x0000000000000004        0x0
                0x0000000000000004                . = ALIGN (0x4)
                0x0000000000000004                PROVIDE (_highcode_lma = .)

.highcode       0x0000000020003800     0x1094 load address 0x0000000000000004
                0x0000000020003800                . = ALIGN (0x4)
                0x0000000020003800                PROVIDE (_highcode_vma_start = .)
 *(.vector)
 .vector        0x0000000020003800       0x90 ./Startup/startup_CH573.o
 *(SORT_NONE(.vector_handler))
 .vector_handler
                0x0000000020003890       0x2c ./Startup/startup_CH573.o
                0x0000000020003890                NMI_Handler
                0x0000000020003894                SysTick_Handler
                0x0000000020003896                SW_Handler
                0x0000000020003898                TMR0_IRQHandler
                0x000000002000389a                GPIOA_IRQHandler
                0x000000002000389c                GPIOB_IRQHandler
                0x000000002000389e                SPI0_IRQHandler
                0x00000000200038a0                BB_IRQHandler
                0x00000000200038a2                LLE_IRQHandler
                0x00000000200038a4                USB_IRQHandler
                0x00000000200038a6                TMR1_IRQHandler
                0x00000000200038a8                TMR2_IRQHandler
                0x00000000200038aa                UART0_IRQHandler
                0x00000000200038ac                UART1_IRQHandler
                0x00000000200038b0                ADC_IRQHandler
                0x00000000200038b2                PWMX_IRQHandler
                0x00000000200038b4                TMR3_IRQHandler
                0x00000000200038b6                UART2_IRQHandler
                0x00000000200038b8                UART3_IRQHandler
                0x00000000200038ba                WDOG_BAT_IRQHandler
 *(.highcode)
 .highcode      0x00000000200038bc       0x4a ./StdPeriphDriver/CH57x_clk.o
                0x00000000200038bc                Get_Calibration_Cnt_RAM
 .highcode      0x0000000020003906      0x1a8 ./StdPeriphDriver/CH57x_sys.o
                0x0000000020003906                SetSysClock
                0x0000000020003a02                SYS_ResetExecute
                0x0000000020003a3a                HardFault_Handler
                0x0000000020003a78                mDelayuS
                0x0000000020003a86                mDelaymS
 .highcode      0x0000000020003aae       0x16 ./HAL/RTC.o
                0x0000000020003aae                RTC_IRQHandler
 .highcode      0x0000000020003ac4        0x8 ./APP/broadcaster_main.o
                0x0000000020003ac4                Main_Circulation
 .highcode      0x0000000020003acc      0x3ee E:\chelou\CH573\EVTEVT\EVT\EXAM\SRC\StdPeriphDriver\libISP573.a(ISP573.o)
                0x0000000020003acc                FLASH_ROM_BEG
                0x0000000020003ade                FLASH_ROM_END
                0x0000000020003aec                FLASH_ROM_IN
                0x0000000020003afa                FLASH_ROM_OUT
                0x0000000020003b08                FLASH_ROM_ADDR
                0x0000000020003b50                FLASH_ROM_WAIT
                0x0000000020003b88                FLASH_EEPROM_CMD
 .highcode      0x0000000020003eba      0x230 E:\chelou\CH573\EVTEVT\EVT\EXAM\BLE\LIB\libCH57xBLE.a(tmos.o)
                0x0000000020003ed6                tmos_memcpy
                0x0000000020003ef6                tmos_memcpy_word
                0x0000000020003f12                TMOS_SystemProcess
 .highcode      0x00000000200040ea       0xc2 E:\chelou\CH573\EVTEVT\EVT\EXAM\BLE\LIB\libCH57xBLE.a(tmos_hw.o)
                0x00000000200040ea                BLE_GetHSEClock
                0x0000000020004128                RTC_Get32KClock
                0x0000000020004140                SYS_GetTickCount
 .highcode      0x00000000200041ac      0x1c4 E:\chelou\CH573\EVTEVT\EVT\EXAM\BLE\LIB\libCH57xBLE.a(bb.o)
                0x00000000200041ac                BB_IRQLibHandler
                0x0000000020004326                BB_IRQLibFunction
 .highcode      0x0000000020004370      0x198 E:\chelou\CH573\EVTEVT\EVT\EXAM\BLE\LIB\libCH57xBLE.a(ip.o)
                0x0000000020004370                ll_tx_wait_finish
                0x000000002000439c                ll_tx_wait_tx_dma
                0x00000000200043fa                ll_rx_wait_finish
                0x0000000020004430                ll_rx_wait_tx_dma
                0x000000002000447e                ble_ll_chkcrc
 .highcode      0x0000000020004508      0x1a4 E:\chelou\CH573\EVTEVT\EVT\EXAM\BLE\LIB\libCH57xBLE.a(lle.o)
                0x0000000020004508                LLE_IRQLibHandler
                0x0000000020004662                LLE_IRQLibFunction
 .highcode      0x00000000200046ac       0x82 E:\chelou\CH573\EVTEVT\EVT\EXAM\BLE\LIB\libCH57xBLE.a(rf_fh.o)
                0x00000000200046ac                RF_HopGetChannel
 .highcode      0x000000002000472e       0x2c E:\chelou\CH573\EVTEVT\EVT\EXAM\BLE\LIB\libCH57xBLE.a(rfend.o)
                0x000000002000472e                RFEND_WaitTune
 .highcode      0x000000002000475a      0x13a E:\chelou\CH573\EVTEVT\EVT\EXAM\BLE\LIB\libCH57xBLE.a(memory.o)
                0x000000002000475a                tmos_memory_allocate
                0x00000000200047f4                tmos_memory_free
 *(.highcode.*)
                0x0000000020004894                . = ALIGN (0x4)
 *fill*         0x0000000020004894        0x0 
                0x0000000020004894                PROVIDE (_highcode_vma_end = .)

.text           0x0000000000001098    0x16004
                0x0000000000001098                . = ALIGN (0x4)
 *(SORT_NONE(.handle_reset))
 .handle_reset  0x0000000000001098       0xa2 ./Startup/startup_CH573.o
                0x0000000000001098                handle_reset
 *(.text)
 .text          0x000000000000113a       0xa8 e:/ranjian/mounriver/mounriver_studio/toolchain/risc-v embedded gcc/bin/../lib/gcc/riscv-none-embed/8.2.0/../../../../riscv-none-embed/lib/rv32imac/ilp32\libg_nano.a(lib_a-memset.o)
                0x000000000000113a                memset
 *(.text.*)
 .text.ADC_InterTSSampInit
                0x00000000000011e2       0x28 ./StdPeriphDriver/CH57x_adc.o
                0x00000000000011e2                ADC_InterTSSampInit
 .text.Calibration_LSI_FLASH
                0x000000000000120a      0x284 ./StdPeriphDriver/CH57x_clk.o
                0x000000000000120a                Calibration_LSI_FLASH
 .text.Calibration_LSI_RAM
                0x000000000000148e      0x23e ./StdPeriphDriver/CH57x_clk.o
                0x000000000000148e                Calibration_LSI_RAM
 .text.RTC_InitTime
                0x00000000000016cc      0x134 ./StdPeriphDriver/CH57x_clk.o
                0x00000000000016cc                RTC_InitTime
 .text.GPIOA_ModeCfg
                0x0000000000001800       0xa6 ./StdPeriphDriver/CH57x_gpio.o
                0x0000000000001800                GPIOA_ModeCfg
 .text.GetSysClock
                0x00000000000018a6       0x42 ./StdPeriphDriver/CH57x_sys.o
                0x00000000000018a6                GetSysClock
 .text.SYS_GetSysTickCnt
                0x00000000000018e8        0xa ./StdPeriphDriver/CH57x_sys.o
                0x00000000000018e8                SYS_GetSysTickCnt
 .text._write   0x00000000000018f2       0x28 ./StdPeriphDriver/CH57x_sys.o
                0x00000000000018f2                _write
 .text.UART1_BaudRateCfg
                0x000000000000191a       0x30 ./StdPeriphDriver/CH57x_uart1.o
                0x000000000000191a                UART1_BaudRateCfg
 .text.UART1_DefInit
                0x000000000000194a       0x32 ./StdPeriphDriver/CH57x_uart1.o
                0x000000000000194a                UART1_DefInit
 .text.Lib_Calibration_LSI
                0x000000000000197c       0x28 ./HAL/MCU.o
                0x000000000000197c                Lib_Calibration_LSI
 .text.Lib_Read_Flash
                0x00000000000019a4       0x1c ./HAL/MCU.o
                0x00000000000019a4                Lib_Read_Flash
 .text.Lib_Write_Flash
                0x00000000000019c0       0x40 ./HAL/MCU.o
                0x00000000000019c0                Lib_Write_Flash
 .text.HAL_GetInterTempValue
                0x0000000000001a00       0x72 ./HAL/MCU.o
                0x0000000000001a00                HAL_GetInterTempValue
 .text.HAL_ProcessEvent
                0x0000000000001a72       0x7a ./HAL/MCU.o
                0x0000000000001a72                HAL_ProcessEvent
 .text.CH57X_BLEInit
                0x0000000000001aec      0x12a ./HAL/MCU.o
                0x0000000000001aec                CH57X_BLEInit
 .text.HAL_Init
                0x0000000000001c16       0x34 ./HAL/MCU.o
                0x0000000000001c16                HAL_Init
 .text.HAL_TimeInit
                0x0000000000001c4a       0x5c ./HAL/RTC.o
                0x0000000000001c4a                HAL_TimeInit
 .text.Broadcaster_StateNotificationCB
                0x0000000000001ca6       0x4a ./APP/broadcaster.o
 .text.Broadcaster_ProcessEvent
                0x0000000000001cf0       0x42 ./APP/broadcaster.o
                0x0000000000001cf0                Broadcaster_ProcessEvent
 .text.Broadcaster_Init
                0x0000000000001d32       0x8a ./APP/broadcaster.o
                0x0000000000001d32                Broadcaster_Init
 .text.startup.main
                0x0000000000001dbc       0x48 ./APP/broadcaster_main.o
                0x0000000000001dbc                main
 .text.tmos_msg_enqueue
                0x0000000000001e04       0x1e E:\chelou\CH573\EVTEVT\EVT\EXAM\BLE\LIB\libCH57xBLE.a(message.o)
                0x0000000000001e04                tmos_msg_enqueue
 .text.tmos_msg_deallocate
                0x0000000000001e22       0x2c E:\chelou\CH573\EVTEVT\EVT\EXAM\BLE\LIB\libCH57xBLE.a(message.o)
                0x0000000000001e22                tmos_msg_deallocate
 .text.tmos_msg_allocate
                0x0000000000001e4e       0x3e E:\chelou\CH573\EVTEVT\EVT\EXAM\BLE\LIB\libCH57xBLE.a(message.o)
                0x0000000000001e4e                tmos_msg_allocate
 .text.tmos_msg_receive
                0x0000000000001e8c       0x68 E:\chelou\CH573\EVTEVT\EVT\EXAM\BLE\LIB\libCH57xBLE.a(message.o)
                0x0000000000001e8c                tmos_msg_receive
 .text.tmos_msg_send
                0x0000000000001ef4       0x56 E:\chelou\CH573\EVTEVT\EVT\EXAM\BLE\LIB\libCH57xBLE.a(message.o)
                0x0000000000001ef4                tmos_msg_send
 .text.tmos_msg_init
                0x0000000000001f4a        0x6 E:\chelou\CH573\EVTEVT\EVT\EXAM\BLE\LIB\libCH57xBLE.a(message.o)
                0x0000000000001f4a                tmos_msg_init
 .text.tmosFindTask
                0x0000000000001f50       0x20 E:\chelou\CH573\EVTEVT\EVT\EXAM\BLE\LIB\libCH57xBLE.a(tmos.o)
 .text.TMOS_CbTimerProcessEvent
                0x0000000000001f70       0x7c E:\chelou\CH573\EVTEVT\EVT\EXAM\BLE\LIB\libCH57xBLE.a(tmos.o)
                0x0000000000001f70                TMOS_CbTimerProcessEvent
 .text.tmos_rand
                0x0000000000001fec       0x54 E:\chelou\CH573\EVTEVT\EVT\EXAM\BLE\LIB\libCH57xBLE.a(tmos.o)
                0x0000000000001fec                tmos_rand
 .text.tmos_query_sleep_time
                0x0000000000002040      0x178 E:\chelou\CH573\EVTEVT\EVT\EXAM\BLE\LIB\libCH57xBLE.a(tmos.o)
                0x0000000000002040                tmos_query_sleep_time
 .text.tmos_memset
                0x00000000000021b8       0x12 E:\chelou\CH573\EVTEVT\EVT\EXAM\BLE\LIB\libCH57xBLE.a(tmos.o)
                0x00000000000021b8                tmos_memset
 .text.tmos_strlen
                0x00000000000021ca       0x14 E:\chelou\CH573\EVTEVT\EVT\EXAM\BLE\LIB\libCH57xBLE.a(tmos.o)
                0x00000000000021ca                tmos_strlen
 .text.tmos_memdup
                0x00000000000021de       0x3c E:\chelou\CH573\EVTEVT\EVT\EXAM\BLE\LIB\libCH57xBLE.a(tmos.o)
                0x00000000000021de                tmos_memdup
 .text.tmos_memcmp
                0x000000000000221a       0x24 E:\chelou\CH573\EVTEVT\EVT\EXAM\BLE\LIB\libCH57xBLE.a(tmos.o)
                0x000000000000221a                tmos_memcmp
 .text.tmos_revmemcpy
                0x000000000000223e       0x1c E:\chelou\CH573\EVTEVT\EVT\EXAM\BLE\LIB\libCH57xBLE.a(tmos.o)
                0x000000000000223e                tmos_revmemcpy
 .text.tmos_isbufset
                0x000000000000225a       0x1e E:\chelou\CH573\EVTEVT\EVT\EXAM\BLE\LIB\libCH57xBLE.a(tmos.o)
                0x000000000000225a                tmos_isbufset
 .text.tmos_set_event
                0x0000000000002278       0x2a E:\chelou\CH573\EVTEVT\EVT\EXAM\BLE\LIB\libCH57xBLE.a(tmos.o)
                0x0000000000002278                tmos_set_event
 .text.tmos_query_system_time
                0x00000000000022a2       0xce E:\chelou\CH573\EVTEVT\EVT\EXAM\BLE\LIB\libCH57xBLE.a(tmos.o)
                0x00000000000022a2                tmos_query_system_time
 .text.tmos_clear_event
                0x0000000000002370       0x2e E:\chelou\CH573\EVTEVT\EVT\EXAM\BLE\LIB\libCH57xBLE.a(tmos.o)
                0x0000000000002370                tmos_clear_event
 .text.tmos_start_task
                0x000000000000239e       0x8e E:\chelou\CH573\EVTEVT\EVT\EXAM\BLE\LIB\libCH57xBLE.a(tmos.o)
                0x000000000000239e                tmos_start_task
 .text.tmos_start_callback_task
                0x000000000000242c       0xac E:\chelou\CH573\EVTEVT\EVT\EXAM\BLE\LIB\libCH57xBLE.a(tmos.o)
                0x000000000000242c                tmos_start_callback_task
 .text.tmos_start_reload_task
                0x00000000000024d8       0x2e E:\chelou\CH573\EVTEVT\EVT\EXAM\BLE\LIB\libCH57xBLE.a(tmos.o)
                0x00000000000024d8                tmos_start_reload_task
 .text.tmos_stop_task
                0x0000000000002506       0x40 E:\chelou\CH573\EVTEVT\EVT\EXAM\BLE\LIB\libCH57xBLE.a(tmos.o)
                0x0000000000002506                tmos_stop_task
 .text.tmos_stop_callback_task
                0x0000000000002546       0x5c E:\chelou\CH573\EVTEVT\EVT\EXAM\BLE\LIB\libCH57xBLE.a(tmos.o)
                0x0000000000002546                tmos_stop_callback_task
 .text.tmos_get_task_timer
                0x00000000000025a2       0x16 E:\chelou\CH573\EVTEVT\EVT\EXAM\BLE\LIB\libCH57xBLE.a(tmos.o)
                0x00000000000025a2                tmos_get_task_timer
 .text.tmos_update_callback_timer
                0x00000000000025b8       0x62 E:\chelou\CH573\EVTEVT\EVT\EXAM\BLE\LIB\libCH57xBLE.a(tmos.o)
                0x00000000000025b8                tmos_update_callback_timer
 .text.TMOS_Set32KTuneValue
                0x000000000000261a        0xa E:\chelou\CH573\EVTEVT\EVT\EXAM\BLE\LIB\libCH57xBLE.a(tmos.o)
                0x000000000000261a                TMOS_Set32KTuneValue
 .text.TMOS_TimerRegister
                0x0000000000002624       0x1a E:\chelou\CH573\EVTEVT\EVT\EXAM\BLE\LIB\libCH57xBLE.a(tmos.o)
                0x0000000000002624                TMOS_TimerRegister
 .text.TMOS_ProcessRegister
                0x000000000000263e       0x16 E:\chelou\CH573\EVTEVT\EVT\EXAM\BLE\LIB\libCH57xBLE.a(tmos.o)
                0x000000000000263e                TMOS_ProcessRegister
 .text.TMOS_Init
                0x0000000000002654       0xe4 E:\chelou\CH573\EVTEVT\EVT\EXAM\BLE\LIB\libCH57xBLE.a(tmos.o)
                0x0000000000002654                TMOS_Init
 .text.TMOS_ProcessEventRegister
                0x0000000000002738       0x38 E:\chelou\CH573\EVTEVT\EVT\EXAM\BLE\LIB\libCH57xBLE.a(tmos.o)
                0x0000000000002738                TMOS_ProcessEventRegister
 .text.BLE_LibInit
                0x0000000000002770      0x1a2 E:\chelou\CH573\EVTEVT\EVT\EXAM\BLE\LIB\libCH57xBLE.a(tmos.o)
                0x0000000000002770                BLE_LibInit
 .text.ble_ll_common_rand8
                0x0000000000002912       0x24 E:\chelou\CH573\EVTEVT\EVT\EXAM\BLE\LIB\libCH57xBLE.a(tmos_hw.o)
                0x0000000000002912                ble_ll_common_rand8
 .text.ble_ll_common_rand16
                0x0000000000002936       0x24 E:\chelou\CH573\EVTEVT\EVT\EXAM\BLE\LIB\libCH57xBLE.a(tmos_hw.o)
                0x0000000000002936                ble_ll_common_rand16
 .text.ble_ll_common_rand32
                0x000000000000295a       0x20 E:\chelou\CH573\EVTEVT\EVT\EXAM\BLE\LIB\libCH57xBLE.a(tmos_hw.o)
                0x000000000000295a                ble_ll_common_rand32
 .text.ll_hw_temp_sample
                0x000000000000297a       0xc0 E:\chelou\CH573\EVTEVT\EVT\EXAM\BLE\LIB\libCH57xBLE.a(tmos_hw.o)
                0x000000000000297a                ll_hw_temp_sample
 .text.TMOS_TimerInit
                0x0000000000002a3a       0x5c E:\chelou\CH573\EVTEVT\EVT\EXAM\BLE\LIB\libCH57xBLE.a(tmos_hw.o)
                0x0000000000002a3a                TMOS_TimerInit
 .text.tmos_snv_init
                0x0000000000002a96       0xbc E:\chelou\CH573\EVTEVT\EVT\EXAM\BLE\LIB\libCH57xBLE.a(tmos_snv.o)
                0x0000000000002a96                tmos_snv_init
 .text.tmos_snv_clear
                0x0000000000002b52       0xae E:\chelou\CH573\EVTEVT\EVT\EXAM\BLE\LIB\libCH57xBLE.a(tmos_snv.o)
                0x0000000000002b52                tmos_snv_clear
 .text.tmos_snv_read
                0x0000000000002c00      0x292 E:\chelou\CH573\EVTEVT\EVT\EXAM\BLE\LIB\libCH57xBLE.a(tmos_snv.o)
                0x0000000000002c00                tmos_snv_read
 .text.tmos_snv_notify
                0x0000000000002e92       0x5a E:\chelou\CH573\EVTEVT\EVT\EXAM\BLE\LIB\libCH57xBLE.a(tmos_snv.o)
                0x0000000000002e92                tmos_snv_notify
 .text.tmos_snv_write
                0x0000000000002eec      0x2ce E:\chelou\CH573\EVTEVT\EVT\EXAM\BLE\LIB\libCH57xBLE.a(tmos_snv.o)
                0x0000000000002eec                tmos_snv_write
 .text.tmos_snv_compact
                0x00000000000031ba        0x4 E:\chelou\CH573\EVTEVT\EVT\EXAM\BLE\LIB\libCH57xBLE.a(tmos_snv.o)
                0x00000000000031ba                tmos_snv_compact
 .text.disconnectNext
                0x00000000000031be       0x22 E:\chelou\CH573\EVTEVT\EVT\EXAM\BLE\LIB\libCH57xBLE.a(gap.o)
 .text.GAP_ParamInit
                0x00000000000031e0       0x80 E:\chelou\CH573\EVTEVT\EVT\EXAM\BLE\LIB\libCH57xBLE.a(gap.o)
                0x00000000000031e0                GAP_ParamInit
 .text.sendTerminateEvent
                0x0000000000003260       0x58 E:\chelou\CH573\EVTEVT\EVT\EXAM\BLE\LIB\libCH57xBLE.a(gap.o)
                0x0000000000003260                sendTerminateEvent
 .text.gapRegisterCentral
                0x00000000000032b8        0x6 E:\chelou\CH573\EVTEVT\EVT\EXAM\BLE\LIB\libCH57xBLE.a(gap.o)
                0x00000000000032b8                gapRegisterCentral
 .text.gapRegisterCentralConn
                0x00000000000032be        0x6 E:\chelou\CH573\EVTEVT\EVT\EXAM\BLE\LIB\libCH57xBLE.a(gap.o)
                0x00000000000032be                gapRegisterCentralConn
 .text.gapRegisterPeripheral
                0x00000000000032c4        0x6 E:\chelou\CH573\EVTEVT\EVT\EXAM\BLE\LIB\libCH57xBLE.a(gap.o)
                0x00000000000032c4                gapRegisterPeripheral
 .text.gapRegisterPeripheralConn
                0x00000000000032ca        0x6 E:\chelou\CH573\EVTEVT\EVT\EXAM\BLE\LIB\libCH57xBLE.a(gap.o)
                0x00000000000032ca                gapRegisterPeripheralConn
 .text.smGenerateRandBuf
                0x00000000000032d0       0x56 E:\chelou\CH573\EVTEVT\EVT\EXAM\BLE\LIB\libCH57xBLE.a(gap.o)
                0x00000000000032d0                smGenerateRandBuf
 .text.gapL2capConnParamUpdateReq
                0x0000000000003326       0x32 E:\chelou\CH573\EVTEVT\EVT\EXAM\BLE\LIB\libCH57xBLE.a(gap.o)
                0x0000000000003326                gapL2capConnParamUpdateReq
 .text.gapValidADType
                0x0000000000003358       0x16 E:\chelou\CH573\EVTEVT\EVT\EXAM\BLE\LIB\libCH57xBLE.a(gap.o)
                0x0000000000003358                gapValidADType
 .text.gapFindADType
                0x000000000000336e       0x8e E:\chelou\CH573\EVTEVT\EVT\EXAM\BLE\LIB\libCH57xBLE.a(gap.o)
                0x000000000000336e                gapFindADType
 .text.GAP_SecParamsInit
                0x00000000000033fc       0x9a E:\chelou\CH573\EVTEVT\EVT\EXAM\BLE\LIB\libCH57xBLE.a(gap.o)
                0x00000000000033fc                GAP_SecParamsInit
 .text.GAP_ParamsInit
                0x0000000000003496       0x48 E:\chelou\CH573\EVTEVT\EVT\EXAM\BLE\LIB\libCH57xBLE.a(gap.o)
                0x0000000000003496                GAP_ParamsInit
 .text.gapAddAddrAdj
                0x00000000000034de       0x48 E:\chelou\CH573\EVTEVT\EVT\EXAM\BLE\LIB\libCH57xBLE.a(gap.o)
                0x00000000000034de                gapAddAddrAdj
 .text.gapDetermineAddrType
                0x0000000000003526       0x28 E:\chelou\CH573\EVTEVT\EVT\EXAM\BLE\LIB\libCH57xBLE.a(gap.o)
                0x0000000000003526                gapDetermineAddrType
 .text.gapFreeAuthLink
                0x000000000000354e       0x4a E:\chelou\CH573\EVTEVT\EVT\EXAM\BLE\LIB\libCH57xBLE.a(gap.o)
                0x000000000000354e                gapFreeAuthLink
 .text.gapGetDevAddress
                0x0000000000003598       0x24 E:\chelou\CH573\EVTEVT\EVT\EXAM\BLE\LIB\libCH57xBLE.a(gap.o)
                0x0000000000003598                gapGetDevAddress
 .text.gapGetDevAddressMode
                0x00000000000035bc        0xa E:\chelou\CH573\EVTEVT\EVT\EXAM\BLE\LIB\libCH57xBLE.a(gap.o)
                0x00000000000035bc                gapGetDevAddressMode
 .text.gapGetIRK
                0x00000000000035c6        0xc E:\chelou\CH573\EVTEVT\EVT\EXAM\BLE\LIB\libCH57xBLE.a(gap.o)
                0x00000000000035c6                gapGetIRK
 .text.gapGetSRK
                0x00000000000035d2        0xc E:\chelou\CH573\EVTEVT\EVT\EXAM\BLE\LIB\libCH57xBLE.a(gap.o)
                0x00000000000035d2                gapGetSRK
 .text.gapGetSignCounter
                0x00000000000035de        0xe E:\chelou\CH573\EVTEVT\EVT\EXAM\BLE\LIB\libCH57xBLE.a(gap.o)
                0x00000000000035de                gapGetSignCounter
 .text.gapIncSignCounter
                0x00000000000035ec       0x28 E:\chelou\CH573\EVTEVT\EVT\EXAM\BLE\LIB\libCH57xBLE.a(gap.o)
                0x00000000000035ec                gapIncSignCounter
 .text.gapProcessConnEvt
                0x0000000000003614       0x48 E:\chelou\CH573\EVTEVT\EVT\EXAM\BLE\LIB\libCH57xBLE.a(gap.o)
                0x0000000000003614                gapProcessConnEvt
 .text.gapProcessDisconnectCompleteEvt
                0x000000000000365c       0xa4 E:\chelou\CH573\EVTEVT\EVT\EXAM\BLE\LIB\libCH57xBLE.a(gap.o)
                0x000000000000365c                gapProcessDisconnectCompleteEvt
 .text.sendAuthEvent
                0x0000000000003700      0x11a E:\chelou\CH573\EVTEVT\EVT\EXAM\BLE\LIB\libCH57xBLE.a(gap.o)
                0x0000000000003700                sendAuthEvent
 .text.gapSendBondCompleteEvent
                0x000000000000381a       0x70 E:\chelou\CH573\EVTEVT\EVT\EXAM\BLE\LIB\libCH57xBLE.a(gap.o)
                0x000000000000381a                gapSendBondCompleteEvent
 .text.gapSendPairingReqEvent
                0x000000000000388a       0x92 E:\chelou\CH573\EVTEVT\EVT\EXAM\BLE\LIB\libCH57xBLE.a(gap.o)
                0x000000000000388a                gapSendPairingReqEvent
 .text.gapSendSlaveSecurityReqEvent
                0x000000000000391c       0x68 E:\chelou\CH573\EVTEVT\EVT\EXAM\BLE\LIB\libCH57xBLE.a(gap.o)
                0x000000000000391c                gapSendSlaveSecurityReqEvent
 .text.gapSendDeviceInitDoneEvent
                0x0000000000003984       0x88 E:\chelou\CH573\EVTEVT\EVT\EXAM\BLE\LIB\libCH57xBLE.a(gap.o)
                0x0000000000003984                gapSendDeviceInitDoneEvent
 .text.gapSendLinkUpdateEvent
                0x0000000000003a0c       0x84 E:\chelou\CH573\EVTEVT\EVT\EXAM\BLE\LIB\libCH57xBLE.a(gap.o)
                0x0000000000003a0c                gapSendLinkUpdateEvent
 .text.gapSendEstLinkEvent
                0x0000000000003a90       0xb8 E:\chelou\CH573\EVTEVT\EVT\EXAM\BLE\LIB\libCH57xBLE.a(gap.o)
                0x0000000000003a90                gapSendEstLinkEvent
 .text.gapProcessNewAddr
                0x0000000000003b48       0x3e E:\chelou\CH573\EVTEVT\EVT\EXAM\BLE\LIB\libCH57xBLE.a(gap.o)
                0x0000000000003b48                gapProcessNewAddr
 .text.gapProcessRandomAddrComplete
                0x0000000000003b86       0xb6 E:\chelou\CH573\EVTEVT\EVT\EXAM\BLE\LIB\libCH57xBLE.a(gap.o)
                0x0000000000003b86                gapProcessRandomAddrComplete
 .text.GAP_Authenticate
                0x0000000000003c3c       0xd2 E:\chelou\CH573\EVTEVT\EVT\EXAM\BLE\LIB\libCH57xBLE.a(gap.o)
                0x0000000000003c3c                GAP_Authenticate
 .text.GAP_Bond
                0x0000000000003d0e       0xa2 E:\chelou\CH573\EVTEVT\EVT\EXAM\BLE\LIB\libCH57xBLE.a(gap.o)
                0x0000000000003d0e                GAP_Bond
 .text.GAP_GetParamValue
                0x0000000000003db0       0x1e E:\chelou\CH573\EVTEVT\EVT\EXAM\BLE\LIB\libCH57xBLE.a(gap.o)
                0x0000000000003db0                GAP_GetParamValue
 .text.GAP_PasscodeUpdate
                0x0000000000003dce       0x50 E:\chelou\CH573\EVTEVT\EVT\EXAM\BLE\LIB\libCH57xBLE.a(gap.o)
                0x0000000000003dce                GAP_PasscodeUpdate
 .text.GAP_RegisterForMsgs
                0x0000000000003e1e        0x6 E:\chelou\CH573\EVTEVT\EVT\EXAM\BLE\LIB\libCH57xBLE.a(gap.o)
                0x0000000000003e1e                GAP_RegisterForMsgs
 .text.GAP_ResolvePrivateAddr
                0x0000000000003e24        0x4 E:\chelou\CH573\EVTEVT\EVT\EXAM\BLE\LIB\libCH57xBLE.a(gap.o)
                0x0000000000003e24                GAP_ResolvePrivateAddr
 .text.gapPairingCompleteCB
                0x0000000000003e28      0x188 E:\chelou\CH573\EVTEVT\EVT\EXAM\BLE\LIB\libCH57xBLE.a(gap.o)
                0x0000000000003e28                gapPairingCompleteCB
 .text.gapPasskeyNeededCB
                0x0000000000003fb0       0x8e E:\chelou\CH573\EVTEVT\EVT\EXAM\BLE\LIB\libCH57xBLE.a(gap.o)
                0x0000000000003fb0                gapPasskeyNeededCB
 .text.gapFreeEstLink
                0x000000000000403e       0x20 E:\chelou\CH573\EVTEVT\EVT\EXAM\BLE\LIB\libCH57xBLE.a(gap.o)
                0x000000000000403e                gapFreeEstLink
 .text.gapUpdateConnSignCounter
                0x000000000000405e       0x7a E:\chelou\CH573\EVTEVT\EVT\EXAM\BLE\LIB\libCH57xBLE.a(gap.o)
                0x000000000000405e                gapUpdateConnSignCounter
 .text.GAP_TerminateAuth
                0x00000000000040d8       0x2a E:\chelou\CH573\EVTEVT\EVT\EXAM\BLE\LIB\libCH57xBLE.a(gap.o)
                0x00000000000040d8                GAP_TerminateAuth
 .text.GAP_NumActiveConnections
                0x0000000000004102        0x4 E:\chelou\CH573\EVTEVT\EVT\EXAM\BLE\LIB\libCH57xBLE.a(gap.o)
                0x0000000000004102                GAP_NumActiveConnections
 .text.GAP_TerminateLinkReq
                0x0000000000004106       0x8e E:\chelou\CH573\EVTEVT\EVT\EXAM\BLE\LIB\libCH57xBLE.a(gap.o)
                0x0000000000004106                GAP_TerminateLinkReq
 .text.GAP_SetParamValue
                0x0000000000004194       0x4a E:\chelou\CH573\EVTEVT\EVT\EXAM\BLE\LIB\libCH57xBLE.a(gap.o)
                0x0000000000004194                GAP_SetParamValue
 .text.GAP_Init
                0x00000000000041de       0x44 E:\chelou\CH573\EVTEVT\EVT\EXAM\BLE\LIB\libCH57xBLE.a(gap.o)
                0x00000000000041de                GAP_Init
 .text.GAP_ProcessEvent
                0x0000000000004222      0x578 E:\chelou\CH573\EVTEVT\EVT\EXAM\BLE\LIB\libCH57xBLE.a(gap.o)
                0x0000000000004222                GAP_ProcessEvent
 .text.gapSendScanEnable
                0x000000000000479a       0x1e E:\chelou\CH573\EVTEVT\EVT\EXAM\BLE\LIB\libCH57xBLE.a(gap_central.o)
 .text.gapCentProcessConnEvt
                0x00000000000047b8      0x148 E:\chelou\CH573\EVTEVT\EVT\EXAM\BLE\LIB\libCH57xBLE.a(gap_central.o)
                0x00000000000047b8                gapCentProcessConnEvt
 .text.gapCancelLinkReq
                0x0000000000004900       0x38 E:\chelou\CH573\EVTEVT\EVT\EXAM\BLE\LIB\libCH57xBLE.a(gap_central.o)
                0x0000000000004900                gapCancelLinkReq
 .text.GAP_CentralParamInit
                0x0000000000004938       0x4c E:\chelou\CH573\EVTEVT\EVT\EXAM\BLE\LIB\libCH57xBLE.a(gap_central.o)
                0x0000000000004938                GAP_CentralParamInit
 .text.gapProcessAdvertDevInfo
                0x0000000000004984      0x23a E:\chelou\CH573\EVTEVT\EVT\EXAM\BLE\LIB\libCH57xBLE.a(gap_central.o)
                0x0000000000004984                gapProcessAdvertDevInfo
 .text.gapFreeScanRecs
                0x0000000000004bbe       0xa2 E:\chelou\CH573\EVTEVT\EVT\EXAM\BLE\LIB\libCH57xBLE.a(gap_central.o)
                0x0000000000004bbe                gapFreeScanRecs
 .text.gapSendDevDiscEvent
                0x0000000000004c60      0x124 E:\chelou\CH573\EVTEVT\EVT\EXAM\BLE\LIB\libCH57xBLE.a(gap_central.o)
                0x0000000000004c60                gapSendDevDiscEvent
 .text.gapSetScanParamStatus.part.2
                0x0000000000004d84       0x40 E:\chelou\CH573\EVTEVT\EVT\EXAM\BLE\LIB\libCH57xBLE.a(gap_central.o)
 .text.gapCentProcessHCICmdEvt
                0x0000000000004dc4       0x3c E:\chelou\CH573\EVTEVT\EVT\EXAM\BLE\LIB\libCH57xBLE.a(gap_central.o)
                0x0000000000004dc4                gapCentProcessHCICmdEvt
 .text.gapProcessScanningEvt
                0x0000000000004e00      0x10e E:\chelou\CH573\EVTEVT\EVT\EXAM\BLE\LIB\libCH57xBLE.a(gap_central.o)
                0x0000000000004e00                gapProcessScanningEvt
 .text.gapProcessScanningDirectEvt
                0x0000000000004f0e       0xfe E:\chelou\CH573\EVTEVT\EVT\EXAM\BLE\LIB\libCH57xBLE.a(gap_central.o)
                0x0000000000004f0e                gapProcessScanningDirectEvt
 .text.GAP_CentConnRegister
                0x000000000000500c       0x12 E:\chelou\CH573\EVTEVT\EVT\EXAM\BLE\LIB\libCH57xBLE.a(gap_central.o)
                0x000000000000500c                GAP_CentConnRegister
 .text.GAP_CentDevMgrInit
                0x000000000000501e       0x94 E:\chelou\CH573\EVTEVT\EVT\EXAM\BLE\LIB\libCH57xBLE.a(gap_central.o)
                0x000000000000501e                GAP_CentDevMgrInit
 .text.gapFreeAdvertState
                0x00000000000050b2       0x20 E:\chelou\CH573\EVTEVT\EVT\EXAM\BLE\LIB\libCH57xBLE.a(gap_peripheral.o)
 .text.gapPeriProcessConnEvt
                0x00000000000050d2       0xbc E:\chelou\CH573\EVTEVT\EVT\EXAM\BLE\LIB\libCH57xBLE.a(gap_peripheral.o)
 .text.gapSetAdvParams
                0x000000000000518e       0x7e E:\chelou\CH573\EVTEVT\EVT\EXAM\BLE\LIB\libCH57xBLE.a(gap_peripheral.o)
 .text.GAP_PeripheralParamInit
                0x000000000000520c       0x4a E:\chelou\CH573\EVTEVT\EVT\EXAM\BLE\LIB\libCH57xBLE.a(gap_peripheral.o)
                0x000000000000520c                GAP_PeripheralParamInit
 .text.gapSendMakeDiscEvent
                0x0000000000005256       0x4e E:\chelou\CH573\EVTEVT\EVT\EXAM\BLE\LIB\libCH57xBLE.a(gap_peripheral.o)
                0x0000000000005256                gapSendMakeDiscEvent
 .text.gapPeriProcessHCICmdCompleteEvt
                0x00000000000052a4      0x18e E:\chelou\CH573\EVTEVT\EVT\EXAM\BLE\LIB\libCH57xBLE.a(gap_peripheral.o)
 .text.GAP_MakeDiscoverable
                0x0000000000005432       0xf0 E:\chelou\CH573\EVTEVT\EVT\EXAM\BLE\LIB\libCH57xBLE.a(gap_peripheral.o)
                0x0000000000005432                GAP_MakeDiscoverable
 .text.GAP_EndDiscoverable
                0x0000000000005522       0x5c E:\chelou\CH573\EVTEVT\EVT\EXAM\BLE\LIB\libCH57xBLE.a(gap_peripheral.o)
                0x0000000000005522                GAP_EndDiscoverable
 .text.gapProcessAdvertisingEvt
                0x000000000000557e       0x8e E:\chelou\CH573\EVTEVT\EVT\EXAM\BLE\LIB\libCH57xBLE.a(gap_peripheral.o)
 .text.GAP_UpdateAdvertisingData
                0x000000000000560c       0xb8 E:\chelou\CH573\EVTEVT\EVT\EXAM\BLE\LIB\libCH57xBLE.a(gap_peripheral.o)
                0x000000000000560c                GAP_UpdateAdvertisingData
 .text.GAP_PeriConnRegister
                0x00000000000056c4       0x2a E:\chelou\CH573\EVTEVT\EVT\EXAM\BLE\LIB\libCH57xBLE.a(gap_peripheral.o)
                0x00000000000056c4                GAP_PeriConnRegister
 .text.GAP_PeriDevMgrInit
                0x00000000000056ee       0xbc E:\chelou\CH573\EVTEVT\EVT\EXAM\BLE\LIB\libCH57xBLE.a(gap_peripheral.o)
                0x00000000000056ee                GAP_PeriDevMgrInit
 .text.gattProcessExchangeMTUReq
                0x00000000000057aa        0x4 E:\chelou\CH573\EVTEVT\EVT\EXAM\BLE\LIB\libCH57xBLE.a(gattservapp.o)
 .text.gattServApp_FindCharCfgItem
                0x00000000000057ae       0x20 E:\chelou\CH573\EVTEVT\EVT\EXAM\BLE\LIB\libCH57xBLE.a(gattservapp.o)
 .text.gattServerHandleTimerCB
                0x00000000000057ce       0x3c E:\chelou\CH573\EVTEVT\EVT\EXAM\BLE\LIB\libCH57xBLE.a(gattservapp.o)
 .text.GATTServApp_InitCharCfg.part.12
                0x000000000000580a       0x1c E:\chelou\CH573\EVTEVT\EVT\EXAM\BLE\LIB\libCH57xBLE.a(gattservapp.o)
 .text.gattProcessExecuteWriteReq
                0x0000000000005826        0x4 E:\chelou\CH573\EVTEVT\EVT\EXAM\BLE\LIB\libCH57xBLE.a(gattservapp.o)
 .text.GATTServApp_ParamInit
                0x000000000000582a       0xd6 E:\chelou\CH573\EVTEVT\EVT\EXAM\BLE\LIB\libCH57xBLE.a(gattservapp.o)
                0x000000000000582a                GATTServApp_ParamInit
 .text.GATTServApp_ReadCharCfg
                0x0000000000005900       0x16 E:\chelou\CH573\EVTEVT\EVT\EXAM\BLE\LIB\libCH57xBLE.a(gattservapp.o)
                0x0000000000005900                GATTServApp_ReadCharCfg
 .text.GATTServApp_WriteCharCfg
                0x0000000000005916       0x38 E:\chelou\CH573\EVTEVT\EVT\EXAM\BLE\LIB\libCH57xBLE.a(gattservapp.o)
                0x0000000000005916                GATTServApp_WriteCharCfg
 .text.GATTServApp_ProcessCCCWriteReq
                0x000000000000594e       0x5c E:\chelou\CH573\EVTEVT\EVT\EXAM\BLE\LIB\libCH57xBLE.a(gattservapp.o)
                0x000000000000594e                GATTServApp_ProcessCCCWriteReq
 .text.gattServApp_WriteAttrCB
                0x00000000000059aa       0x32 E:\chelou\CH573\EVTEVT\EVT\EXAM\BLE\LIB\libCH57xBLE.a(gattservapp.o)
                0x00000000000059aa                gattServApp_WriteAttrCB
 .text.GATTServApp_SendCCCUpdatedEvent
                0x00000000000059dc       0x5e E:\chelou\CH573\EVTEVT\EVT\EXAM\BLE\LIB\libCH57xBLE.a(gattservapp.o)
                0x00000000000059dc                GATTServApp_SendCCCUpdatedEvent
 .text.GATTServApp_SendServiceChangedInd
                0x0000000000005a3a       0x34 E:\chelou\CH573\EVTEVT\EVT\EXAM\BLE\LIB\libCH57xBLE.a(gattservapp.o)
                0x0000000000005a3a                GATTServApp_SendServiceChangedInd
 .text.gattServApp_ClearPrepareWriteQ
                0x0000000000005a6e       0x4c E:\chelou\CH573\EVTEVT\EVT\EXAM\BLE\LIB\libCH57xBLE.a(gattservapp.o)
                0x0000000000005a6e                gattServApp_ClearPrepareWriteQ
 .text.gattServApp_FindPrepareWriteQ
                0x0000000000005aba       0x2c E:\chelou\CH573\EVTEVT\EVT\EXAM\BLE\LIB\libCH57xBLE.a(gattservapp.o)
                0x0000000000005aba                gattServApp_FindPrepareWriteQ
 .text.gattServApp_FindServiceCBs
                0x0000000000005ae6       0x18 E:\chelou\CH573\EVTEVT\EVT\EXAM\BLE\LIB\libCH57xBLE.a(gattservapp.o)
                0x0000000000005ae6                gattServApp_FindServiceCBs
 .text.gattServApp_FindAuthorizeAttrCB
                0x0000000000005afe       0x14 E:\chelou\CH573\EVTEVT\EVT\EXAM\BLE\LIB\libCH57xBLE.a(gattservapp.o)
                0x0000000000005afe                gattServApp_FindAuthorizeAttrCB
 .text.gattServApp_IsWriteLong
                0x0000000000005b12       0xe6 E:\chelou\CH573\EVTEVT\EVT\EXAM\BLE\LIB\libCH57xBLE.a(gattservapp.o)
                0x0000000000005b12                gattServApp_IsWriteLong
 .text.gattFindService
                0x0000000000005bf8       0x1c E:\chelou\CH573\EVTEVT\EVT\EXAM\BLE\LIB\libCH57xBLE.a(gattservapp.o)
                0x0000000000005bf8                gattFindService
 .text.GATT_ServiceNumAttrs
                0x0000000000005c14       0x16 E:\chelou\CH573\EVTEVT\EVT\EXAM\BLE\LIB\libCH57xBLE.a(gattservapp.o)
                0x0000000000005c14                GATT_ServiceNumAttrs
 .text.GATT_ServiceEncKeySize
                0x0000000000005c2a       0x16 E:\chelou\CH573\EVTEVT\EVT\EXAM\BLE\LIB\libCH57xBLE.a(gattservapp.o)
                0x0000000000005c2a                GATT_ServiceEncKeySize
 .text.GATT_VerifyWritePermissions.part.7
                0x0000000000005c40       0x2c E:\chelou\CH573\EVTEVT\EVT\EXAM\BLE\LIB\libCH57xBLE.a(gattservapp.o)
 .text.gattResetServerInfo
                0x0000000000005c6c       0x1c E:\chelou\CH573\EVTEVT\EVT\EXAM\BLE\LIB\libCH57xBLE.a(gattservapp.o)
                0x0000000000005c6c                gattResetServerInfo
 .text.gattFindServerInfo
                0x0000000000005c88       0x28 E:\chelou\CH573\EVTEVT\EVT\EXAM\BLE\LIB\libCH57xBLE.a(gattservapp.o)
                0x0000000000005c88                gattFindServerInfo
 .text.gattServerHandleConnStatusCB
                0x0000000000005cb0       0x8e E:\chelou\CH573\EVTEVT\EVT\EXAM\BLE\LIB\libCH57xBLE.a(gattservapp.o)
                0x0000000000005cb0                gattServerHandleConnStatusCB
 .text.gattServerProcessMsgCB
                0x0000000000005d3e      0x1ba E:\chelou\CH573\EVTEVT\EVT\EXAM\BLE\LIB\libCH57xBLE.a(gattservapp.o)
                0x0000000000005d3e                gattServerProcessMsgCB
 .text.gattServerNotifyTxCB
                0x0000000000005ef8       0x28 E:\chelou\CH573\EVTEVT\EVT\EXAM\BLE\LIB\libCH57xBLE.a(gattservapp.o)
 .text.GATT_FindHandle
                0x0000000000005f20       0x4a E:\chelou\CH573\EVTEVT\EVT\EXAM\BLE\LIB\libCH57xBLE.a(gattservapp.o)
                0x0000000000005f20                GATT_FindHandle
 .text.GATTServApp_WriteAttr
                0x0000000000005f6a       0xa6 E:\chelou\CH573\EVTEVT\EVT\EXAM\BLE\LIB\libCH57xBLE.a(gattservapp.o)
                0x0000000000005f6a                GATTServApp_WriteAttr
 .text.gattServApp_ProcessExecuteWriteReq
                0x0000000000006010       0xfc E:\chelou\CH573\EVTEVT\EVT\EXAM\BLE\LIB\libCH57xBLE.a(gattservapp.o)
                0x0000000000006010                gattServApp_ProcessExecuteWriteReq
 .text.gattServApp_ProcessPrepareWriteReq
                0x000000000000610c      0x10e E:\chelou\CH573\EVTEVT\EVT\EXAM\BLE\LIB\libCH57xBLE.a(gattservapp.o)
                0x000000000000610c                gattServApp_ProcessPrepareWriteReq
 .text.gattServApp_ProcessWriteReq
                0x000000000000621a       0xb0 E:\chelou\CH573\EVTEVT\EVT\EXAM\BLE\LIB\libCH57xBLE.a(gattservapp.o)
                0x000000000000621a                gattServApp_ProcessWriteReq
 .text.GATT_Indication
                0x00000000000062ca       0xa4 E:\chelou\CH573\EVTEVT\EVT\EXAM\BLE\LIB\libCH57xBLE.a(gattservapp.o)
                0x00000000000062ca                GATT_Indication
 .text.GATT_FindHandleUUID
                0x000000000000636e       0x94 E:\chelou\CH573\EVTEVT\EVT\EXAM\BLE\LIB\libCH57xBLE.a(gattservapp.o)
                0x000000000000636e                GATT_FindHandleUUID
 .text.gattProcessReadByGrpTypeReq
                0x0000000000006402       0x5e E:\chelou\CH573\EVTEVT\EVT\EXAM\BLE\LIB\libCH57xBLE.a(gattservapp.o)
 .text.gattProcessReadByTypeReq
                0x0000000000006460       0x32 E:\chelou\CH573\EVTEVT\EVT\EXAM\BLE\LIB\libCH57xBLE.a(gattservapp.o)
 .text.gattProcessFindByTypeValueReq
                0x0000000000006492       0x32 E:\chelou\CH573\EVTEVT\EVT\EXAM\BLE\LIB\libCH57xBLE.a(gattservapp.o)
 .text.gattProcessFindInfoReq
                0x00000000000064c4      0x1aa E:\chelou\CH573\EVTEVT\EVT\EXAM\BLE\LIB\libCH57xBLE.a(gattservapp.o)
 .text.GATT_VerifyWritePermissions
                0x000000000000666e       0x6a E:\chelou\CH573\EVTEVT\EVT\EXAM\BLE\LIB\libCH57xBLE.a(gattservapp.o)
                0x000000000000666e                GATT_VerifyWritePermissions
 .text.gattProcessWriteReq
                0x00000000000066d8       0x34 E:\chelou\CH573\EVTEVT\EVT\EXAM\BLE\LIB\libCH57xBLE.a(gattservapp.o)
 .text.GATT_VerifyPrepareWritePermissions
                0x000000000000670c       0x56 E:\chelou\CH573\EVTEVT\EVT\EXAM\BLE\LIB\libCH57xBLE.a(gattservapp.o)
                0x000000000000670c                GATT_VerifyPrepareWritePermissions
 .text.gattProcessPrepareWriteReq
                0x0000000000006762       0x34 E:\chelou\CH573\EVTEVT\EVT\EXAM\BLE\LIB\libCH57xBLE.a(gattservapp.o)
 .text.GATT_FindNextAttr
                0x0000000000006796       0xc2 E:\chelou\CH573\EVTEVT\EVT\EXAM\BLE\LIB\libCH57xBLE.a(gattservapp.o)
                0x0000000000006796                GATT_FindNextAttr
 .text.GATTServApp_ReadAttr
                0x0000000000006858      0x2e2 E:\chelou\CH573\EVTEVT\EVT\EXAM\BLE\LIB\libCH57xBLE.a(gattservapp.o)
                0x0000000000006858                GATTServApp_ReadAttr
 .text.gattServApp_ProcessReadMultiReq
                0x0000000000006b3a      0x16e E:\chelou\CH573\EVTEVT\EVT\EXAM\BLE\LIB\libCH57xBLE.a(gattservapp.o)
                0x0000000000006b3a                gattServApp_ProcessReadMultiReq
 .text.gattServApp_ProcessFindByTypeValueReq
                0x0000000000006ca8      0x19c E:\chelou\CH573\EVTEVT\EVT\EXAM\BLE\LIB\libCH57xBLE.a(gattservapp.o)
                0x0000000000006ca8                gattServApp_ProcessFindByTypeValueReq
 .text.GATT_VerifyReadPermissions
                0x0000000000006e44       0x68 E:\chelou\CH573\EVTEVT\EVT\EXAM\BLE\LIB\libCH57xBLE.a(gattservapp.o)
                0x0000000000006e44                GATT_VerifyReadPermissions
 .text.gattProcessReadMultiReq
                0x0000000000006eac       0xae E:\chelou\CH573\EVTEVT\EVT\EXAM\BLE\LIB\libCH57xBLE.a(gattservapp.o)
 .text.gattProcessReadReq
                0x0000000000006f5a       0x30 E:\chelou\CH573\EVTEVT\EVT\EXAM\BLE\LIB\libCH57xBLE.a(gattservapp.o)
 .text.gattServApp_ProcessReadByGrpTypeReq
                0x0000000000006f8a      0x21c E:\chelou\CH573\EVTEVT\EVT\EXAM\BLE\LIB\libCH57xBLE.a(gattservapp.o)
                0x0000000000006f8a                gattServApp_ProcessReadByGrpTypeReq
 .text.gattServApp_ProcessReadByTypeReq
                0x00000000000071a6      0x1ae E:\chelou\CH573\EVTEVT\EVT\EXAM\BLE\LIB\libCH57xBLE.a(gattservapp.o)
                0x00000000000071a6                gattServApp_ProcessReadByTypeReq
 .text.GATTServApp_InitCharCfg
                0x0000000000007354       0x28 E:\chelou\CH573\EVTEVT\EVT\EXAM\BLE\LIB\libCH57xBLE.a(gattservapp.o)
                0x0000000000007354                GATTServApp_InitCharCfg
 .text.gattServApp_HandleConnStatusCB
                0x000000000000737c       0x72 E:\chelou\CH573\EVTEVT\EVT\EXAM\BLE\LIB\libCH57xBLE.a(gattservapp.o)
                0x000000000000737c                gattServApp_HandleConnStatusCB
 .text.GATT_InitServer
                0x00000000000073ee       0xf6 E:\chelou\CH573\EVTEVT\EVT\EXAM\BLE\LIB\libCH57xBLE.a(gattservapp.o)
                0x00000000000073ee                GATT_InitServer
 .text.GATTServApp_Init
                0x00000000000074e4       0x34 E:\chelou\CH573\EVTEVT\EVT\EXAM\BLE\LIB\libCH57xBLE.a(gattservapp.o)
                0x00000000000074e4                GATTServApp_Init
 .text.GATTServApp_ProcessEvent
                0x0000000000007518      0x366 E:\chelou\CH573\EVTEVT\EVT\EXAM\BLE\LIB\libCH57xBLE.a(gattservapp.o)
                0x0000000000007518                GATTServApp_ProcessEvent
 .text.l2capAllocConnChannel
                0x000000000000787e       0xd8 E:\chelou\CH573\EVTEVT\EVT\EXAM\BLE\LIB\libCH57xBLE.a(l2cap.o)
                0x000000000000787e                l2capAllocConnChannel
 .text.l2capFindLocalCID
                0x0000000000007956       0x2c E:\chelou\CH573\EVTEVT\EVT\EXAM\BLE\LIB\libCH57xBLE.a(l2cap.o)
                0x0000000000007956                l2capFindLocalCID
 .text.l2capFindLocalId
                0x0000000000007982       0x30 E:\chelou\CH573\EVTEVT\EVT\EXAM\BLE\LIB\libCH57xBLE.a(l2cap.o)
                0x0000000000007982                l2capFindLocalId
 .text.l2capFindPsm
                0x00000000000079b2       0x2c E:\chelou\CH573\EVTEVT\EVT\EXAM\BLE\LIB\libCH57xBLE.a(l2cap.o)
                0x00000000000079b2                l2capFindPsm
 .text.l2capFindRemoteCID
                0x00000000000079de       0x3c E:\chelou\CH573\EVTEVT\EVT\EXAM\BLE\LIB\libCH57xBLE.a(l2cap.o)
                0x00000000000079de                l2capFindRemoteCID
 .text.l2capFreeChannel
                0x0000000000007a1a       0x4a E:\chelou\CH573\EVTEVT\EVT\EXAM\BLE\LIB\libCH57xBLE.a(l2cap.o)
                0x0000000000007a1a                l2capFreeChannel
 .text.l2capDisconnectChannel
                0x0000000000007a64       0x28 E:\chelou\CH573\EVTEVT\EVT\EXAM\BLE\LIB\libCH57xBLE.a(l2cap.o)
                0x0000000000007a64                l2capDisconnectChannel
 .text.l2capHandleTimerCB
                0x0000000000007a8c       0x2c E:\chelou\CH573\EVTEVT\EVT\EXAM\BLE\LIB\libCH57xBLE.a(l2cap.o)
                0x0000000000007a8c                l2capHandleTimerCB
 .text.l2capFreePendingPkt
                0x0000000000007ab8       0x58 E:\chelou\CH573\EVTEVT\EVT\EXAM\BLE\LIB\libCH57xBLE.a(l2cap.o)
                0x0000000000007ab8                l2capFreePendingPkt
 .text.l2capGetCoChannelInfo
                0x0000000000007b10       0x7e E:\chelou\CH573\EVTEVT\EVT\EXAM\BLE\LIB\libCH57xBLE.a(l2cap.o)
                0x0000000000007b10                l2capGetCoChannelInfo
 .text.l2capNumActiveChannnels
                0x0000000000007b8e       0x44 E:\chelou\CH573\EVTEVT\EVT\EXAM\BLE\LIB\libCH57xBLE.a(l2cap.o)
                0x0000000000007b8e                l2capNumActiveChannnels
 .text.l2capStartTimer
                0x0000000000007bd2       0x1a E:\chelou\CH573\EVTEVT\EVT\EXAM\BLE\LIB\libCH57xBLE.a(l2cap.o)
                0x0000000000007bd2                l2capStartTimer
 .text.l2capStopTimer
                0x0000000000007bec       0x1e E:\chelou\CH573\EVTEVT\EVT\EXAM\BLE\LIB\libCH57xBLE.a(l2cap.o)
                0x0000000000007bec                l2capStopTimer
 .text.l2capDisconnectAllChannels
                0x0000000000007c0a       0xdc E:\chelou\CH573\EVTEVT\EVT\EXAM\BLE\LIB\libCH57xBLE.a(l2cap.o)
                0x0000000000007c0a                l2capDisconnectAllChannels
 .text.l2capHandleConnStatusCB
                0x0000000000007ce6       0x3c E:\chelou\CH573\EVTEVT\EVT\EXAM\BLE\LIB\libCH57xBLE.a(l2cap.o)
                0x0000000000007ce6                l2capHandleConnStatusCB
 .text.l2capHandleRxError
                0x0000000000007d22        0x6 E:\chelou\CH573\EVTEVT\EVT\EXAM\BLE\LIB\libCH57xBLE.a(l2cap.o)
                0x0000000000007d22                l2capHandleRxError
 .text.L2CAP_GetMTU
                0x0000000000007d28        0x6 E:\chelou\CH573\EVTEVT\EVT\EXAM\BLE\LIB\libCH57xBLE.a(l2cap.o)
                0x0000000000007d28                L2CAP_GetMTU
 .text.L2CAP_HostNumCompletedPkts
                0x0000000000007d2e       0x28 E:\chelou\CH573\EVTEVT\EVT\EXAM\BLE\LIB\libCH57xBLE.a(l2cap.o)
                0x0000000000007d2e                L2CAP_HostNumCompletedPkts
 .text.L2CAP_ParseConnectReq
                0x0000000000007d56       0x5e E:\chelou\CH573\EVTEVT\EVT\EXAM\BLE\LIB\libCH57xBLE.a(l2cap.o)
                0x0000000000007d56                L2CAP_ParseConnectReq
 .text.L2CAP_ParseFlowCtrlCredit
                0x0000000000007db4       0x2e E:\chelou\CH573\EVTEVT\EVT\EXAM\BLE\LIB\libCH57xBLE.a(l2cap.o)
                0x0000000000007db4                L2CAP_ParseFlowCtrlCredit
 .text.L2CAP_RegisterApp
                0x0000000000007de2       0x30 E:\chelou\CH573\EVTEVT\EVT\EXAM\BLE\LIB\libCH57xBLE.a(l2cap.o)
                0x0000000000007de2                L2CAP_RegisterApp
 .text.L2CAP_SetBufSize
                0x0000000000007e12       0x1e E:\chelou\CH573\EVTEVT\EVT\EXAM\BLE\LIB\libCH57xBLE.a(l2cap.o)
                0x0000000000007e12                L2CAP_SetBufSize
 .text.L2CAP_bm_alloc
                0x0000000000007e30       0x30 E:\chelou\CH573\EVTEVT\EVT\EXAM\BLE\LIB\libCH57xBLE.a(l2cap.o)
                0x0000000000007e30                L2CAP_bm_alloc
 .text.L2CAP_Init
                0x0000000000007e60       0xf0 E:\chelou\CH573\EVTEVT\EVT\EXAM\BLE\LIB\libCH57xBLE.a(l2cap.o)
                0x0000000000007e60                L2CAP_Init
 .text.L2CAP_ProcessEvent
                0x0000000000007f50       0xc8 E:\chelou\CH573\EVTEVT\EVT\EXAM\BLE\LIB\libCH57xBLE.a(l2cap.o)
                0x0000000000007f50                L2CAP_ProcessEvent
 .text.l2capParseCmdReject
                0x0000000000008018       0x5e E:\chelou\CH573\EVTEVT\EVT\EXAM\BLE\LIB\libCH57xBLE.a(l2cap_input.o)
                0x0000000000008018                l2capParseCmdReject
 .text.l2capParseDisconnectReq
                0x0000000000008076       0x2e E:\chelou\CH573\EVTEVT\EVT\EXAM\BLE\LIB\libCH57xBLE.a(l2cap_input.o)
                0x0000000000008076                l2capParseDisconnectReq
 .text.l2capParseDisconnectRsp
                0x00000000000080a4       0x2e E:\chelou\CH573\EVTEVT\EVT\EXAM\BLE\LIB\libCH57xBLE.a(l2cap_input.o)
                0x00000000000080a4                l2capParseDisconnectRsp
 .text.L2CAP_ParseParamUpdateReq
                0x00000000000080d2       0x4e E:\chelou\CH573\EVTEVT\EVT\EXAM\BLE\LIB\libCH57xBLE.a(l2cap_input.o)
                0x00000000000080d2                L2CAP_ParseParamUpdateReq
 .text.l2capParseParamUpdateRsp
                0x0000000000008120       0x1e E:\chelou\CH573\EVTEVT\EVT\EXAM\BLE\LIB\libCH57xBLE.a(l2cap_input.o)
                0x0000000000008120                l2capParseParamUpdateRsp
 .text.l2capProcessConnectReq
                0x000000000000813e       0xfc E:\chelou\CH573\EVTEVT\EVT\EXAM\BLE\LIB\libCH57xBLE.a(l2cap_input.o)
                0x000000000000813e                l2capProcessConnectReq
 .text.l2capParseConnectRsp
                0x000000000000823a       0x5e E:\chelou\CH573\EVTEVT\EVT\EXAM\BLE\LIB\libCH57xBLE.a(l2cap_input.o)
                0x000000000000823a                l2capParseConnectRsp
 .text.l2capParseSignalHdr
                0x0000000000008298       0x22 E:\chelou\CH573\EVTEVT\EVT\EXAM\BLE\LIB\libCH57xBLE.a(l2cap_input.o)
                0x0000000000008298                l2capParseSignalHdr
 .text.l2capParsePacket
                0x00000000000082ba       0x8c E:\chelou\CH573\EVTEVT\EVT\EXAM\BLE\LIB\libCH57xBLE.a(l2cap_input.o)
                0x00000000000082ba                l2capParsePacket
 .text.l2capProcessReq
                0x0000000000008346      0x15a E:\chelou\CH573\EVTEVT\EVT\EXAM\BLE\LIB\libCH57xBLE.a(l2cap_input.o)
                0x0000000000008346                l2capProcessReq
 .text.l2capProcessRsp
                0x00000000000084a0      0x150 E:\chelou\CH573\EVTEVT\EVT\EXAM\BLE\LIB\libCH57xBLE.a(l2cap_input.o)
                0x00000000000084a0                l2capProcessRsp
 .text.l2capProcessRxData
                0x00000000000085f0       0xf8 E:\chelou\CH573\EVTEVT\EVT\EXAM\BLE\LIB\libCH57xBLE.a(l2cap_input.o)
                0x00000000000085f0                l2capProcessRxData
 .text.l2capNotifyData
                0x00000000000086e8       0x5a E:\chelou\CH573\EVTEVT\EVT\EXAM\BLE\LIB\libCH57xBLE.a(l2cap_output.o)
                0x00000000000086e8                l2capNotifyData
 .text.l2capNotifySignal
                0x0000000000008742       0x76 E:\chelou\CH573\EVTEVT\EVT\EXAM\BLE\LIB\libCH57xBLE.a(l2cap_output.o)
                0x0000000000008742                l2capNotifySignal
 .text.l2capNotifyCreditEvt
                0x00000000000087b8       0x9c E:\chelou\CH573\EVTEVT\EVT\EXAM\BLE\LIB\libCH57xBLE.a(l2cap_output.o)
                0x00000000000087b8                l2capNotifyCreditEvt
 .text.l2capNotifyChannelEstEvt
                0x0000000000008854       0x58 E:\chelou\CH573\EVTEVT\EVT\EXAM\BLE\LIB\libCH57xBLE.a(l2cap_output.o)
                0x0000000000008854                l2capNotifyChannelEstEvt
 .text.l2capNotifyChannelTermEvt
                0x00000000000088ac       0x3e E:\chelou\CH573\EVTEVT\EVT\EXAM\BLE\LIB\libCH57xBLE.a(l2cap_output.o)
                0x00000000000088ac                l2capNotifyChannelTermEvt
 .text.l2capNotifyEvent
                0x00000000000088ea       0x66 E:\chelou\CH573\EVTEVT\EVT\EXAM\BLE\LIB\libCH57xBLE.a(l2cap_output.o)
                0x00000000000088ea                l2capNotifyEvent
 .text.l2capStoreFCPkt
                0x0000000000008950       0x32 E:\chelou\CH573\EVTEVT\EVT\EXAM\BLE\LIB\libCH57xBLE.a(l2cap_output.o)
                0x0000000000008950                l2capStoreFCPkt
 .text.l2capFreeTxSDU
                0x0000000000008982       0x9a E:\chelou\CH573\EVTEVT\EVT\EXAM\BLE\LIB\libCH57xBLE.a(l2cap_output.o)
                0x0000000000008982                l2capFreeTxSDU
 .text.l2capReassembleSegment
                0x0000000000008a1c      0x174 E:\chelou\CH573\EVTEVT\EVT\EXAM\BLE\LIB\libCH57xBLE.a(l2cap_output.o)
                0x0000000000008a1c                l2capReassembleSegment
 .text.l2capEncapSendData
                0x0000000000008b90       0xec E:\chelou\CH573\EVTEVT\EVT\EXAM\BLE\LIB\libCH57xBLE.a(l2cap_output.o)
                0x0000000000008b90                l2capEncapSendData
 .text.l2capSendFCPkt.part.3
                0x0000000000008c7c       0x70 E:\chelou\CH573\EVTEVT\EVT\EXAM\BLE\LIB\libCH57xBLE.a(l2cap_output.o)
 .text.l2capSendSegment
                0x0000000000008cec      0x108 E:\chelou\CH573\EVTEVT\EVT\EXAM\BLE\LIB\libCH57xBLE.a(l2cap_output.o)
                0x0000000000008cec                l2capSendSegment
 .text.l2capSendNextSegment
                0x0000000000008df4       0xb4 E:\chelou\CH573\EVTEVT\EVT\EXAM\BLE\LIB\libCH57xBLE.a(l2cap_output.o)
                0x0000000000008df4                l2capSendNextSegment
 .text.l2capSendPkt
                0x0000000000008ea8       0x3a E:\chelou\CH573\EVTEVT\EVT\EXAM\BLE\LIB\libCH57xBLE.a(l2cap_output.o)
                0x0000000000008ea8                l2capSendPkt
 .text.L2CAP_SendData
                0x0000000000008ee2       0x82 E:\chelou\CH573\EVTEVT\EVT\EXAM\BLE\LIB\libCH57xBLE.a(l2cap_output.o)
                0x0000000000008ee2                L2CAP_SendData
 .text.l2capSendCmd
                0x0000000000008f64       0x8a E:\chelou\CH573\EVTEVT\EVT\EXAM\BLE\LIB\libCH57xBLE.a(l2cap_output.o)
                0x0000000000008f64                l2capSendCmd
 .text.l2capSendReq
                0x0000000000008fee       0xbc E:\chelou\CH573\EVTEVT\EVT\EXAM\BLE\LIB\libCH57xBLE.a(l2cap_output.o)
                0x0000000000008fee                l2capSendReq
 .text.l2capBuildDisconnectReq
                0x00000000000090aa       0x28 E:\chelou\CH573\EVTEVT\EVT\EXAM\BLE\LIB\libCH57xBLE.a(l2cap_sdu.o)
 .text.l2capBuildParamUpdateReq
                0x00000000000090d2       0x4c E:\chelou\CH573\EVTEVT\EVT\EXAM\BLE\LIB\libCH57xBLE.a(l2cap_sdu.o)
 .text.l2capBuildParamUpdateRsp
                0x000000000000911e       0x16 E:\chelou\CH573\EVTEVT\EVT\EXAM\BLE\LIB\libCH57xBLE.a(l2cap_sdu.o)
 .text.l2capBuildConnectRsp
                0x0000000000009134       0x5e E:\chelou\CH573\EVTEVT\EVT\EXAM\BLE\LIB\libCH57xBLE.a(l2cap_sdu.o)
 .text.l2capBuildCmdReject
                0x0000000000009192       0x62 E:\chelou\CH573\EVTEVT\EVT\EXAM\BLE\LIB\libCH57xBLE.a(l2cap_sdu.o)
                0x0000000000009192                l2capBuildCmdReject
 .text.l2capBuildDisconnectRsp
                0x00000000000091f4       0x28 E:\chelou\CH573\EVTEVT\EVT\EXAM\BLE\LIB\libCH57xBLE.a(l2cap_sdu.o)
                0x00000000000091f4                l2capBuildDisconnectRsp
 .text.l2capSendConnectRsp
                0x000000000000921c       0xa2 E:\chelou\CH573\EVTEVT\EVT\EXAM\BLE\LIB\libCH57xBLE.a(l2cap_sdu.o)
                0x000000000000921c                l2capSendConnectRsp
 .text.L2CAP_CmdReject
                0x00000000000092be       0x12 E:\chelou\CH573\EVTEVT\EVT\EXAM\BLE\LIB\libCH57xBLE.a(l2cap_sdu.o)
                0x00000000000092be                L2CAP_CmdReject
 .text.L2CAP_DisconnectReq
                0x00000000000092d0       0x2a E:\chelou\CH573\EVTEVT\EVT\EXAM\BLE\LIB\libCH57xBLE.a(l2cap_sdu.o)
                0x00000000000092d0                L2CAP_DisconnectReq
 .text.L2CAP_ConnParamUpdateReq
                0x00000000000092fa       0x16 E:\chelou\CH573\EVTEVT\EVT\EXAM\BLE\LIB\libCH57xBLE.a(l2cap_sdu.o)
                0x00000000000092fa                L2CAP_ConnParamUpdateReq
 .text.L2CAP_ConnParamUpdateRsp
                0x0000000000009310       0x12 E:\chelou\CH573\EVTEVT\EVT\EXAM\BLE\LIB\libCH57xBLE.a(l2cap_sdu.o)
                0x0000000000009310                L2CAP_ConnParamUpdateRsp
 .text.reportStatusChange
                0x0000000000009322       0x3e E:\chelou\CH573\EVTEVT\EVT\EXAM\BLE\LIB\libCH57xBLE.a(linkdb.o)
 .text.linkDB_Init
                0x0000000000009360       0x88 E:\chelou\CH573\EVTEVT\EVT\EXAM\BLE\LIB\libCH57xBLE.a(linkdb.o)
                0x0000000000009360                linkDB_Init
 .text.linkDB_Find
                0x00000000000093e8       0x2c E:\chelou\CH573\EVTEVT\EVT\EXAM\BLE\LIB\libCH57xBLE.a(linkdb.o)
                0x00000000000093e8                linkDB_Find
 .text.linkDB_Authen
                0x0000000000009414       0x5c E:\chelou\CH573\EVTEVT\EVT\EXAM\BLE\LIB\libCH57xBLE.a(linkdb.o)
                0x0000000000009414                linkDB_Authen
 .text.linkDB_FindByAddr
                0x0000000000009470       0x76 E:\chelou\CH573\EVTEVT\EVT\EXAM\BLE\LIB\libCH57xBLE.a(linkdb.o)
                0x0000000000009470                linkDB_FindByAddr
 .text.linkDB_FindFirst
                0x00000000000094e6       0x38 E:\chelou\CH573\EVTEVT\EVT\EXAM\BLE\LIB\libCH57xBLE.a(linkdb.o)
                0x00000000000094e6                linkDB_FindFirst
 .text.linkDB_MTU
                0x000000000000951e       0x18 E:\chelou\CH573\EVTEVT\EVT\EXAM\BLE\LIB\libCH57xBLE.a(linkdb.o)
                0x000000000000951e                linkDB_MTU
 .text.linkDB_NumActive
                0x0000000000009536       0x2e E:\chelou\CH573\EVTEVT\EVT\EXAM\BLE\LIB\libCH57xBLE.a(linkdb.o)
                0x0000000000009536                linkDB_NumActive
 .text.linkDB_NumConns
                0x0000000000009564        0x6 E:\chelou\CH573\EVTEVT\EVT\EXAM\BLE\LIB\libCH57xBLE.a(linkdb.o)
                0x0000000000009564                linkDB_NumConns
 .text.linkDB_Register
                0x000000000000956a       0x28 E:\chelou\CH573\EVTEVT\EVT\EXAM\BLE\LIB\libCH57xBLE.a(linkdb.o)
                0x000000000000956a                linkDB_Register
 .text.linkDB_Remove
                0x0000000000009592       0x48 E:\chelou\CH573\EVTEVT\EVT\EXAM\BLE\LIB\libCH57xBLE.a(linkdb.o)
                0x0000000000009592                linkDB_Remove
 .text.linkDB_Role
                0x00000000000095da       0x18 E:\chelou\CH573\EVTEVT\EVT\EXAM\BLE\LIB\libCH57xBLE.a(linkdb.o)
                0x00000000000095da                linkDB_Role
 .text.linkDB_State
                0x00000000000095f2       0x30 E:\chelou\CH573\EVTEVT\EVT\EXAM\BLE\LIB\libCH57xBLE.a(linkdb.o)
                0x00000000000095f2                linkDB_State
 .text.linkDB_UpdateMTU
                0x0000000000009622       0x28 E:\chelou\CH573\EVTEVT\EVT\EXAM\BLE\LIB\libCH57xBLE.a(linkdb.o)
                0x0000000000009622                linkDB_UpdateMTU
 .text.linkDB_PerformFunc
                0x000000000000964a       0x52 E:\chelou\CH573\EVTEVT\EVT\EXAM\BLE\LIB\libCH57xBLE.a(linkdb.o)
                0x000000000000964a                linkDB_PerformFunc
 .text.linkDB_GetSMEvtID
                0x000000000000969c       0x58 E:\chelou\CH573\EVTEVT\EVT\EXAM\BLE\LIB\libCH57xBLE.a(linkdb.o)
                0x000000000000969c                linkDB_GetSMEvtID
 .text.linkDB_Add
                0x00000000000096f4       0xb2 E:\chelou\CH573\EVTEVT\EVT\EXAM\BLE\LIB\libCH57xBLE.a(linkdb.o)
                0x00000000000096f4                linkDB_Add
 .text.linkDB_GetHandleFromSMEvtID
                0x00000000000097a6       0x32 E:\chelou\CH573\EVTEVT\EVT\EXAM\BLE\LIB\libCH57xBLE.a(linkdb.o)
                0x00000000000097a6                linkDB_GetHandleFromSMEvtID
 .text.linkDB_GetPairingParam
                0x00000000000097d8       0x54 E:\chelou\CH573\EVTEVT\EVT\EXAM\BLE\LIB\libCH57xBLE.a(linkdb.o)
                0x00000000000097d8                linkDB_GetPairingParam
 .text.linkDB_NeedSendKey
                0x000000000000982c       0x42 E:\chelou\CH573\EVTEVT\EVT\EXAM\BLE\LIB\libCH57xBLE.a(linkdb.o)
                0x000000000000982c                linkDB_NeedSendKey
 .text.smpBuildPairingFailed
                0x000000000000986e       0x1a E:\chelou\CH573\EVTEVT\EVT\EXAM\BLE\LIB\libCH57xBLE.a(sm.o)
                0x000000000000986e                smpBuildPairingFailed
 .text.SM_StartEncryption
                0x0000000000009888       0x98 E:\chelou\CH573\EVTEVT\EVT\EXAM\BLE\LIB\libCH57xBLE.a(sm.o)
                0x0000000000009888                SM_StartEncryption
 .text.smpBuildEncInfo
                0x0000000000009920       0x30 E:\chelou\CH573\EVTEVT\EVT\EXAM\BLE\LIB\libCH57xBLE.a(sm.o)
                0x0000000000009920                smpBuildEncInfo
 .text.smpBuildIdentityAddrInfo
                0x0000000000009950       0x3a E:\chelou\CH573\EVTEVT\EVT\EXAM\BLE\LIB\libCH57xBLE.a(sm.o)
                0x0000000000009950                smpBuildIdentityAddrInfo
 .text.smpBuildIdentityInfo
                0x000000000000998a       0x30 E:\chelou\CH573\EVTEVT\EVT\EXAM\BLE\LIB\libCH57xBLE.a(sm.o)
                0x000000000000998a                smpBuildIdentityInfo
 .text.smpBuildMasterID
                0x00000000000099ba       0x44 E:\chelou\CH573\EVTEVT\EVT\EXAM\BLE\LIB\libCH57xBLE.a(sm.o)
                0x00000000000099ba                smpBuildMasterID
 .text.smpBuildPairingConfirm
                0x00000000000099fe       0x30 E:\chelou\CH573\EVTEVT\EVT\EXAM\BLE\LIB\libCH57xBLE.a(sm.o)
                0x00000000000099fe                smpBuildPairingConfirm
 .text.smpBuildPairingRandom
                0x0000000000009a2e       0x30 E:\chelou\CH573\EVTEVT\EVT\EXAM\BLE\LIB\libCH57xBLE.a(sm.o)
                0x0000000000009a2e                smpBuildPairingRandom
 .text.smpBuildSigningInfo
                0x0000000000009a5e       0x30 E:\chelou\CH573\EVTEVT\EVT\EXAM\BLE\LIB\libCH57xBLE.a(sm.o)
                0x0000000000009a5e                smpBuildSigningInfo
 .text.SM_ParamInit
                0x0000000000009a8e       0x5a E:\chelou\CH573\EVTEVT\EVT\EXAM\BLE\LIB\libCH57xBLE.a(sm.o)
                0x0000000000009a8e                SM_ParamInit
 .text.smDetermineKeySize
                0x0000000000009ae8       0x20 E:\chelou\CH573\EVTEVT\EVT\EXAM\BLE\LIB\libCH57xBLE.a(sm.o)
                0x0000000000009ae8                smDetermineKeySize
 .text.smProcessRandComplete
                0x0000000000009b08       0x9e E:\chelou\CH573\EVTEVT\EVT\EXAM\BLE\LIB\libCH57xBLE.a(sm.o)
                0x0000000000009b08                smProcessRandComplete
 .text.smSavePairInfo
                0x0000000000009ba6      0x186 E:\chelou\CH573\EVTEVT\EVT\EXAM\BLE\LIB\libCH57xBLE.a(sm.o)
                0x0000000000009ba6                smSavePairInfo
 .text.smSetPairingReqRsp
                0x0000000000009d2c       0x38 E:\chelou\CH573\EVTEVT\EVT\EXAM\BLE\LIB\libCH57xBLE.a(sm.o)
                0x0000000000009d2c                smSetPairingReqRsp
 .text.smStartEncryption
                0x0000000000009d64       0x16 E:\chelou\CH573\EVTEVT\EVT\EXAM\BLE\LIB\libCH57xBLE.a(sm.o)
                0x0000000000009d64                smStartEncryption
 .text.smStartRspTimer
                0x0000000000009d7a       0x36 E:\chelou\CH573\EVTEVT\EVT\EXAM\BLE\LIB\libCH57xBLE.a(sm.o)
                0x0000000000009d7a                smStartRspTimer
 .text.smSendSMMsg
                0x0000000000009db0       0x5c E:\chelou\CH573\EVTEVT\EVT\EXAM\BLE\LIB\libCH57xBLE.a(sm.o)
                0x0000000000009db0                smSendSMMsg
 .text.smGenerateConfirm
                0x0000000000009e0c       0x34 E:\chelou\CH573\EVTEVT\EVT\EXAM\BLE\LIB\libCH57xBLE.a(sm.o)
                0x0000000000009e0c                smGenerateConfirm
 .text.smGenerateRandMsg
                0x0000000000009e40       0x34 E:\chelou\CH573\EVTEVT\EVT\EXAM\BLE\LIB\libCH57xBLE.a(sm.o)
                0x0000000000009e40                smGenerateRandMsg
 .text.smPairingSendEncInfo
                0x0000000000009e74       0x10 E:\chelou\CH573\EVTEVT\EVT\EXAM\BLE\LIB\libCH57xBLE.a(sm.o)
                0x0000000000009e74                smPairingSendEncInfo
 .text.smPairingSendIdentityAddrInfo
                0x0000000000009e84       0x38 E:\chelou\CH573\EVTEVT\EVT\EXAM\BLE\LIB\libCH57xBLE.a(sm.o)
                0x0000000000009e84                smPairingSendIdentityAddrInfo
 .text.smPairingSendIdentityInfo
                0x0000000000009ebc       0x10 E:\chelou\CH573\EVTEVT\EVT\EXAM\BLE\LIB\libCH57xBLE.a(sm.o)
                0x0000000000009ebc                smPairingSendIdentityInfo
 .text.smPairingSendMasterID
                0x0000000000009ecc       0x38 E:\chelou\CH573\EVTEVT\EVT\EXAM\BLE\LIB\libCH57xBLE.a(sm.o)
                0x0000000000009ecc                smPairingSendMasterID
 .text.smPairingSendSingingInfo
                0x0000000000009f04       0x10 E:\chelou\CH573\EVTEVT\EVT\EXAM\BLE\LIB\libCH57xBLE.a(sm.o)
                0x0000000000009f04                smPairingSendSingingInfo
 .text.smInitiatorSendNextKeyInfo
                0x0000000000009f14      0x1c2 E:\chelou\CH573\EVTEVT\EVT\EXAM\BLE\LIB\libCH57xBLE.a(sm.o)
                0x0000000000009f14                smInitiatorSendNextKeyInfo
 .text.smResponderSendNextKeyInfo
                0x000000000000a0d6      0x216 E:\chelou\CH573\EVTEVT\EVT\EXAM\BLE\LIB\libCH57xBLE.a(sm.o)
                0x000000000000a0d6                smResponderSendNextKeyInfo
 .text.smGeneratePairingReqRsp
                0x000000000000a2ec       0x3e E:\chelou\CH573\EVTEVT\EVT\EXAM\BLE\LIB\libCH57xBLE.a(sm.o)
                0x000000000000a2ec                smGeneratePairingReqRsp
 .text.smStopRspTimer
                0x000000000000a32a        0xa E:\chelou\CH573\EVTEVT\EVT\EXAM\BLE\LIB\libCH57xBLE.a(sm.o)
                0x000000000000a32a                smStopRspTimer
 .text.smFreePairingParams
                0x000000000000a334       0x68 E:\chelou\CH573\EVTEVT\EVT\EXAM\BLE\LIB\libCH57xBLE.a(sm.o)
                0x000000000000a334                smFreePairingParams
 .text.smEndPairing
                0x000000000000a39c       0x5c E:\chelou\CH573\EVTEVT\EVT\EXAM\BLE\LIB\libCH57xBLE.a(sm.o)
                0x000000000000a39c                smEndPairing
 .text.setupInitiatorKeys
                0x000000000000a3f8       0x82 E:\chelou\CH573\EVTEVT\EVT\EXAM\BLE\LIB\libCH57xBLE.a(sm.o)
                0x000000000000a3f8                setupInitiatorKeys
 .text.smNextPairingState
                0x000000000000a47a       0x56 E:\chelou\CH573\EVTEVT\EVT\EXAM\BLE\LIB\libCH57xBLE.a(sm.o)
                0x000000000000a47a                smNextPairingState
 .text.smProcessEncryptChange
                0x000000000000a4d0       0xde E:\chelou\CH573\EVTEVT\EVT\EXAM\BLE\LIB\libCH57xBLE.a(sm.o)
                0x000000000000a4d0                smProcessEncryptChange
 .text.smSendFailAndEnd
                0x000000000000a5ae       0x38 E:\chelou\CH573\EVTEVT\EVT\EXAM\BLE\LIB\libCH57xBLE.a(sm.o)
                0x000000000000a5ae                smSendFailAndEnd
 .text.smProcessPairingReq
                0x000000000000a5e6       0x3c E:\chelou\CH573\EVTEVT\EVT\EXAM\BLE\LIB\libCH57xBLE.a(sm.o)
                0x000000000000a5e6                smProcessPairingReq
 .text.smLinkCheck
                0x000000000000a622       0x34 E:\chelou\CH573\EVTEVT\EVT\EXAM\BLE\LIB\libCH57xBLE.a(sm.o)
                0x000000000000a622                smLinkCheck
 .text.smTimedOut
                0x000000000000a656       0x20 E:\chelou\CH573\EVTEVT\EVT\EXAM\BLE\LIB\libCH57xBLE.a(sm.o)
                0x000000000000a656                smTimedOut
 .text.sm_ah    0x000000000000a676       0x80 E:\chelou\CH573\EVTEVT\EVT\EXAM\BLE\LIB\libCH57xBLE.a(sm.o)
                0x000000000000a676                sm_ah
 .text.sm_xor   0x000000000000a6f6       0x24 E:\chelou\CH573\EVTEVT\EVT\EXAM\BLE\LIB\libCH57xBLE.a(sm.o)
                0x000000000000a6f6                sm_xor
 .text.sm_c1new
                0x000000000000a71a      0x11c E:\chelou\CH573\EVTEVT\EVT\EXAM\BLE\LIB\libCH57xBLE.a(sm.o)
                0x000000000000a71a                sm_c1new
 .text.sm_s1    0x000000000000a836       0x86 E:\chelou\CH573\EVTEVT\EVT\EXAM\BLE\LIB\libCH57xBLE.a(sm.o)
                0x000000000000a836                sm_s1
 .text.smResponderProcessLTKReq
                0x000000000000a8bc      0x1e6 E:\chelou\CH573\EVTEVT\EVT\EXAM\BLE\LIB\libCH57xBLE.a(sm.o)
                0x000000000000a8bc                smResponderProcessLTKReq
 .text.xor_128  0x000000000000aaa2       0x28 E:\chelou\CH573\EVTEVT\EVT\EXAM\BLE\LIB\libCH57xBLE.a(sm.o)
                0x000000000000aaa2                xor_128
 .text.leftshift_onebit
                0x000000000000aaca       0x2e E:\chelou\CH573\EVTEVT\EVT\EXAM\BLE\LIB\libCH57xBLE.a(sm.o)
                0x000000000000aaca                leftshift_onebit
 .text.padding  0x000000000000aaf8       0x38 E:\chelou\CH573\EVTEVT\EVT\EXAM\BLE\LIB\libCH57xBLE.a(sm.o)
                0x000000000000aaf8                padding
 .text.generate_subkey
                0x000000000000ab30       0xd0 E:\chelou\CH573\EVTEVT\EVT\EXAM\BLE\LIB\libCH57xBLE.a(sm.o)
                0x000000000000ab30                generate_subkey
 .text.sm_CMAC  0x000000000000ac00      0x16e E:\chelou\CH573\EVTEVT\EVT\EXAM\BLE\LIB\libCH57xBLE.a(sm.o)
                0x000000000000ac00                sm_CMAC
 .text.smpBuildPairingReqRsp
                0x000000000000ad6e       0xc6 E:\chelou\CH573\EVTEVT\EVT\EXAM\BLE\LIB\libCH57xBLE.a(sm.o)
                0x000000000000ad6e                smpBuildPairingReqRsp
 .text.smpBuildPairingReq
                0x000000000000ae34        0xa E:\chelou\CH573\EVTEVT\EVT\EXAM\BLE\LIB\libCH57xBLE.a(sm.o)
                0x000000000000ae34                smpBuildPairingReq
 .text.smpBuildPairingRsp
                0x000000000000ae3e        0xa E:\chelou\CH573\EVTEVT\EVT\EXAM\BLE\LIB\libCH57xBLE.a(sm.o)
                0x000000000000ae3e                smpBuildPairingRsp
 .text.sm_c1    0x000000000000ae48       0xb4 E:\chelou\CH573\EVTEVT\EVT\EXAM\BLE\LIB\libCH57xBLE.a(sm.o)
                0x000000000000ae48                sm_c1
 .text.smpInitiatorProcessPairingRsp
                0x000000000000aefc      0x116 E:\chelou\CH573\EVTEVT\EVT\EXAM\BLE\LIB\libCH57xBLE.a(sm.o)
                0x000000000000aefc                smpInitiatorProcessPairingRsp
 .text.smpInitiatorProcessIncoming
                0x000000000000b012      0x23e E:\chelou\CH573\EVTEVT\EVT\EXAM\BLE\LIB\libCH57xBLE.a(sm.o)
                0x000000000000b012                smpInitiatorProcessIncoming
 .text.smpParseEncInfo
                0x000000000000b250       0x2a E:\chelou\CH573\EVTEVT\EVT\EXAM\BLE\LIB\libCH57xBLE.a(sm.o)
                0x000000000000b250                smpParseEncInfo
 .text.smpParseIdentityAddrInfo
                0x000000000000b27a       0x34 E:\chelou\CH573\EVTEVT\EVT\EXAM\BLE\LIB\libCH57xBLE.a(sm.o)
                0x000000000000b27a                smpParseIdentityAddrInfo
 .text.smpParseIdentityInfo
                0x000000000000b2ae       0x2a E:\chelou\CH573\EVTEVT\EVT\EXAM\BLE\LIB\libCH57xBLE.a(sm.o)
                0x000000000000b2ae                smpParseIdentityInfo
 .text.smpParseMasterID
                0x000000000000b2d8       0x3c E:\chelou\CH573\EVTEVT\EVT\EXAM\BLE\LIB\libCH57xBLE.a(sm.o)
                0x000000000000b2d8                smpParseMasterID
 .text.smpParsePairingConfirm
                0x000000000000b314       0x2a E:\chelou\CH573\EVTEVT\EVT\EXAM\BLE\LIB\libCH57xBLE.a(sm.o)
                0x000000000000b314                smpParsePairingConfirm
 .text.smpParsePairingFailed
                0x000000000000b33e       0x22 E:\chelou\CH573\EVTEVT\EVT\EXAM\BLE\LIB\libCH57xBLE.a(sm.o)
                0x000000000000b33e                smpParsePairingFailed
 .text.smpParsePairingRandom
                0x000000000000b360       0x2a E:\chelou\CH573\EVTEVT\EVT\EXAM\BLE\LIB\libCH57xBLE.a(sm.o)
                0x000000000000b360                smpParsePairingRandom
 .text.smpParsePairingReq
                0x000000000000b38a      0x118 E:\chelou\CH573\EVTEVT\EVT\EXAM\BLE\LIB\libCH57xBLE.a(sm.o)
                0x000000000000b38a                smpParsePairingReq
 .text.smpParseSigningInfo
                0x000000000000b4a2       0x2a E:\chelou\CH573\EVTEVT\EVT\EXAM\BLE\LIB\libCH57xBLE.a(sm.o)
                0x000000000000b4a2                smpParseSigningInfo
 .text.smProcessDataMsg
                0x000000000000b4cc       0xec E:\chelou\CH573\EVTEVT\EVT\EXAM\BLE\LIB\libCH57xBLE.a(sm.o)
                0x000000000000b4cc                smProcessDataMsg
 .text.smProcessTMOSMsg
                0x000000000000b5b8       0xd4 E:\chelou\CH573\EVTEVT\EVT\EXAM\BLE\LIB\libCH57xBLE.a(sm.o)
                0x000000000000b5b8                smProcessTMOSMsg
 .text.smpResponderProcessPairingReq
                0x000000000000b68c       0xd6 E:\chelou\CH573\EVTEVT\EVT\EXAM\BLE\LIB\libCH57xBLE.a(sm.o)
                0x000000000000b68c                smpResponderProcessPairingReq
 .text.smpResponderProcessIncoming
                0x000000000000b762      0x24c E:\chelou\CH573\EVTEVT\EVT\EXAM\BLE\LIB\libCH57xBLE.a(sm.o)
                0x000000000000b762                smpResponderProcessIncoming
 .text.SM_CalcRandomAddr
                0x000000000000b9ae       0x54 E:\chelou\CH573\EVTEVT\EVT\EXAM\BLE\LIB\libCH57xBLE.a(sm.o)
                0x000000000000b9ae                SM_CalcRandomAddr
 .text.SM_GenerateAuthenSig
                0x000000000000ba02       0xda E:\chelou\CH573\EVTEVT\EVT\EXAM\BLE\LIB\libCH57xBLE.a(sm.o)
                0x000000000000ba02                SM_GenerateAuthenSig
 .text.SM_Init  0x000000000000badc       0x26 E:\chelou\CH573\EVTEVT\EVT\EXAM\BLE\LIB\libCH57xBLE.a(sm.o)
                0x000000000000badc                SM_Init
 .text.SM_InitiatorInit
                0x000000000000bb02       0x1a E:\chelou\CH573\EVTEVT\EVT\EXAM\BLE\LIB\libCH57xBLE.a(sm.o)
                0x000000000000bb02                SM_InitiatorInit
 .text.SM_PasskeyUpdate
                0x000000000000bb1c       0xc8 E:\chelou\CH573\EVTEVT\EVT\EXAM\BLE\LIB\libCH57xBLE.a(sm.o)
                0x000000000000bb1c                SM_PasskeyUpdate
 .text.SM_ProcessEvent
                0x000000000000bbe4       0x9e E:\chelou\CH573\EVTEVT\EVT\EXAM\BLE\LIB\libCH57xBLE.a(sm.o)
                0x000000000000bbe4                SM_ProcessEvent
 .text.SM_ResolveRandomAddrs
                0x000000000000bc82       0x5a E:\chelou\CH573\EVTEVT\EVT\EXAM\BLE\LIB\libCH57xBLE.a(sm.o)
                0x000000000000bc82                SM_ResolveRandomAddrs
 .text.SM_ResponderInit
                0x000000000000bcdc       0x1a E:\chelou\CH573\EVTEVT\EVT\EXAM\BLE\LIB\libCH57xBLE.a(sm.o)
                0x000000000000bcdc                SM_ResponderInit
 .text.SM_StartPairing
                0x000000000000bcf6       0xcc E:\chelou\CH573\EVTEVT\EVT\EXAM\BLE\LIB\libCH57xBLE.a(sm.o)
                0x000000000000bcf6                SM_StartPairing
 .text.SM_VerifyAuthenSig
                0x000000000000bdc2      0x138 E:\chelou\CH573\EVTEVT\EVT\EXAM\BLE\LIB\libCH57xBLE.a(sm.o)
                0x000000000000bdc2                SM_VerifyAuthenSig
 .text.HOST_LE_ConnectionCompleteEvent
                0x000000000000befa       0xc2 E:\chelou\CH573\EVTEVT\EVT\EXAM\BLE\LIB\libCH57xBLE.a(host_input.o)
                0x000000000000befa                HOST_LE_ConnectionCompleteEvent
 .text.HOST_LE_ConnectionUpdateCompleteEvent
                0x000000000000bfbc       0x5c E:\chelou\CH573\EVTEVT\EVT\EXAM\BLE\LIB\libCH57xBLE.a(host_input.o)
                0x000000000000bfbc                HOST_LE_ConnectionUpdateCompleteEvent
 .text.HOST_LE_ReadRemoteUsedFeaturesCompleteEvent
                0x000000000000c018       0x62 E:\chelou\CH573\EVTEVT\EVT\EXAM\BLE\LIB\libCH57xBLE.a(host_input.o)
                0x000000000000c018                HOST_LE_ReadRemoteUsedFeaturesCompleteEvent
 .text.HOST_LE_LongTermKeyRequestEvent
                0x000000000000c07a       0x60 E:\chelou\CH573\EVTEVT\EVT\EXAM\BLE\LIB\libCH57xBLE.a(host_input.o)
                0x000000000000c07a                HOST_LE_LongTermKeyRequestEvent
 .text.HOST_LE_RemoteConnectionParameterRequestEvent
                0x000000000000c0da       0x5c E:\chelou\CH573\EVTEVT\EVT\EXAM\BLE\LIB\libCH57xBLE.a(host_input.o)
                0x000000000000c0da                HOST_LE_RemoteConnectionParameterRequestEvent
 .text.HOST_RemoteConnectionParameterRequestEvent
                0x000000000000c136       0x42 E:\chelou\CH573\EVTEVT\EVT\EXAM\BLE\LIB\libCH57xBLE.a(host_input.o)
                0x000000000000c136                HOST_RemoteConnectionParameterRequestEvent
 .text.HOST_LE_DataLengthChangeEvent
                0x000000000000c178       0x5c E:\chelou\CH573\EVTEVT\EVT\EXAM\BLE\LIB\libCH57xBLE.a(host_input.o)
                0x000000000000c178                HOST_LE_DataLengthChangeEvent
 .text.HOST_LE_EnhancedConnectionCompleteEvent
                0x000000000000c1d4      0x118 E:\chelou\CH573\EVTEVT\EVT\EXAM\BLE\LIB\libCH57xBLE.a(host_input.o)
                0x000000000000c1d4                HOST_LE_EnhancedConnectionCompleteEvent
 .text.HOST_DisconnectionCompleteEvent
                0x000000000000c2ec       0x44 E:\chelou\CH573\EVTEVT\EVT\EXAM\BLE\LIB\libCH57xBLE.a(host_input.o)
                0x000000000000c2ec                HOST_DisconnectionCompleteEvent
 .text.HOST_EncryptionChangeEvent
                0x000000000000c330       0x4c E:\chelou\CH573\EVTEVT\EVT\EXAM\BLE\LIB\libCH57xBLE.a(host_input.o)
                0x000000000000c330                HOST_EncryptionChangeEvent
 .text.HOST_ReadRemoteVersionInfoEvent
                0x000000000000c37c       0x56 E:\chelou\CH573\EVTEVT\EVT\EXAM\BLE\LIB\libCH57xBLE.a(host_input.o)
                0x000000000000c37c                HOST_ReadRemoteVersionInfoEvent
 .text.HOST_CommandCompleteEvent
                0x000000000000c3d2       0x5e E:\chelou\CH573\EVTEVT\EVT\EXAM\BLE\LIB\libCH57xBLE.a(host_input.o)
                0x000000000000c3d2                HOST_CommandCompleteEvent
 .text.HOST_CommandStatusEvent
                0x000000000000c430       0x44 E:\chelou\CH573\EVTEVT\EVT\EXAM\BLE\LIB\libCH57xBLE.a(host_input.o)
                0x000000000000c430                HOST_CommandStatusEvent
 .text.HOST_DataBufferOverflowEvent
                0x000000000000c474       0x3a E:\chelou\CH573\EVTEVT\EVT\EXAM\BLE\LIB\libCH57xBLE.a(host_input.o)
                0x000000000000c474                HOST_DataBufferOverflowEvent
 .text.HOST_EncryptionKeyRefreshCompleteEvent
                0x000000000000c4ae       0x46 E:\chelou\CH573\EVTEVT\EVT\EXAM\BLE\LIB\libCH57xBLE.a(host_input.o)
                0x000000000000c4ae                HOST_EncryptionKeyRefreshCompleteEvent
 .text.HOST_NumberOfCompletedPacketsEvent
                0x000000000000c4f4       0x40 E:\chelou\CH573\EVTEVT\EVT\EXAM\BLE\LIB\libCH57xBLE.a(host_input.o)
                0x000000000000c4f4                HOST_NumberOfCompletedPacketsEvent
 .text.HOST_RecvDataPackets
                0x000000000000c534      0x1c6 E:\chelou\CH573\EVTEVT\EVT\EXAM\BLE\LIB\libCH57xBLE.a(host_input.o)
                0x000000000000c534                HOST_RecvDataPackets
 .text.HCI_DisconnectCmd
                0x000000000000c6fa        0x4 E:\chelou\CH573\EVTEVT\EVT\EXAM\BLE\LIB\libCH57xBLE.a(host_output.o)
                0x000000000000c6fa                HCI_DisconnectCmd
 .text.HCI_MB_DisconnectCmd
                0x000000000000c6fe        0x4 E:\chelou\CH573\EVTEVT\EVT\EXAM\BLE\LIB\libCH57xBLE.a(host_output.o)
                0x000000000000c6fe                HCI_MB_DisconnectCmd
 .text.HCI_HostNumCompletedPktCmd
                0x000000000000c702       0x10 E:\chelou\CH573\EVTEVT\EVT\EXAM\BLE\LIB\libCH57xBLE.a(host_output.o)
                0x000000000000c702                HCI_HostNumCompletedPktCmd
 .text.HCI_ReadBDADDRCmd
                0x000000000000c712        0x4 E:\chelou\CH573\EVTEVT\EVT\EXAM\BLE\LIB\libCH57xBLE.a(host_output.o)
                0x000000000000c712                HCI_ReadBDADDRCmd
 .text.HCI_LE_ReadBufSizeCmd
                0x000000000000c716        0x4 E:\chelou\CH573\EVTEVT\EVT\EXAM\BLE\LIB\libCH57xBLE.a(host_output.o)
                0x000000000000c716                HCI_LE_ReadBufSizeCmd
 .text.HCI_LE_SetRandomAddressCmd
                0x000000000000c71a        0x4 E:\chelou\CH573\EVTEVT\EVT\EXAM\BLE\LIB\libCH57xBLE.a(host_output.o)
                0x000000000000c71a                HCI_LE_SetRandomAddressCmd
 .text.HCI_LE_SetAdvParamCmd
                0x000000000000c71e        0x4 E:\chelou\CH573\EVTEVT\EVT\EXAM\BLE\LIB\libCH57xBLE.a(host_output.o)
                0x000000000000c71e                HCI_LE_SetAdvParamCmd
 .text.HCI_LE_SetAdvDataCmd
                0x000000000000c722        0x4 E:\chelou\CH573\EVTEVT\EVT\EXAM\BLE\LIB\libCH57xBLE.a(host_output.o)
                0x000000000000c722                HCI_LE_SetAdvDataCmd
 .text.HCI_LE_SetScanRspDataCmd
                0x000000000000c726        0x4 E:\chelou\CH573\EVTEVT\EVT\EXAM\BLE\LIB\libCH57xBLE.a(host_output.o)
                0x000000000000c726                HCI_LE_SetScanRspDataCmd
 .text.HCI_LE_SetAdvEnableCmd
                0x000000000000c72a        0x4 E:\chelou\CH573\EVTEVT\EVT\EXAM\BLE\LIB\libCH57xBLE.a(host_output.o)
                0x000000000000c72a                HCI_LE_SetAdvEnableCmd
 .text.HCI_LE_SetScanEnableCmd
                0x000000000000c72e        0x4 E:\chelou\CH573\EVTEVT\EVT\EXAM\BLE\LIB\libCH57xBLE.a(host_output.o)
                0x000000000000c72e                HCI_LE_SetScanEnableCmd
 .text.HCI_LE_CreateConnCancelCmd
                0x000000000000c732        0x4 E:\chelou\CH573\EVTEVT\EVT\EXAM\BLE\LIB\libCH57xBLE.a(host_output.o)
                0x000000000000c732                HCI_LE_CreateConnCancelCmd
 .text.HCI_LE_ClearWhiteListCmd
                0x000000000000c736        0x4 E:\chelou\CH573\EVTEVT\EVT\EXAM\BLE\LIB\libCH57xBLE.a(host_output.o)
                0x000000000000c736                HCI_LE_ClearWhiteListCmd
 .text.HCI_LE_AddWhiteListCmd
                0x000000000000c73a        0x4 E:\chelou\CH573\EVTEVT\EVT\EXAM\BLE\LIB\libCH57xBLE.a(host_output.o)
                0x000000000000c73a                HCI_LE_AddWhiteListCmd
 .text.HCI_LE_ConnUpdateCmd
                0x000000000000c73e        0x4 E:\chelou\CH573\EVTEVT\EVT\EXAM\BLE\LIB\libCH57xBLE.a(host_output.o)
                0x000000000000c73e                HCI_LE_ConnUpdateCmd
 .text.HCI_LE_RandCmd
                0x000000000000c742        0x4 E:\chelou\CH573\EVTEVT\EVT\EXAM\BLE\LIB\libCH57xBLE.a(host_output.o)
                0x000000000000c742                HCI_LE_RandCmd
 .text.HCI_LE_StartEncyptCmd
                0x000000000000c746       0x10 E:\chelou\CH573\EVTEVT\EVT\EXAM\BLE\LIB\libCH57xBLE.a(host_output.o)
                0x000000000000c746                HCI_LE_StartEncyptCmd
 .text.HCI_LE_LtkReqReplyCmd
                0x000000000000c756        0x4 E:\chelou\CH573\EVTEVT\EVT\EXAM\BLE\LIB\libCH57xBLE.a(host_output.o)
                0x000000000000c756                HCI_LE_LtkReqReplyCmd
 .text.HCI_LE_LtkReqNegReplyCmd
                0x000000000000c75a        0x4 E:\chelou\CH573\EVTEVT\EVT\EXAM\BLE\LIB\libCH57xBLE.a(host_output.o)
                0x000000000000c75a                HCI_LE_LtkReqNegReplyCmd
 .text.HCI_LE_RemoteConnParamReqReplyCmd
                0x000000000000c75e        0x4 E:\chelou\CH573\EVTEVT\EVT\EXAM\BLE\LIB\libCH57xBLE.a(host_output.o)
                0x000000000000c75e                HCI_LE_RemoteConnParamReqReplyCmd
 .text.HCI_LE_RemoteConnParamReqNegReplyCmd
                0x000000000000c762        0x4 E:\chelou\CH573\EVTEVT\EVT\EXAM\BLE\LIB\libCH57xBLE.a(host_output.o)
                0x000000000000c762                HCI_LE_RemoteConnParamReqNegReplyCmd
 .text.HCI_LE_AddDeviceToResolvingList
                0x000000000000c766        0x4 E:\chelou\CH573\EVTEVT\EVT\EXAM\BLE\LIB\libCH57xBLE.a(host_output.o)
                0x000000000000c766                HCI_LE_AddDeviceToResolvingList
 .text.HCI_LE_ClearResolvingList
                0x000000000000c76a        0x4 E:\chelou\CH573\EVTEVT\EVT\EXAM\BLE\LIB\libCH57xBLE.a(host_output.o)
                0x000000000000c76a                HCI_LE_ClearResolvingList
 .text.HCI_LE_SetAddressResolvableEnableCmd
                0x000000000000c76e        0x4 E:\chelou\CH573\EVTEVT\EVT\EXAM\BLE\LIB\libCH57xBLE.a(host_output.o)
                0x000000000000c76e                HCI_LE_SetAddressResolvableEnableCmd
 .text.HCI_LE_SetResolvableAddressTimeoutCmd
                0x000000000000c772        0x4 E:\chelou\CH573\EVTEVT\EVT\EXAM\BLE\LIB\libCH57xBLE.a(host_output.o)
                0x000000000000c772                HCI_LE_SetResolvableAddressTimeoutCmd
 .text.HCI_SendDataPkt
                0x000000000000c776        0x4 E:\chelou\CH573\EVTEVT\EVT\EXAM\BLE\LIB\libCH57xBLE.a(host_output.o)
                0x000000000000c776                HCI_SendDataPkt
 .text.HCI_ValidConnTimeParams
                0x000000000000c77a       0x4c E:\chelou\CH573\EVTEVT\EVT\EXAM\BLE\LIB\libCH57xBLE.a(host_output.o)
                0x000000000000c77a                HCI_ValidConnTimeParams
 .text.ll_connect_get_slave_number
                0x000000000000c7c6       0x20 E:\chelou\CH573\EVTEVT\EVT\EXAM\BLE\LIB\libCH57xBLE.a(ll_connect.o)
                0x000000000000c7c6                ll_connect_get_slave_number
 .text.ll_connect_update_get_offset
                0x000000000000c7e6       0xa2 E:\chelou\CH573\EVTEVT\EVT\EXAM\BLE\LIB\libCH57xBLE.a(ll_connect.o)
                0x000000000000c7e6                ll_connect_update_get_offset
 .text.LL_GetNextConnectEventTime
                0x000000000000c888      0x12c E:\chelou\CH573\EVTEVT\EVT\EXAM\BLE\LIB\libCH57xBLE.a(ll_connect.o)
                0x000000000000c888                LL_GetNextConnectEventTime
 .text.LL_ConnectToStandby
                0x000000000000c9b4       0x80 E:\chelou\CH573\EVTEVT\EVT\EXAM\BLE\LIB\libCH57xBLE.a(ll_connect.o)
                0x000000000000c9b4                LL_ConnectToStandby
 .text.LL_ConnectShut
                0x000000000000ca34       0xe2 E:\chelou\CH573\EVTEVT\EVT\EXAM\BLE\LIB\libCH57xBLE.a(ll_connect.o)
                0x000000000000ca34                LL_ConnectShut
 .text.LL_CoreGetCore
                0x000000000000cb16       0x1c E:\chelou\CH573\EVTEVT\EVT\EXAM\BLE\LIB\libCH57xBLE.a(ll_core.o)
                0x000000000000cb16                LL_CoreGetCore
 .text.LL_CoreGetDataList
                0x000000000000cb32       0x36 E:\chelou\CH573\EVTEVT\EVT\EXAM\BLE\LIB\libCH57xBLE.a(ll_core.o)
                0x000000000000cb32                LL_CoreGetDataList
 .text.LL_CoreDataListFree
                0x000000000000cb68       0x30 E:\chelou\CH573\EVTEVT\EVT\EXAM\BLE\LIB\libCH57xBLE.a(ll_core.o)
                0x000000000000cb68                LL_CoreDataListFree
 .text.LL_CoreClose
                0x000000000000cb98       0x8a E:\chelou\CH573\EVTEVT\EVT\EXAM\BLE\LIB\libCH57xBLE.a(ll_core.o)
                0x000000000000cb98                LL_CoreClose
 .text.LL_CoreInit
                0x000000000000cc22       0x10 E:\chelou\CH573\EVTEVT\EVT\EXAM\BLE\LIB\libCH57xBLE.a(ll_core.o)
                0x000000000000cc22                LL_CoreInit
 .text.LL_ReportGenerateEvent
                0x000000000000cc32       0x42 E:\chelou\CH573\EVTEVT\EVT\EXAM\BLE\LIB\libCH57xBLE.a(ll_report.o)
                0x000000000000cc32                LL_ReportGenerateEvent
 .text.LL_ProcessTMOSReportMsg
                0x000000000000cc74      0x572 E:\chelou\CH573\EVTEVT\EVT\EXAM\BLE\LIB\libCH57xBLE.a(ll_report.o)
                0x000000000000cc74                LL_ProcessTMOSReportMsg
 .text.LL_ScanToStandby
                0x000000000000d1e6       0x9a E:\chelou\CH573\EVTEVT\EVT\EXAM\BLE\LIB\libCH57xBLE.a(ll_scan.o)
                0x000000000000d1e6                LL_ScanToStandby
 .text.LL_WhitelistLookup
                0x000000000000d280       0x4e E:\chelou\CH573\EVTEVT\EVT\EXAM\BLE\LIB\libCH57xBLE.a(ll_whitelist.o)
                0x000000000000d280                LL_WhitelistLookup
 .text.LL_WhitelistAdd
                0x000000000000d2ce       0xb4 E:\chelou\CH573\EVTEVT\EVT\EXAM\BLE\LIB\libCH57xBLE.a(ll_whitelist.o)
                0x000000000000d2ce                LL_WhitelistAdd
 .text.LL_WhitelistClearAll
                0x000000000000d382       0x4a E:\chelou\CH573\EVTEVT\EVT\EXAM\BLE\LIB\libCH57xBLE.a(ll_whitelist.o)
                0x000000000000d382                LL_WhitelistClearAll
 .text.LL_WhitelistInit
                0x000000000000d3cc       0x12 E:\chelou\CH573\EVTEVT\EVT\EXAM\BLE\LIB\libCH57xBLE.a(ll_whitelist.o)
                0x000000000000d3cc                LL_WhitelistInit
 .text.AES_DevAESEnc
                0x000000000000d3de      0x1a2 E:\chelou\CH573\EVTEVT\EVT\EXAM\BLE\LIB\libCH57xBLE.a(aes.o)
                0x000000000000d3de                AES_DevAESEnc
 .text.LL_Encrypt
                0x000000000000d580       0x10 E:\chelou\CH573\EVTEVT\EVT\EXAM\BLE\LIB\libCH57xBLE.a(aes.o)
                0x000000000000d580                LL_Encrypt
 .text.BB_DevInit
                0x000000000000d590       0xba E:\chelou\CH573\EVTEVT\EVT\EXAM\BLE\LIB\libCH57xBLE.a(bb.o)
                0x000000000000d590                BB_DevInit
 .text.DMA_DevInit
                0x000000000000d64a       0x48 E:\chelou\CH573\EVTEVT\EVT\EXAM\BLE\LIB\libCH57xBLE.a(dma.o)
                0x000000000000d64a                DMA_DevInit
 .text.ll_tx_wait_pkt_recv
                0x000000000000d692       0x24 E:\chelou\CH573\EVTEVT\EVT\EXAM\BLE\LIB\libCH57xBLE.a(ip.o)
                0x000000000000d692                ll_tx_wait_pkt_recv
 .text.ll_tx_set_wait_finish
                0x000000000000d6b6       0x2e E:\chelou\CH573\EVTEVT\EVT\EXAM\BLE\LIB\libCH57xBLE.a(ip.o)
                0x000000000000d6b6                ll_tx_set_wait_finish
 .text.ll_multi_states_check
                0x000000000000d6e4       0x34 E:\chelou\CH573\EVTEVT\EVT\EXAM\BLE\LIB\libCH57xBLE.a(ip.o)
                0x000000000000d6e4                ll_multi_states_check
 .text.ble_ll_hw_api_shut
                0x000000000000d718       0x56 E:\chelou\CH573\EVTEVT\EVT\EXAM\BLE\LIB\libCH57xBLE.a(ip.o)
                0x000000000000d718                ble_ll_hw_api_shut
 .text.ble_ll_hw_api_rx
                0x000000000000d76e       0xe0 E:\chelou\CH573\EVTEVT\EVT\EXAM\BLE\LIB\libCH57xBLE.a(ip.o)
                0x000000000000d76e                ble_ll_hw_api_rx
 .text.ll_multi_states_process
                0x000000000000d84e      0x114 E:\chelou\CH573\EVTEVT\EVT\EXAM\BLE\LIB\libCH57xBLE.a(ip.o)
                0x000000000000d84e                ll_multi_states_process
 .text.ll_hw_api_tx_direct_test